Loading configuration from: configs/oriented_rcnn/dota_le90_3x.json
Training log file: /home/jeffaudi/oriented-det/runs/oriented_rcnn/20260911-102320/train.log
================================================================================
ORIENTED_RCNN Training
================================================================================
Source git: v0.2.0-5-gd69ff87
Source branch: main
Source commit date: 2026-09-10T11:55:00+00:00
Package: oriented-det 0.1.0
PyTorch Version: 2.3.0+cu121
CUDA Available: True
MPS (Apple Silicon) Available: False
CUDA Device: NVIDIA L4
Mixed Precision (AMP): False

Checking dataset directories...
Train tiles (2 root(s)):
  /path/to/data/DOTA-v1.0-tiled/train
    Images exist: True
    Labels exist: True
  /path/to/data/DOTA-v1.0-tiled/val
    Images exist: True
    Labels exist: True

Val tiles (1 root(s)):
  /path/to/data/DOTA-v1.0-tiled/val
    Images exist: True
    Labels exist: True


Loading datasets...
DOTA filter_empty_gt (MMRotate-style):
  train: filter_empty_gt dropped 19464 / 33155 tiles (13691 kept)
  val: filter_empty_gt dropped 4548 / 7669 tiles (3121 kept)

Found 15 classes:
  0: baseball-diamond
  1: basketball-court
  2: bridge
  3: ground-track-field
  4: harbor
  5: helicopter
  6: large-vehicle
  7: plane
  8: roundabout
  9: ship
  10: small-vehicle
  11: soccer-ball-field
  12: storage-tank
  13: swimming-pool
  14: tennis-court

Number of classes (foreground): 15
Class mapping: {'baseball-diamond': 1, 'basketball-court': 2, 'bridge': 3, 'ground-track-field': 4, 'harbor': 5, 'helicopter': 6, 'large-vehicle': 7, 'plane': 8, 'roundabout': 9, 'ship': 10, 'small-vehicle': 11, 'soccer-ball-field': 12, 'storage-tank': 13, 'swimming-pool': 14, 'tennis-court': 15}

Analyzing class distribution in training set...

================================================================================
Class Distribution Analysis - Training Set
================================================================================
Total objects: 264,176
Total classes: 15

Class Name           Count        Percentage  
--------------------------------------------------------------------------------
ship                     82,131       31.09%
small-vehicle            63,156       23.91%
large-vehicle            45,972       17.40%
plane                    20,023        7.58%
harbor                   17,028        6.45%
storage-tank             14,971        5.67%
tennis-court              6,149        2.33%
swimming-pool             4,273        1.62%
bridge                    4,122        1.56%
helicopter                1,286        0.49%
basketball-court          1,269        0.48%
baseball-diamond          1,120        0.42%
roundabout                1,017        0.38%
soccer-ball-field           874        0.33%
ground-track-field          785        0.30%
--------------------------------------------------------------------------------

Imbalance Ratio (max/min): 104.63x
Most frequent class: ship (82,131 instances)
Least frequent class: ground-track-field (785 instances)

Class weighting disabled (loss_type=cross_entropy)

Loss configuration: cross_entropy


Training configuration created:
  Model type: oriented_rcnn
  Experiment timestamp: 20260911-102320
  Number of classes: 15
  Batch size: 2
  Learning rate: 0.005
  Epochs: 36

Creating collate functions...
  - Training: no Albumentations augmentation (flips: horizontal, vertical, diagonal; rotate off)
  - Validation: no augmentation

Creating data loaders...
Training samples: 13691
Validation samples: 3121
Batches per epoch: 6846

Creating model...
Using device: cuda

Complete ORIENTED_RCNN model created:
  Backbone: resnet50
  Number of classes: 15 (foreground)
  Pretrained backbone: True
  Trainable backbone layers: 3 (last 3 stages) (frozen_stages=1)
  RPN anchor reference angles (fixed horizontal priors, not configurable): ['0.0°']
  Anchor scales: [8]
  Anchor ratios: [0.5, 1.0, 2.0]
  FPN strides: [4, 8, 16, 32, 64]
  FPN levels: 5 (P2, P3, P4, P5, P6)
  ROI Loss Type: cross_entropy

  Total parameters: 41,311,978
  Trainable parameters: 41,089,578

Configuration saved to: /home/jeffaudi/oriented-det/runs/oriented_rcnn/20260911-102320/config.json

Learning rate warmup enabled: 500 optimizer steps
  Warmup: 0 → 0.005 over 500 steps
  After warmup: MultiStepLR at epochs [24, 33], gamma=0.1

Experiment directory: /home/jeffaudi/oriented-det/runs/oriented_rcnn/20260911-102320
TensorBoard logging enabled. Logs saved to: /home/jeffaudi/oriented-det/runs/oriented_rcnn/20260911-102320
View logs with: tensorboard --logdir /home/jeffaudi/oriented-det/runs/oriented_rcnn
View this experiment with: tensorboard --logdir /home/jeffaudi/oriented-det/runs/oriented_rcnn/20260911-102320

Training configuration:
  Epochs: 36
  Learning rate: 0.005000
  Batch size per GPU: 2
  Gradient accumulation: 1
  Best checkpoint metric: mAP (higher_is_better=True)
  Effective batch size: 2
  Mixed precision: False
  Eval (mAP / val matching): score_threshold=0.7, iou_threshold=0.5 (production.score_threshold overrides evaluation when set)
  Eval IoU backend (mAP / GT cover): exact CPU polygon
  Eval IoU backend (final mAP): exact CPU polygon

Starting training from scratch (no checkpoint loaded)

Starting epoch: 0

Profiling disabled

================================================================================
Starting training...
================================================================================
TensorBoard: tensorboard --logdir /home/jeffaudi/oriented-det/runs/oriented_rcnn
================================================================================

Training started at: 2026-09-11T10:23:58+00:00

Epoch 1/36
--------------------------------------------------
/home/jeffaudi/.pyenv/versions/3.12.12/envs/oriented-det/lib/python3.12/site-packages/torch/nn/modules/conv.py:456: UserWarning: Plan failed with a cudnnException: CUDNN_BACKEND_EXECUTION_PLAN_DESCRIPTOR: cudnnFinalize Descriptor Failed cudnn_status: CUDNN_STATUS_NOT_SUPPORTED (Triggered internally at ../aten/src/ATen/native/cudnn/Conv_v8.cpp:919.)
  return F.conv2d(input, weight, bias, self.stride,
Epoch 1/36 complete: 6846/6846 batches, loss: 0.7016
  Effective LR: ref=5.000e-03 (0=5.000e-03)
  ROI hints: pos=123.8, bg=1110.8, ignore=0.0, sampled_fg=63.8, sampled_bg=448.0, matched_gt=19.3, match_rate=100.00%
Validation complete: 1561 batches
Validation Metrics:
--------------------------------------------------
  Eval thresholds (mAP / matching): score≥0.7000, IoU≥0.50
  Avg Detections per Image (score≥0.7000): 10.20
  Avg Detections per Image (score≥0.5): 13.12
  Max detection score: 1.000
  Mean detection score: 0.481
  Time per Step: 0.2632
  Accuracy / GT cover: (skipped — computed on mAP epochs)
  Ground Truth objects: 57768
  mAP: (skipped)
  Ground Truth Classes: 15 classes
  Predicted Classes: 15 classes
  Timing: 3h 30m this epoch (avg 3h 30m) | ETA ~5d 2h 36m for 35 epoch(s) left, mAP every 4 epoch(s).

Epoch 2/36
--------------------------------------------------
Epoch 2/36 complete: 6846/6846 batches, loss: 0.6113
  Effective LR: ref=5.000e-03 (0=5.000e-03)
  ROI hints: pos=144.8, bg=1032.4, ignore=0.0, sampled_fg=69.4, sampled_bg=441.4, matched_gt=19.3, match_rate=100.00%
Validation complete: 1561 batches
Validation Metrics:
--------------------------------------------------
  Eval thresholds (mAP / matching): score≥0.7000, IoU≥0.50
  Avg Detections per Image (score≥0.7000): 9.96  ↓0.23
  Avg Detections per Image (score≥0.5): 13.10  ↓0.03
  Max detection score: 1.000
  Mean detection score: 0.501
  Time per Step: 0.2624  ↑0.0007
  Accuracy / GT cover: (skipped — computed on mAP epochs)
  Ground Truth objects: 57768
  mAP: (skipped)
  Ground Truth Classes: 15 classes
  Predicted Classes: 15 classes
  Timing: 3h 13m this epoch (avg 3h 21m) | ETA ~4d 18h 25m for 34 epoch(s) left, mAP every 4 epoch(s).

Epoch 3/36
--------------------------------------------------
Epoch 3/36 complete: 6846/6846 batches, loss: 0.5648
  Effective LR: ref=5.000e-03 (0=5.000e-03)
  ROI hints: pos=155.1, bg=990.2, ignore=0.0, sampled_fg=72.3, sampled_bg=437.1, matched_gt=19.3, match_rate=100.00%
Validation complete: 1561 batches
Validation Metrics:
--------------------------------------------------
  Eval thresholds (mAP / matching): score≥0.7000, IoU≥0.50
  Avg Detections per Image (score≥0.7000): 10.16  ↑0.20
  Avg Detections per Image (score≥0.5): 13.02  ↓0.08
  Max detection score: 1.000
  Mean detection score: 0.560
  Time per Step: 0.2552  ↑0.0072
  Accuracy / GT cover: (skipped — computed on mAP epochs)
  Ground Truth objects: 57768
  mAP: (skipped)
  Ground Truth Classes: 15 classes
  Predicted Classes: 15 classes
  Timing: 3h 5m this epoch (avg 3h 16m) | ETA ~4d 12h 7m for 33 epoch(s) left, mAP every 4 epoch(s).

Epoch 4/36
--------------------------------------------------
Epoch 4/36 complete: 6846/6846 batches, loss: 0.5345
  Effective LR: ref=5.000e-03 (0=5.000e-03)
  ROI hints: pos=161.2, bg=961.7, ignore=0.0, sampled_fg=74.2, sampled_bg=433.6, matched_gt=19.3, match_rate=100.00%

Computing mAP (periodic evaluation: every 4 epoch(s))...
Validation complete: 1561 batches

Computing mAP (this may take a while)...
  Eval filters: score≥0.7000, IoU≥0.50
  Images: 3,121
  Total detections (post score filter): 41,196 (13.2 per image)
  Total ground truths: 57,768 (18.5 per image)
mAP: exact rotated IoU on CPU (backend='shapely'; GPU sampling IoU disabled)
  Computing AP for basketball-court: 891 dets, 278 GTs (247,698 IoU calculations)
  Computing AP for bridge: 364 dets, 666 GTs (242,424 IoU calculations)
  Computing AP for harbor: 2,110 dets, 4,298 GTs (9,068,780 IoU calculations)
  WARNING: large-vehicle has 74,385,170 IoU calculations (7,915 dets × 9,398 GTs). This will be slow!
  Computing AP for large-vehicle: 7,915 dets, 9,398 GTs (74,385,170 IoU calculations)
    Using chunked batch IoU computation (CPU exact (shapely)) for large-vehicle (74,385,170 calculations)
    Processing 7,915 detections in chunks of 532
  WARNING: plane has 22,259,355 IoU calculations (4,705 dets × 4,731 GTs). This will be slow!
  Computing AP for plane: 4,705 dets, 4,731 GTs (22,259,355 IoU calculations)
    Using chunked batch IoU computation (CPU exact (shapely)) for plane (22,259,355 calculations)
    Processing 4,705 detections in chunks of 1,056
  WARNING: ship has 243,870,372 IoU calculations (13,158 dets × 18,534 GTs). This will be slow!
  Computing AP for ship: 13,158 dets, 18,534 GTs (243,870,372 IoU calculations)
    Using chunked batch IoU computation (CPU exact (shapely)) for ship (243,870,372 calculations)
    Processing 13,158 detections in chunks of 269
  WARNING: small-vehicle has 70,640,540 IoU calculations (6,220 dets × 11,357 GTs). This will be slow!
  Computing AP for small-vehicle: 6,220 dets, 11,357 GTs (70,640,540 IoU calculations)
    Using chunked batch IoU computation (CPU exact (shapely)) for small-vehicle (70,640,540 calculations)
    Processing 6,220 detections in chunks of 440
  WARNING: storage-tank has 13,694,382 IoU calculations (2,722 dets × 5,031 GTs). This will be slow!
  Computing AP for storage-tank: 2,722 dets, 5,031 GTs (13,694,382 IoU calculations)
    Using chunked batch IoU computation (CPU exact (shapely)) for storage-tank (13,694,382 calculations)
    Processing 2,722 detections in chunks of 993
  Computing AP for swimming-pool: 670 dets, 693 GTs (464,310 IoU calculations)
  Computing AP for tennis-court: 1,451 dets, 1,529 GTs (2,218,579 IoU calculations)
  mAP computation completed in 10m 51s. mAP: 0.5867
Validation Metrics:
--------------------------------------------------
  Eval thresholds (mAP / matching): score≥0.7000, IoU≥0.50
  Avg Detections per Image (score≥0.7000): 10.92  ↑0.76
  Avg Detections per Image (score≥0.5): 13.70  ↑0.68
  Max detection score: 1.000
  Mean detection score: 0.483
  Time per Step: 0.2571  ↓0.0019
  Accuracy: 0.8720 (87.20%)
  Correct Predictions: 35923/41196 (matched detections)
  Ground Truth objects: 57768
  GT covered pre-eval-threshold: 41979/57768
  GT covered post-eval-threshold: 35934/57768
  GT lost by eval-threshold filtering: 6045
  GT cover rate pre-eval-threshold: 72.67%
  GT cover rate post-eval-threshold: 62.20%
  GT IoU vs raw dets (eval IoU threshold=0.50; per-GT max IoU over all dets / over same-class dets):
    mean best IoU (any class): 0.5953, median: 0.7613
    mean best IoU (correct class): 0.5882, median: 0.7597
    per-class mean best IoU (raw detections):
      | class              | gts | mean_any | mean_same | med_same |
      |--------------------|-----:|----------:|-----------:|----------:|
      | baseball-diamond   | 364 |   0.6900 |    0.6769 |   0.7501 |
      | basketball-court   | 278 |   0.7829 |    0.7791 |   0.8184 |
      | bridge             | 665 |   0.5230 |    0.5214 |   0.6055 |
      | ground-track-field | 216 |   0.7398 |    0.6951 |   0.7901 |
      | harbor             | 4298 |   0.5809 |    0.5702 |   0.6679 |
      | helicopter         | 157 |   0.6610 |    0.4899 |   0.6695 |
      | large-vehicle      | 9398 |   0.7048 |    0.6913 |   0.7955 |
      | plane              | 4731 |   0.8029 |    0.8026 |   0.8484 |
      | roundabout         | 256 |   0.6495 |    0.6492 |   0.7555 |
      | ship               | 18534 |   0.5443 |    0.5437 |   0.7576 |
      | small-vehicle      | 11357 |   0.4796 |    0.4703 |   0.6755 |
      | soccer-ball-field  | 260 |   0.6881 |    0.6332 |   0.7363 |
      | storage-tank       | 5031 |   0.5524 |    0.5470 |   0.7562 |
      | swimming-pool      | 693 |   0.6038 |    0.6037 |   0.6677 |
      | tennis-court       | 1529 |   0.8584 |    0.8368 |   0.8963 |
      | global             | 57767 |   0.5953 |    0.5882 |   0.7597 |
    GTs with IoU≥thresh but no same-class hit (wrong-class / misaligned): 430
    GTs with no detection above IoU thresh (missed / poor loc): 15349
    GTs with 0% best IoU vs any detection (no spatial overlap): 10915 (18.89% of GTs)
    histogram best IoU (any class) [0,0.25)/[0.25,0.5)/[0.5,0.75)/[0.75,1]: 13608/1741/11895/30523
    histogram best IoU (correct class) [0,0.25)/[0.25,0.5)/[0.5,0.75)/[0.75,1]: 14163/1616/11731/30257
  Class-agnostic duplicate rate (post score thresh; IoU≥0.50 vs a higher-score box): micro=0.22% (90/41196 boxes), macro mean over images with detections=0.58% (2908 images)
  mAP: 0.5867 (58.67%)
  Per-Class AP:
    baseball-diamond: 0.5998 (59.98%)
    basketball-court: 0.8181 (81.81%)
    bridge: 0.4039 (40.39%)
    ground-track-field: 0.5993 (59.93%)
    harbor: 0.4344 (43.44%)
    helicopter: 0.2727 (27.27%)
    large-vehicle: 0.7031 (70.31%)
    plane: 0.8989 (89.89%)
    roundabout: 0.5275 (52.75%)
    ship: 0.6296 (62.96%)
    small-vehicle: 0.4248 (42.48%)
    soccer-ball-field: 0.5150 (51.50%)
    storage-tank: 0.5422 (54.22%)
    swimming-pool: 0.5268 (52.68%)
    tennis-court: 0.9044 (90.44%)
  Ground Truth Classes: 15 classes
  Predicted Classes: 15 classes
  Timing: 3h 13m this epoch (avg 3h 15m) | ETA ~4d 8h 27m for 32 epoch(s) left, mAP every 4 epoch(s).

Epoch 5/36
--------------------------------------------------
Epoch 5/36 complete: 6846/6846 batches, loss: 0.5124
  Effective LR: ref=5.000e-03 (0=5.000e-03)
  ROI hints: pos=165.1, bg=941.8, ignore=0.0, sampled_fg=75.5, sampled_bg=430.8, matched_gt=19.3, match_rate=100.00%
Validation complete: 1561 batches
Validation Metrics:
--------------------------------------------------
  Eval thresholds (mAP / matching): score≥0.7000, IoU≥0.50
  Avg Detections per Image (score≥0.7000): 11.01  ↑0.09
  Avg Detections per Image (score≥0.5): 13.59  ↓0.11
  Max detection score: 1.000
  Mean detection score: 0.629
  Time per Step: 0.2550  ↑0.0021
  Accuracy / GT cover: (skipped — computed on mAP epochs)
  Ground Truth objects: 57768
  mAP: (skipped)
  Ground Truth Classes: 15 classes
  Predicted Classes: 15 classes
  Timing: 2h 58m this epoch (avg 3h 12m) | ETA ~4d 3h 26m for 31 epoch(s) left, mAP every 4 epoch(s).

Epoch 6/36
--------------------------------------------------
Epoch 6/36 complete: 6846/6846 batches, loss: 0.4954
  Effective LR: ref=5.000e-03 (0=5.000e-03)
  ROI hints: pos=168.1, bg=925.6, ignore=0.0, sampled_fg=76.6, sampled_bg=428.3, matched_gt=19.3, match_rate=100.00%
Validation complete: 1561 batches
Validation Metrics:
--------------------------------------------------
  Eval thresholds (mAP / matching): score≥0.7000, IoU≥0.50
  Avg Detections per Image (score≥0.7000): 11.19  ↑0.18
  Avg Detections per Image (score≥0.5): 13.61  ↑0.03
  Max detection score: 1.000
  Mean detection score: 0.626
  Time per Step: 0.2527  ↑0.0023
  Accuracy / GT cover: (skipped — computed on mAP epochs)
  Ground Truth objects: 57768
  mAP: (skipped)
  Ground Truth Classes: 15 classes
  Predicted Classes: 15 classes
  Timing: 2h 56m this epoch (avg 3h 9m) | ETA ~3d 22h 55m for 30 epoch(s) left, mAP every 4 epoch(s).

Epoch 7/36
--------------------------------------------------
Epoch 7/36 complete: 6846/6846 batches, loss: 0.4818
  Effective LR: ref=5.000e-03 (0=5.000e-03)
  ROI hints: pos=170.2, bg=911.9, ignore=0.0, sampled_fg=77.4, sampled_bg=426.2, matched_gt=19.3, match_rate=100.00%
Validation complete: 1561 batches
Validation Metrics:
--------------------------------------------------
  Eval thresholds (mAP / matching): score≥0.7000, IoU≥0.50
  Avg Detections per Image (score≥0.7000): 11.37  ↑0.18
  Avg Detections per Image (score≥0.5): 13.70  ↑0.08
  Max detection score: 1.000
  Mean detection score: 0.633
  Time per Step: 0.2512  ↑0.0015
  Accuracy / GT cover: (skipped — computed on mAP epochs)
  Ground Truth objects: 57768
  mAP: (skipped)
  Ground Truth Classes: 15 classes
  Predicted Classes: 15 classes
  Timing: 2h 53m this epoch (avg 3h 7m) | ETA ~3d 18h 38m for 29 epoch(s) left, mAP every 4 epoch(s).

Epoch 8/36
--------------------------------------------------
Epoch 8/36 complete: 6846/6846 batches, loss: 0.4702
  Effective LR: ref=5.000e-03 (0=5.000e-03)
  ROI hints: pos=171.7, bg=901.2, ignore=0.0, sampled_fg=78.0, sampled_bg=424.3, matched_gt=19.3, match_rate=100.00%

Computing mAP (periodic evaluation: every 4 epoch(s))...
Validation complete: 1561 batches

Computing mAP (this may take a while)...
  Eval filters: score≥0.7000, IoU≥0.50
  Images: 3,121
  Total detections (post score filter): 38,579 (12.4 per image)
  Total ground truths: 57,768 (18.5 per image)
mAP: exact rotated IoU on CPU (backend='shapely'; GPU sampling IoU disabled)
  Computing AP for baseball-diamond: 295 dets, 364 GTs (107,380 IoU calculations)
  Computing AP for bridge: 362 dets, 666 GTs (241,092 IoU calculations)
  WARNING: harbor has 13,113,198 IoU calculations (3,051 dets × 4,298 GTs). This will be slow!
  Computing AP for harbor: 3,051 dets, 4,298 GTs (13,113,198 IoU calculations)
    Using chunked batch IoU computation (CPU exact (shapely)) for harbor (13,113,198 calculations)
    Processing 3,051 detections in chunks of 1,163
  WARNING: large-vehicle has 64,310,514 IoU calculations (6,843 dets × 9,398 GTs). This will be slow!
  Computing AP for large-vehicle: 6,843 dets, 9,398 GTs (64,310,514 IoU calculations)
    Using chunked batch IoU computation (CPU exact (shapely)) for large-vehicle (64,310,514 calculations)
    Processing 6,843 detections in chunks of 532
  WARNING: plane has 21,682,173 IoU calculations (4,583 dets × 4,731 GTs). This will be slow!
  Computing AP for plane: 4,583 dets, 4,731 GTs (21,682,173 IoU calculations)
    Using chunked batch IoU computation (CPU exact (shapely)) for plane (21,682,173 calculations)
    Processing 4,583 detections in chunks of 1,056
  WARNING: ship has 232,990,914 IoU calculations (12,571 dets × 18,534 GTs). This will be slow!
  Computing AP for ship: 12,571 dets, 18,534 GTs (232,990,914 IoU calculations)
    Using chunked batch IoU computation (CPU exact (shapely)) for ship (232,990,914 calculations)
    Processing 12,571 detections in chunks of 269
  WARNING: small-vehicle has 57,659,489 IoU calculations (5,077 dets × 11,357 GTs). This will be slow!
  Computing AP for small-vehicle: 5,077 dets, 11,357 GTs (57,659,489 IoU calculations)
    Using chunked batch IoU computation (CPU exact (shapely)) for small-vehicle (57,659,489 calculations)
    Processing 5,077 detections in chunks of 440
  WARNING: storage-tank has 14,212,575 IoU calculations (2,825 dets × 5,031 GTs). This will be slow!
  Computing AP for storage-tank: 2,825 dets, 5,031 GTs (14,212,575 IoU calculations)
    Using chunked batch IoU computation (CPU exact (shapely)) for storage-tank (14,212,575 calculations)
    Processing 2,825 detections in chunks of 993
  Computing AP for swimming-pool: 474 dets, 693 GTs (328,482 IoU calculations)
  Computing AP for tennis-court: 1,409 dets, 1,529 GTs (2,154,361 IoU calculations)
  mAP computation completed in 11m 22s. mAP: 0.6522
Validation Metrics:
--------------------------------------------------
  Eval thresholds (mAP / matching): score≥0.7000, IoU≥0.50
  Avg Detections per Image (score≥0.7000): 11.49  ↑0.12
  Avg Detections per Image (score≥0.5): 13.74  ↑0.04
  Max detection score: 1.000
  Mean detection score: 0.645
  Time per Step: 0.2494  ↑0.0018
  Accuracy: 0.9284 (92.84%)
  Correct Predictions: 35818/38579 (matched detections)
  Ground Truth objects: 57768
  GT covered pre-eval-threshold: 42672/57768
  GT covered post-eval-threshold: 35830/57768
  GT lost by eval-threshold filtering: 6842
  GT cover rate pre-eval-threshold: 73.87%
  GT cover rate post-eval-threshold: 62.02%
  GT IoU vs raw dets (eval IoU threshold=0.50; per-GT max IoU over all dets / over same-class dets):
    mean best IoU (any class): 0.6109, median: 0.7856
    mean best IoU (correct class): 0.6068, median: 0.7844
    per-class mean best IoU (raw detections):
      | class              | gts | mean_any | mean_same | med_same |
      |--------------------|-----:|----------:|-----------:|----------:|
      | baseball-diamond   | 364 |   0.7024 |    0.6978 |   0.7697 |
      | basketball-court   | 278 |   0.8181 |    0.8167 |   0.8532 |
      | bridge             | 662 |   0.5754 |    0.5709 |   0.6575 |
      | ground-track-field | 216 |   0.7697 |    0.7560 |   0.8371 |
      | harbor             | 4298 |   0.6289 |    0.6239 |   0.7190 |
      | helicopter         | 157 |   0.6792 |    0.6441 |   0.7147 |
      | large-vehicle      | 9397 |   0.7246 |    0.7161 |   0.8183 |
      | plane              | 4731 |   0.8141 |    0.8141 |   0.8662 |
      | roundabout         | 256 |   0.7146 |    0.7143 |   0.7971 |
      | ship               | 18534 |   0.5609 |    0.5602 |   0.7815 |
      | small-vehicle      | 11357 |   0.4709 |    0.4628 |   0.6902 |
      | soccer-ball-field  | 260 |   0.7440 |    0.7350 |   0.8135 |
      | storage-tank       | 5030 |   0.5804 |    0.5799 |   0.7848 |
      | swimming-pool      | 693 |   0.6145 |    0.6144 |   0.6795 |
      | tennis-court       | 1529 |   0.8643 |    0.8581 |   0.9072 |
      | global             | 57762 |   0.6109 |    0.6068 |   0.7844 |
    GTs with IoU≥thresh but no same-class hit (wrong-class / misaligned): 240
    GTs with no detection above IoU thresh (missed / poor loc): 14849
    GTs with 0% best IoU vs any detection (no spatial overlap): 11726 (20.30% of GTs)
    histogram best IoU (any class) [0,0.25)/[0.25,0.5)/[0.5,0.75)/[0.75,1]: 13780/1069/8954/33959
    histogram best IoU (correct class) [0,0.25)/[0.25,0.5)/[0.5,0.75)/[0.75,1]: 14057/1032/8922/33751
  Class-agnostic duplicate rate (post score thresh; IoU≥0.50 vs a higher-score box): micro=0.12% (46/38579 boxes), macro mean over images with detections=0.39% (2896 images)
  mAP: 0.6522  ↑0.0655 (65.22%)
  Per-Class AP:
    baseball-diamond: 0.6970  ↑0.0972 (69.70%)
    basketball-court: 0.8124  ↓0.0057 (81.24%)
    bridge: 0.4229  ↑0.0190 (42.29%)
    ground-track-field: 0.7824  ↑0.1831 (78.24%)
    harbor: 0.6110  ↑0.1766 (61.10%)
    helicopter: 0.5410  ↑0.2682 (54.10%)
    large-vehicle: 0.6218  ↓0.0813 (62.18%)
    plane: 0.9033  ↑0.0044 (90.33%)
    roundabout: 0.7101  ↑0.1826 (71.01%)
    ship: 0.6315  ↑0.0019 (63.15%)
    small-vehicle: 0.3454  ↓0.0794 (34.54%)
    soccer-ball-field: 0.7657  ↑0.2506 (76.57%)
    storage-tank: 0.5424  ↑0.0003 (54.24%)
    swimming-pool: 0.4876  ↓0.0391 (48.76%)
    tennis-court: 0.9088  ↑0.0044 (90.88%)
  Ground Truth Classes: 15 classes
  Predicted Classes: 15 classes
  Timing: 3h 5m this epoch (avg 3h 7m) | ETA ~3d 15h 24m for 28 epoch(s) left, mAP every 4 epoch(s).

Epoch 9/36
--------------------------------------------------
Epoch 9/36 complete: 6846/6846 batches, loss: 0.4605
  Effective LR: ref=5.000e-03 (0=5.000e-03)
  ROI hints: pos=173.0, bg=892.3, ignore=0.0, sampled_fg=78.6, sampled_bg=422.7, matched_gt=19.3, match_rate=100.00%
Validation complete: 1561 batches
Validation Metrics:
--------------------------------------------------
  Eval thresholds (mAP / matching): score≥0.7000, IoU≥0.50
  Avg Detections per Image (score≥0.7000): 11.67  ↑0.18
  Avg Detections per Image (score≥0.5): 13.85  ↑0.12
  Max detection score: 1.000
  Mean detection score: 0.593
  Time per Step: 0.2501  ↓0.0007
  Accuracy / GT cover: (skipped — computed on mAP epochs)
  Ground Truth objects: 57768
  mAP: (skipped)
  Ground Truth Classes: 15 classes
  Predicted Classes: 15 classes
  Timing: 2h 52m this epoch (avg 3h 5m) | ETA ~3d 11h 33m for 27 epoch(s) left, mAP every 4 epoch(s).

Epoch 10/36
--------------------------------------------------
Epoch 10/36 complete: 6846/6846 batches, loss: 0.4521
  Effective LR: ref=5.000e-03 (0=5.000e-03)
  ROI hints: pos=174.1, bg=883.8, ignore=0.0, sampled_fg=79.1, sampled_bg=421.1, matched_gt=19.3, match_rate=100.00%
Validation complete: 1561 batches
Validation Metrics:
--------------------------------------------------
  Eval thresholds (mAP / matching): score≥0.7000, IoU≥0.50
  Avg Detections per Image (score≥0.7000): 11.79  ↑0.12
  Avg Detections per Image (score≥0.5): 13.93  ↑0.07
  Max detection score: 1.000
  Mean detection score: 0.588
  Time per Step: 0.2496  ↑0.0005
  Accuracy / GT cover: (skipped — computed on mAP epochs)
  Ground Truth objects: 57768
  mAP: (skipped)
  Ground Truth Classes: 15 classes
  Predicted Classes: 15 classes
  Timing: 2h 50m this epoch (avg 3h 4m) | ETA ~3d 7h 48m for 26 epoch(s) left, mAP every 4 epoch(s).

Epoch 11/36
--------------------------------------------------
Epoch 11/36 complete: 6846/6846 batches, loss: 0.4447
  Effective LR: ref=5.000e-03 (0=5.000e-03)
  ROI hints: pos=174.9, bg=877.0, ignore=0.0, sampled_fg=79.5, sampled_bg=419.7, matched_gt=19.3, match_rate=100.00%
Validation complete: 1561 batches
Validation Metrics:
--------------------------------------------------
  Eval thresholds (mAP / matching): score≥0.7000, IoU≥0.50
  Avg Detections per Image (score≥0.7000): 11.78  ↓0.01
  Avg Detections per Image (score≥0.5): 13.94  ↑0.02
  Max detection score: 1.000
  Mean detection score: 0.645
  Time per Step: 0.2488  ↑0.0007
  Accuracy / GT cover: (skipped — computed on mAP epochs)
  Ground Truth objects: 57768
  mAP: (skipped)
  Ground Truth Classes: 15 classes
  Predicted Classes: 15 classes
  Timing: 2h 49m this epoch (avg 3h 2m) | ETA ~3d 4h 11m for 25 epoch(s) left, mAP every 4 epoch(s).

Epoch 12/36
--------------------------------------------------
Epoch 12/36 complete: 6846/6846 batches, loss: 0.4382
  Effective LR: ref=5.000e-03 (0=5.000e-03)
  ROI hints: pos=175.6, bg=870.6, ignore=0.0, sampled_fg=79.9, sampled_bg=418.5, matched_gt=19.3, match_rate=100.00%

Computing mAP (periodic evaluation: every 4 epoch(s))...
Validation complete: 1561 batches

Computing mAP (this may take a while)...
  Eval filters: score≥0.7000, IoU≥0.50
  Images: 3,121
  Total detections (post score filter): 36,240 (11.6 per image)
  Total ground truths: 57,768 (18.5 per image)
mAP: exact rotated IoU on CPU (backend='shapely'; GPU sampling IoU disabled)
  Computing AP for baseball-diamond: 350 dets, 364 GTs (127,400 IoU calculations)
  Computing AP for bridge: 297 dets, 666 GTs (197,802 IoU calculations)
  WARNING: harbor has 12,124,658 IoU calculations (2,821 dets × 4,298 GTs). This will be slow!
  Computing AP for harbor: 2,821 dets, 4,298 GTs (12,124,658 IoU calculations)
    Using chunked batch IoU computation (CPU exact (shapely)) for harbor (12,124,658 calculations)
    Processing 2,821 detections in chunks of 1,163
  WARNING: large-vehicle has 62,017,402 IoU calculations (6,599 dets × 9,398 GTs). This will be slow!
  Computing AP for large-vehicle: 6,599 dets, 9,398 GTs (62,017,402 IoU calculations)
    Using chunked batch IoU computation (CPU exact (shapely)) for large-vehicle (62,017,402 calculations)
    Processing 6,599 detections in chunks of 532
  WARNING: plane has 20,953,599 IoU calculations (4,429 dets × 4,731 GTs). This will be slow!
  Computing AP for plane: 4,429 dets, 4,731 GTs (20,953,599 IoU calculations)
    Using chunked batch IoU computation (CPU exact (shapely)) for plane (20,953,599 calculations)
    Processing 4,429 detections in chunks of 1,056
  WARNING: ship has 227,022,966 IoU calculations (12,249 dets × 18,534 GTs). This will be slow!
  Computing AP for ship: 12,249 dets, 18,534 GTs (227,022,966 IoU calculations)
    Using chunked batch IoU computation (CPU exact (shapely)) for ship (227,022,966 calculations)
    Processing 12,249 detections in chunks of 269
  WARNING: small-vehicle has 35,558,767 IoU calculations (3,131 dets × 11,357 GTs). This will be slow!
  Computing AP for small-vehicle: 3,131 dets, 11,357 GTs (35,558,767 IoU calculations)
    Using chunked batch IoU computation (CPU exact (shapely)) for small-vehicle (35,558,767 calculations)
    Processing 3,131 detections in chunks of 440
  WARNING: storage-tank has 16,873,974 IoU calculations (3,354 dets × 5,031 GTs). This will be slow!
  Computing AP for storage-tank: 3,354 dets, 5,031 GTs (16,873,974 IoU calculations)
    Using chunked batch IoU computation (CPU exact (shapely)) for storage-tank (16,873,974 calculations)
    Processing 3,354 detections in chunks of 993
  Computing AP for swimming-pool: 417 dets, 693 GTs (288,981 IoU calculations)
  Computing AP for tennis-court: 1,460 dets, 1,529 GTs (2,232,340 IoU calculations)
  mAP computation completed in 11m 35s. mAP: 0.6768
Validation Metrics:
--------------------------------------------------
  Eval thresholds (mAP / matching): score≥0.7000, IoU≥0.50
  Avg Detections per Image (score≥0.7000): 11.76  ↓0.01
  Avg Detections per Image (score≥0.5): 13.94  ↓0.01
  Max detection score: 1.000
  Mean detection score: 0.596
  Time per Step: 0.2482  ↑0.0006
  Accuracy: 0.9477 (94.77%)
  Correct Predictions: 34346/36240 (matched detections)
  Ground Truth objects: 57768
  GT covered pre-eval-threshold: 43436/57768
  GT covered post-eval-threshold: 34346/57768
  GT lost by eval-threshold filtering: 9090
  GT cover rate pre-eval-threshold: 75.19%
  GT cover rate post-eval-threshold: 59.46%
  GT IoU vs raw dets (eval IoU threshold=0.50; per-GT max IoU over all dets / over same-class dets):
    mean best IoU (any class): 0.6113, median: 0.7736
    mean best IoU (correct class): 0.6079, median: 0.7726
    per-class mean best IoU (raw detections):
      | class              | gts | mean_any | mean_same | med_same |
      |--------------------|-----:|----------:|-----------:|----------:|
      | baseball-diamond   | 364 |   0.7544 |    0.7520 |   0.7941 |
      | basketball-court   | 278 |   0.8336 |    0.8325 |   0.8534 |
      | bridge             | 665 |   0.6101 |    0.6056 |   0.6812 |
      | ground-track-field | 216 |   0.7997 |    0.7939 |   0.8546 |
      | harbor             | 4298 |   0.6467 |    0.6427 |   0.7400 |
      | helicopter         | 157 |   0.6743 |    0.6699 |   0.7316 |
      | large-vehicle      | 9398 |   0.7107 |    0.7002 |   0.7848 |
      | plane              | 4731 |   0.8169 |    0.8169 |   0.8620 |
      | roundabout         | 256 |   0.7455 |    0.7455 |   0.8164 |
      | ship               | 18533 |   0.5632 |    0.5624 |   0.7824 |
      | small-vehicle      | 11357 |   0.4675 |    0.4638 |   0.6489 |
      | soccer-ball-field  | 260 |   0.7705 |    0.7610 |   0.8479 |
      | storage-tank       | 5031 |   0.5798 |    0.5794 |   0.7851 |
      | swimming-pool      | 693 |   0.6042 |    0.6042 |   0.6739 |
      | tennis-court       | 1529 |   0.8654 |    0.8584 |   0.9016 |
      | global             | 57766 |   0.6113 |    0.6079 |   0.7726 |
    GTs with IoU≥thresh but no same-class hit (wrong-class / misaligned): 211
    GTs with no detection above IoU thresh (missed / poor loc): 14115
    GTs with 0% best IoU vs any detection (no spatial overlap): 10895 (18.86% of GTs)
    histogram best IoU (any class) [0,0.25)/[0.25,0.5)/[0.5,0.75)/[0.75,1]: 13073/1042/11365/32286
    histogram best IoU (correct class) [0,0.25)/[0.25,0.5)/[0.5,0.75)/[0.75,1]: 13306/1020/11317/32123
  Class-agnostic duplicate rate (post score thresh; IoU≥0.50 vs a higher-score box): micro=0.10% (35/36240 boxes), macro mean over images with detections=0.29% (2928 images)
  mAP: 0.6768  ↑0.0246 (67.68%)
  Per-Class AP:
    baseball-diamond: 0.7946  ↑0.0975 (79.46%)
    basketball-court: 0.8992  ↑0.0868 (89.92%)
    bridge: 0.4342  ↑0.0113 (43.42%)
    ground-track-field: 0.8010  ↑0.0187 (80.10%)
    harbor: 0.6143  ↑0.0032 (61.43%)
    helicopter: 0.6242  ↑0.0832 (62.42%)
    large-vehicle: 0.6288  ↑0.0070 (62.88%)
    plane: 0.9069  ↑0.0036 (90.69%)
    roundabout: 0.7949  ↑0.0848 (79.49%)
    ship: 0.6337  ↑0.0023 (63.37%)
    small-vehicle: 0.2579  ↓0.0875 (25.79%)
    soccer-ball-field: 0.7103  ↓0.0553 (71.03%)
    storage-tank: 0.6276  ↑0.0852 (62.76%)
    swimming-pool: 0.5160  ↑0.0284 (51.60%)
    tennis-court: 0.9090  ↑0.0002 (90.90%)
  Ground Truth Classes: 15 classes
  Predicted Classes: 15 classes
  Timing: 3h 1m this epoch (avg 3h 2m) | ETA ~3d 1h 5m for 24 epoch(s) left, mAP every 4 epoch(s).

Epoch 13/36
--------------------------------------------------
Epoch 13/36 complete: 6846/6846 batches, loss: 0.4323
  Effective LR: ref=5.000e-03 (0=5.000e-03)
  ROI hints: pos=176.3, bg=865.0, ignore=0.0, sampled_fg=80.2, sampled_bg=417.3, matched_gt=19.3, match_rate=100.00%
Validation complete: 1561 batches
Validation Metrics:
--------------------------------------------------
  Eval thresholds (mAP / matching): score≥0.7000, IoU≥0.50
  Avg Detections per Image (score≥0.7000): 11.86  ↑0.10
  Avg Detections per Image (score≥0.5): 14.00  ↑0.06
  Max detection score: 1.000
  Mean detection score: 0.603
  Time per Step: 0.2473  ↑0.0009
  Accuracy / GT cover: (skipped — computed on mAP epochs)
  Ground Truth objects: 57768
  mAP: (skipped)
  Ground Truth Classes: 15 classes
  Predicted Classes: 15 classes
  Timing: 2h 48m this epoch (avg 3h 1m) | ETA ~2d 21h 37m for 23 epoch(s) left, mAP every 4 epoch(s).

Epoch 14/36
--------------------------------------------------
Epoch 14/36 complete: 6846/6846 batches, loss: 0.4268
  Effective LR: ref=5.000e-03 (0=5.000e-03)
  ROI hints: pos=176.8, bg=859.6, ignore=0.0, sampled_fg=80.5, sampled_bg=416.3, matched_gt=19.3, match_rate=100.00%
Validation complete: 1561 batches
Validation Metrics:
--------------------------------------------------
  Eval thresholds (mAP / matching): score≥0.7000, IoU≥0.50
  Avg Detections per Image (score≥0.7000): 11.93  ↑0.07
  Avg Detections per Image (score≥0.5): 14.02  ↑0.02
  Max detection score: 1.000
  Mean detection score: 0.653
  Time per Step: 0.2464  ↑0.0010
  Accuracy / GT cover: (skipped — computed on mAP epochs)
  Ground Truth objects: 57768
  mAP: (skipped)
  Ground Truth Classes: 15 classes
  Predicted Classes: 15 classes
  Timing: 2h 46m this epoch (avg 3h 0m) | ETA ~2d 18h 11m for 22 epoch(s) left, mAP every 4 epoch(s).

Epoch 15/36
--------------------------------------------------
Epoch 15/36 complete: 6846/6846 batches, loss: 0.4219
  Effective LR: ref=5.000e-03 (0=5.000e-03)
  ROI hints: pos=177.2, bg=855.0, ignore=0.0, sampled_fg=80.8, sampled_bg=415.3, matched_gt=19.3, match_rate=100.00%
Validation complete: 1561 batches
Validation Metrics:
--------------------------------------------------
  Eval thresholds (mAP / matching): score≥0.7000, IoU≥0.50
  Avg Detections per Image (score≥0.7000): 11.94  ↑0.01
  Avg Detections per Image (score≥0.5): 13.99  ↓0.03
  Max detection score: 1.000
  Mean detection score: 0.677
  Time per Step: 0.2452  ↑0.0011
  Accuracy / GT cover: (skipped — computed on mAP epochs)
  Ground Truth objects: 57768
  mAP: (skipped)
  Ground Truth Classes: 15 classes
  Predicted Classes: 15 classes
  Timing: 2h 46m this epoch (avg 2h 59m) | ETA ~2d 14h 51m for 21 epoch(s) left, mAP every 4 epoch(s).

Epoch 16/36
--------------------------------------------------
Epoch 16/36 complete: 6846/6846 batches, loss: 0.4172
  Effective LR: ref=5.000e-03 (0=5.000e-03)
  ROI hints: pos=177.6, bg=850.7, ignore=0.0, sampled_fg=81.0, sampled_bg=414.4, matched_gt=19.3, match_rate=100.00%

Computing mAP (periodic evaluation: every 4 epoch(s))...
Validation complete: 1561 batches

Computing mAP (this may take a while)...
  Eval filters: score≥0.7000, IoU≥0.50
  Images: 3,121
  Total detections (post score filter): 39,082 (12.5 per image)
  Total ground truths: 57,768 (18.5 per image)
mAP: exact rotated IoU on CPU (backend='shapely'; GPU sampling IoU disabled)
  Computing AP for baseball-diamond: 327 dets, 364 GTs (119,028 IoU calculations)
  Computing AP for bridge: 480 dets, 666 GTs (319,680 IoU calculations)
  WARNING: harbor has 12,687,696 IoU calculations (2,952 dets × 4,298 GTs). This will be slow!
  Computing AP for harbor: 2,952 dets, 4,298 GTs (12,687,696 IoU calculations)
    Using chunked batch IoU computation (CPU exact (shapely)) for harbor (12,687,696 calculations)
    Processing 2,952 detections in chunks of 1,163
  WARNING: large-vehicle has 72,749,918 IoU calculations (7,741 dets × 9,398 GTs). This will be slow!
  Computing AP for large-vehicle: 7,741 dets, 9,398 GTs (72,749,918 IoU calculations)
    Using chunked batch IoU computation (CPU exact (shapely)) for large-vehicle (72,749,918 calculations)
    Processing 7,741 detections in chunks of 532
  WARNING: plane has 20,712,318 IoU calculations (4,378 dets × 4,731 GTs). This will be slow!
  Computing AP for plane: 4,378 dets, 4,731 GTs (20,712,318 IoU calculations)
    Using chunked batch IoU computation (CPU exact (shapely)) for plane (20,712,318 calculations)
    Processing 4,378 detections in chunks of 1,056
  WARNING: ship has 227,653,122 IoU calculations (12,283 dets × 18,534 GTs). This will be slow!
  Computing AP for ship: 12,283 dets, 18,534 GTs (227,653,122 IoU calculations)
    Using chunked batch IoU computation (CPU exact (shapely)) for ship (227,653,122 calculations)
    Processing 12,283 detections in chunks of 269
  WARNING: small-vehicle has 53,411,971 IoU calculations (4,703 dets × 11,357 GTs). This will be slow!
  Computing AP for small-vehicle: 4,703 dets, 11,357 GTs (53,411,971 IoU calculations)
    Using chunked batch IoU computation (CPU exact (shapely)) for small-vehicle (53,411,971 calculations)
    Processing 4,703 detections in chunks of 440
  WARNING: storage-tank has 16,682,796 IoU calculations (3,316 dets × 5,031 GTs). This will be slow!
  Computing AP for storage-tank: 3,316 dets, 5,031 GTs (16,682,796 IoU calculations)
    Using chunked batch IoU computation (CPU exact (shapely)) for storage-tank (16,682,796 calculations)
    Processing 3,316 detections in chunks of 993
  Computing AP for swimming-pool: 388 dets, 693 GTs (268,884 IoU calculations)
  Computing AP for tennis-court: 1,488 dets, 1,529 GTs (2,275,152 IoU calculations)
  mAP computation completed in 11m 24s. mAP: 0.6880
Validation Metrics:
--------------------------------------------------
  Eval thresholds (mAP / matching): score≥0.7000, IoU≥0.50
  Avg Detections per Image (score≥0.7000): 11.97  ↑0.04
  Avg Detections per Image (score≥0.5): 13.98  ↓0.01
  Max detection score: 1.000
  Mean detection score: 0.683
  Time per Step: 0.2443  ↑0.0009
  Accuracy: 0.9539 (95.39%)
  Correct Predictions: 37282/39082 (matched detections)
  Ground Truth objects: 57768
  GT covered pre-eval-threshold: 43694/57768
  GT covered post-eval-threshold: 37294/57768
  GT lost by eval-threshold filtering: 6400
  GT cover rate pre-eval-threshold: 75.64%
  GT cover rate post-eval-threshold: 64.56%
  GT IoU vs raw dets (eval IoU threshold=0.50; per-GT max IoU over all dets / over same-class dets):
    mean best IoU (any class): 0.6279, median: 0.7986
    mean best IoU (correct class): 0.6250, median: 0.7979
    per-class mean best IoU (raw detections):
      | class              | gts | mean_any | mean_same | med_same |
      |--------------------|-----:|----------:|-----------:|----------:|
      | baseball-diamond   | 364 |   0.7529 |    0.7523 |   0.8102 |
      | basketball-court   | 278 |   0.8664 |    0.8659 |   0.8813 |
      | bridge             | 665 |   0.6096 |    0.6089 |   0.6920 |
      | ground-track-field | 216 |   0.7943 |    0.7801 |   0.8463 |
      | harbor             | 4298 |   0.6691 |    0.6645 |   0.7629 |
      | helicopter         | 157 |   0.6619 |    0.6441 |   0.7253 |
      | large-vehicle      | 9395 |   0.7412 |    0.7359 |   0.8258 |
      | plane              | 4731 |   0.8219 |    0.8218 |   0.8699 |
      | roundabout         | 256 |   0.7171 |    0.7171 |   0.8139 |
      | ship               | 18534 |   0.5716 |    0.5709 |   0.7964 |
      | small-vehicle      | 11357 |   0.4889 |    0.4830 |   0.7100 |
      | soccer-ball-field  | 260 |   0.7591 |    0.7495 |   0.8312 |
      | storage-tank       | 5028 |   0.6084 |    0.6079 |   0.7953 |
      | swimming-pool      | 693 |   0.6276 |    0.6276 |   0.7020 |
      | tennis-court       | 1529 |   0.8665 |    0.8608 |   0.8955 |
      | global             | 57761 |   0.6279 |    0.6250 |   0.7979 |
    GTs with IoU≥thresh but no same-class hit (wrong-class / misaligned): 179
    GTs with no detection above IoU thresh (missed / poor loc): 13886
    GTs with 0% best IoU vs any detection (no spatial overlap): 11229 (19.44% of GTs)
    histogram best IoU (any class) [0,0.25)/[0.25,0.5)/[0.5,0.75)/[0.75,1]: 13086/800/8020/35855
    histogram best IoU (correct class) [0,0.25)/[0.25,0.5)/[0.5,0.75)/[0.75,1]: 13277/788/7994/35702
  Class-agnostic duplicate rate (post score thresh; IoU≥0.50 vs a higher-score box): micro=0.09% (37/39082 boxes), macro mean over images with detections=0.40% (2952 images)
  mAP: 0.6880  ↑0.0111 (68.80%)
  Per-Class AP:
    baseball-diamond: 0.7974  ↑0.0028 (79.74%)
    basketball-court: 0.9020  ↑0.0027 (90.20%)
    bridge: 0.5236  ↑0.0894 (52.36%)
    ground-track-field: 0.8059  ↑0.0049 (80.59%)
    harbor: 0.6274  ↑0.0132 (62.74%)
    helicopter: 0.5455  ↓0.0788 (54.55%)
    large-vehicle: 0.7209  ↑0.0922 (72.09%)
    plane: 0.9075  ↑0.0006 (90.75%)
    roundabout: 0.8059  ↑0.0111 (80.59%)
    ship: 0.6344  ↑0.0006 (63.44%)
    small-vehicle: 0.3528  ↑0.0949 (35.28%)
    soccer-ball-field: 0.7134  ↑0.0030 (71.34%)
    storage-tank: 0.6353  ↑0.0076 (63.53%)
    swimming-pool: 0.4385  ↓0.0775 (43.85%)
    tennis-court: 0.9091  ↑0.0001 (90.91%)
  Ground Truth Classes: 15 classes
  Predicted Classes: 15 classes
  Timing: 2h 58m this epoch (avg 2h 59m) | ETA ~2d 11h 50m for 20 epoch(s) left, mAP every 4 epoch(s).

Epoch 17/36
--------------------------------------------------
Epoch 17/36 complete: 6846/6846 batches, loss: 0.4131
  Effective LR: ref=5.000e-03 (0=5.000e-03)
  ROI hints: pos=177.9, bg=846.8, ignore=0.0, sampled_fg=81.2, sampled_bg=413.7, matched_gt=19.3, match_rate=100.00%
Validation complete: 1561 batches
Validation Metrics:
--------------------------------------------------
  Eval thresholds (mAP / matching): score≥0.7000, IoU≥0.50
  Avg Detections per Image (score≥0.7000): 12.04  ↑0.07
  Avg Detections per Image (score≥0.5): 14.01  ↑0.03
  Max detection score: 1.000
  Mean detection score: 0.654
  Time per Step: 0.2441  ↑0.0002
  Accuracy / GT cover: (skipped — computed on mAP epochs)
  Ground Truth objects: 57768
  mAP: (skipped)
  Ground Truth Classes: 15 classes
  Predicted Classes: 15 classes
  Timing: 2h 46m this epoch (avg 2h 58m) | ETA ~2d 8h 36m for 19 epoch(s) left, mAP every 4 epoch(s).

Epoch 18/36
--------------------------------------------------
Epoch 18/36 complete: 6846/6846 batches, loss: 0.4093
  Effective LR: ref=5.000e-03 (0=5.000e-03)
  ROI hints: pos=178.2, bg=843.2, ignore=0.0, sampled_fg=81.4, sampled_bg=412.9, matched_gt=19.3, match_rate=100.00%
Validation complete: 1561 batches
Validation Metrics:
--------------------------------------------------
  Eval thresholds (mAP / matching): score≥0.7000, IoU≥0.50
  Avg Detections per Image (score≥0.7000): 12.11  ↑0.07
  Avg Detections per Image (score≥0.5): 14.05  ↑0.04
  Max detection score: 1.000
  Mean detection score: 0.703
  Time per Step: 0.2439  ↑0.0002
  Accuracy / GT cover: (skipped — computed on mAP epochs)
  Ground Truth objects: 57768
  mAP: (skipped)
  Ground Truth Classes: 15 classes
  Predicted Classes: 15 classes
  Timing: 2h 45m this epoch (avg 2h 58m) | ETA ~2d 5h 24m for 18 epoch(s) left, mAP every 4 epoch(s).

Epoch 19/36
--------------------------------------------------
Epoch 19/36 complete: 6846/6846 batches, loss: 0.4057
  Effective LR: ref=5.000e-03 (0=5.000e-03)
  ROI hints: pos=178.4, bg=839.8, ignore=0.0, sampled_fg=81.6, sampled_bg=412.2, matched_gt=19.3, match_rate=100.00%
Validation complete: 1561 batches
Validation Metrics:
--------------------------------------------------
  Eval thresholds (mAP / matching): score≥0.7000, IoU≥0.50
  Avg Detections per Image (score≥0.7000): 12.19  ↑0.08
  Avg Detections per Image (score≥0.5): 14.14  ↑0.09
  Max detection score: 1.000
  Mean detection score: 0.582
  Time per Step: 0.2436  ↑0.0003
  Accuracy / GT cover: (skipped — computed on mAP epochs)
  Ground Truth objects: 57768
  mAP: (skipped)
  Ground Truth Classes: 15 classes
  Predicted Classes: 15 classes
  Timing: 2h 45m this epoch (avg 2h 57m) | ETA ~2d 2h 15m for 17 epoch(s) left, mAP every 4 epoch(s).

Epoch 20/36
--------------------------------------------------
Epoch 20/36 complete: 6846/6846 batches, loss: 0.4023
  Effective LR: ref=5.000e-03 (0=5.000e-03)
  ROI hints: pos=178.6, bg=836.7, ignore=0.0, sampled_fg=81.7, sampled_bg=411.6, matched_gt=19.3, match_rate=100.00%

Computing mAP (periodic evaluation: every 4 epoch(s))...
Validation complete: 1561 batches

Computing mAP (this may take a while)...
  Eval filters: score≥0.7000, IoU≥0.50
  Images: 3,121
  Total detections (post score filter): 39,909 (12.8 per image)
  Total ground truths: 57,768 (18.5 per image)
mAP: exact rotated IoU on CPU (backend='shapely'; GPU sampling IoU disabled)
  Computing AP for baseball-diamond: 353 dets, 364 GTs (128,492 IoU calculations)
  Computing AP for bridge: 503 dets, 666 GTs (334,998 IoU calculations)
  WARNING: harbor has 15,055,894 IoU calculations (3,503 dets × 4,298 GTs). This will be slow!
  Computing AP for harbor: 3,503 dets, 4,298 GTs (15,055,894 IoU calculations)
    Using chunked batch IoU computation (CPU exact (shapely)) for harbor (15,055,894 calculations)
    Processing 3,503 detections in chunks of 1,163
  WARNING: large-vehicle has 78,332,330 IoU calculations (8,335 dets × 9,398 GTs). This will be slow!
  Computing AP for large-vehicle: 8,335 dets, 9,398 GTs (78,332,330 IoU calculations)
    Using chunked batch IoU computation (CPU exact (shapely)) for large-vehicle (78,332,330 calculations)
    Processing 8,335 detections in chunks of 532
  WARNING: plane has 21,199,611 IoU calculations (4,481 dets × 4,731 GTs). This will be slow!
  Computing AP for plane: 4,481 dets, 4,731 GTs (21,199,611 IoU calculations)
    Using chunked batch IoU computation (CPU exact (shapely)) for plane (21,199,611 calculations)
    Processing 4,481 detections in chunks of 1,056
  WARNING: ship has 223,334,700 IoU calculations (12,050 dets × 18,534 GTs). This will be slow!
  Computing AP for ship: 12,050 dets, 18,534 GTs (223,334,700 IoU calculations)
    Using chunked batch IoU computation (CPU exact (shapely)) for ship (223,334,700 calculations)
    Processing 12,050 detections in chunks of 269
  WARNING: small-vehicle has 47,847,041 IoU calculations (4,213 dets × 11,357 GTs). This will be slow!
  Computing AP for small-vehicle: 4,213 dets, 11,357 GTs (47,847,041 IoU calculations)
    Using chunked batch IoU computation (CPU exact (shapely)) for small-vehicle (47,847,041 calculations)
    Processing 4,213 detections in chunks of 440
  WARNING: storage-tank has 16,204,851 IoU calculations (3,221 dets × 5,031 GTs). This will be slow!
  Computing AP for storage-tank: 3,221 dets, 5,031 GTs (16,204,851 IoU calculations)
    Using chunked batch IoU computation (CPU exact (shapely)) for storage-tank (16,204,851 calculations)
    Processing 3,221 detections in chunks of 993
  Computing AP for swimming-pool: 630 dets, 693 GTs (436,590 IoU calculations)
  Computing AP for tennis-court: 1,465 dets, 1,529 GTs (2,239,985 IoU calculations)
  mAP computation completed in 12m 7s. mAP: 0.7389
Validation Metrics:
--------------------------------------------------
  Eval thresholds (mAP / matching): score≥0.7000, IoU≥0.50
  Avg Detections per Image (score≥0.7000): 12.22  ↑0.03
  Avg Detections per Image (score≥0.5): 14.15  ↑0.00
  Max detection score: 1.000
  Mean detection score: 0.639
  Time per Step: 0.2436  ↓0.0000
  Accuracy: 0.9437 (94.37%)
  Correct Predictions: 37664/39909 (matched detections)
  Ground Truth objects: 57768
  GT covered pre-eval-threshold: 43620/57768
  GT covered post-eval-threshold: 37670/57768
  GT lost by eval-threshold filtering: 5950
  GT cover rate pre-eval-threshold: 75.51%
  GT cover rate post-eval-threshold: 65.21%
  GT IoU vs raw dets (eval IoU threshold=0.50; per-GT max IoU over all dets / over same-class dets):
    mean best IoU (any class): 0.6218, median: 0.7871
    mean best IoU (correct class): 0.6182, median: 0.7862
    per-class mean best IoU (raw detections):
      | class              | gts | mean_any | mean_same | med_same |
      |--------------------|-----:|----------:|-----------:|----------:|
      | baseball-diamond   | 364 |   0.7821 |    0.7815 |   0.8179 |
      | basketball-court   | 278 |   0.8612 |    0.8604 |   0.8686 |
      | bridge             | 665 |   0.6422 |    0.6393 |   0.7087 |
      | ground-track-field | 216 |   0.8159 |    0.8057 |   0.8561 |
      | harbor             | 4298 |   0.6714 |    0.6657 |   0.7529 |
      | helicopter         | 157 |   0.7391 |    0.7079 |   0.7758 |
      | large-vehicle      | 9398 |   0.7360 |    0.7349 |   0.8117 |
      | plane              | 4731 |   0.8188 |    0.8187 |   0.8664 |
      | roundabout         | 256 |   0.6926 |    0.6890 |   0.7595 |
      | ship               | 18533 |   0.5599 |    0.5593 |   0.7779 |
      | small-vehicle      | 11357 |   0.4842 |    0.4717 |   0.6895 |
      | soccer-ball-field  | 260 |   0.8093 |    0.7984 |   0.8671 |
      | storage-tank       | 5031 |   0.5851 |    0.5848 |   0.7818 |
      | swimming-pool      | 693 |   0.6267 |    0.6267 |   0.6953 |
      | tennis-court       | 1529 |   0.8889 |    0.8832 |   0.9192 |
      | global             | 57766 |   0.6218 |    0.6182 |   0.7862 |
    GTs with IoU≥thresh but no same-class hit (wrong-class / misaligned): 231
    GTs with no detection above IoU thresh (missed / poor loc): 13913
    GTs with 0% best IoU vs any detection (no spatial overlap): 10518 (18.21% of GTs)
    histogram best IoU (any class) [0,0.25)/[0.25,0.5)/[0.5,0.75)/[0.75,1]: 13008/905/9528/34325
    histogram best IoU (correct class) [0,0.25)/[0.25,0.5)/[0.5,0.75)/[0.75,1]: 13262/882/9482/34140
  Class-agnostic duplicate rate (post score thresh; IoU≥0.50 vs a higher-score box): micro=0.06% (23/39909 boxes), macro mean over images with detections=0.21% (2991 images)
  mAP: 0.7389  ↑0.0509 (73.89%)
  Per-Class AP:
    baseball-diamond: 0.8009  ↑0.0035 (80.09%)
    basketball-court: 0.9069  ↑0.0049 (90.69%)
    bridge: 0.6126  ↑0.0890 (61.26%)
    ground-track-field: 0.8894  ↑0.0835 (88.94%)
    harbor: 0.7111  ↑0.0837 (71.11%)
    helicopter: 0.6289  ↑0.0834 (62.89%)
    large-vehicle: 0.8055  ↑0.0845 (80.55%)
    plane: 0.9075  ↓0.0000 (90.75%)
    roundabout: 0.8018  ↓0.0041 (80.18%)
    ship: 0.6345  ↑0.0001 (63.45%)
    small-vehicle: 0.3554  ↑0.0027 (35.54%)
    soccer-ball-field: 0.8062  ↑0.0928 (80.62%)
    storage-tank: 0.6340  ↓0.0012 (63.40%)
    swimming-pool: 0.6793  ↑0.2408 (67.93%)
    tennis-court: 0.9090  ↓0.0001 (90.90%)
  Ground Truth Classes: 15 classes
  Predicted Classes: 15 classes
  Timing: 2h 57m this epoch (avg 2h 57m) | ETA ~1d 23h 17m for 16 epoch(s) left, mAP every 4 epoch(s).

Epoch 21/36
--------------------------------------------------
Epoch 21/36 complete: 6846/6846 batches, loss: 0.3991
  Effective LR: ref=5.000e-03 (0=5.000e-03)
  ROI hints: pos=178.8, bg=833.9, ignore=0.0, sampled_fg=81.9, sampled_bg=411.0, matched_gt=19.3, match_rate=100.00%
Validation complete: 1561 batches
Validation Metrics:
--------------------------------------------------
  Eval thresholds (mAP / matching): score≥0.7000, IoU≥0.50
  Avg Detections per Image (score≥0.7000): 12.28  ↑0.06
  Avg Detections per Image (score≥0.5): 14.17  ↑0.02
  Max detection score: 1.000
  Mean detection score: 0.708
  Time per Step: 0.2431  ↑0.0005
  Accuracy / GT cover: (skipped — computed on mAP epochs)
  Ground Truth objects: 57768
  mAP: (skipped)
  Ground Truth Classes: 15 classes
  Predicted Classes: 15 classes
  Timing: 2h 44m this epoch (avg 2h 56m) | ETA ~1d 20h 11m for 15 epoch(s) left, mAP every 4 epoch(s).

Epoch 22/36
--------------------------------------------------
Epoch 22/36 complete: 6846/6846 batches, loss: 0.3960
  Effective LR: ref=5.000e-03 (0=5.000e-03)
  ROI hints: pos=179.0, bg=831.3, ignore=0.0, sampled_fg=82.0, sampled_bg=410.4, matched_gt=19.3, match_rate=100.00%
Validation complete: 1561 batches
Validation Metrics:
--------------------------------------------------
  Eval thresholds (mAP / matching): score≥0.7000, IoU≥0.50
  Avg Detections per Image (score≥0.7000): 12.31  ↑0.03
  Avg Detections per Image (score≥0.5): 14.19  ↑0.03
  Max detection score: 1.000
  Mean detection score: 0.695
  Time per Step: 0.2426  ↑0.0005
  Accuracy / GT cover: (skipped — computed on mAP epochs)
  Ground Truth objects: 57768
  mAP: (skipped)
  Ground Truth Classes: 15 classes
  Predicted Classes: 15 classes
  Timing: 2h 44m this epoch (avg 2h 56m) | ETA ~1d 17h 7m for 14 epoch(s) left, mAP every 4 epoch(s).

Epoch 23/36
--------------------------------------------------
Epoch 23/36 complete: 6846/6846 batches, loss: 0.3933
  Effective LR: ref=5.000e-03 (0=5.000e-03)
  ROI hints: pos=179.1, bg=828.8, ignore=0.0, sampled_fg=82.1, sampled_bg=409.8, matched_gt=19.3, match_rate=100.00%
Validation complete: 1561 batches
Validation Metrics:
--------------------------------------------------
  Eval thresholds (mAP / matching): score≥0.7000, IoU≥0.50
  Avg Detections per Image (score≥0.7000): 12.33  ↑0.02
  Avg Detections per Image (score≥0.5): 14.19  ↓0.00
  Max detection score: 1.000
  Mean detection score: 0.647
  Time per Step: 0.2421  ↑0.0005
  Accuracy / GT cover: (skipped — computed on mAP epochs)
  Ground Truth objects: 57768
  mAP: (skipped)
  Ground Truth Classes: 15 classes
  Predicted Classes: 15 classes
  Timing: 2h 43m this epoch (avg 2h 55m) | ETA ~1d 14h 3m for 13 epoch(s) left, mAP every 4 epoch(s).

Epoch 24/36
--------------------------------------------------
Epoch 24/36 complete: 6846/6846 batches, loss: 0.3905
  Effective LR: ref=5.000e-03 (0=5.000e-03)
  ROI hints: pos=179.2, bg=826.6, ignore=0.0, sampled_fg=82.3, sampled_bg=409.3, matched_gt=19.3, match_rate=100.00%

Computing mAP (periodic evaluation: every 4 epoch(s))...
Validation complete: 1561 batches

Computing mAP (this may take a while)...
  Eval filters: score≥0.7000, IoU≥0.50
  Images: 3,121
  Total detections (post score filter): 42,135 (13.5 per image)
  Total ground truths: 57,768 (18.5 per image)
mAP: exact rotated IoU on CPU (backend='shapely'; GPU sampling IoU disabled)
  Computing AP for baseball-diamond: 339 dets, 364 GTs (123,396 IoU calculations)
  Computing AP for bridge: 717 dets, 666 GTs (477,522 IoU calculations)
  WARNING: harbor has 13,396,866 IoU calculations (3,117 dets × 4,298 GTs). This will be slow!
  Computing AP for harbor: 3,117 dets, 4,298 GTs (13,396,866 IoU calculations)
    Using chunked batch IoU computation (CPU exact (shapely)) for harbor (13,396,866 calculations)
    Processing 3,117 detections in chunks of 1,163
  WARNING: large-vehicle has 83,905,344 IoU calculations (8,928 dets × 9,398 GTs). This will be slow!
  Computing AP for large-vehicle: 8,928 dets, 9,398 GTs (83,905,344 IoU calculations)
    Using chunked batch IoU computation (CPU exact (shapely)) for large-vehicle (83,905,344 calculations)
    Processing 8,928 detections in chunks of 532
  WARNING: plane has 21,000,909 IoU calculations (4,439 dets × 4,731 GTs). This will be slow!
  Computing AP for plane: 4,439 dets, 4,731 GTs (21,000,909 IoU calculations)
    Using chunked batch IoU computation (CPU exact (shapely)) for plane (21,000,909 calculations)
    Processing 4,439 detections in chunks of 1,056
  WARNING: ship has 238,143,366 IoU calculations (12,849 dets × 18,534 GTs). This will be slow!
  Computing AP for ship: 12,849 dets, 18,534 GTs (238,143,366 IoU calculations)
    Using chunked batch IoU computation (CPU exact (shapely)) for ship (238,143,366 calculations)
    Processing 12,849 detections in chunks of 269
  WARNING: small-vehicle has 62,497,571 IoU calculations (5,503 dets × 11,357 GTs). This will be slow!
  Computing AP for small-vehicle: 5,503 dets, 11,357 GTs (62,497,571 IoU calculations)
    Using chunked batch IoU computation (CPU exact (shapely)) for small-vehicle (62,497,571 calculations)
    Processing 5,503 detections in chunks of 440
  WARNING: storage-tank has 16,310,502 IoU calculations (3,242 dets × 5,031 GTs). This will be slow!
  Computing AP for storage-tank: 3,242 dets, 5,031 GTs (16,310,502 IoU calculations)
    Using chunked batch IoU computation (CPU exact (shapely)) for storage-tank (16,310,502 calculations)
    Processing 3,242 detections in chunks of 993
  Computing AP for swimming-pool: 485 dets, 693 GTs (336,105 IoU calculations)
  Computing AP for tennis-court: 1,467 dets, 1,529 GTs (2,243,043 IoU calculations)
  mAP computation completed in 11m 58s. mAP: 0.7220
Validation Metrics:
--------------------------------------------------
  Eval thresholds (mAP / matching): score≥0.7000, IoU≥0.50
  Avg Detections per Image (score≥0.7000): 12.38  ↑0.05
  Avg Detections per Image (score≥0.5): 14.22  ↑0.03
  Max detection score: 1.000
  Mean detection score: 0.651
  Time per Step: 0.2418  ↑0.0003
  Accuracy: 0.9282 (92.82%)
  Correct Predictions: 39109/42135 (matched detections)
  Ground Truth objects: 57768
  GT covered pre-eval-threshold: 44009/57768
  GT covered post-eval-threshold: 39117/57768
  GT lost by eval-threshold filtering: 4892
  GT cover rate pre-eval-threshold: 76.18%
  GT cover rate post-eval-threshold: 67.71%
  GT IoU vs raw dets (eval IoU threshold=0.50; per-GT max IoU over all dets / over same-class dets):
    mean best IoU (any class): 0.6321, median: 0.8002
    mean best IoU (correct class): 0.6292, median: 0.7996
    per-class mean best IoU (raw detections):
      | class              | gts | mean_any | mean_same | med_same |
      |--------------------|-----:|----------:|-----------:|----------:|
      | baseball-diamond   | 364 |   0.7913 |    0.7913 |   0.8138 |
      | basketball-court   | 278 |   0.8811 |    0.8811 |   0.8940 |
      | bridge             | 665 |   0.6721 |    0.6717 |   0.7379 |
      | ground-track-field | 216 |   0.8245 |    0.8122 |   0.8587 |
      | harbor             | 4298 |   0.6812 |    0.6765 |   0.7719 |
      | helicopter         | 157 |   0.6762 |    0.6535 |   0.7448 |
      | large-vehicle      | 9398 |   0.7526 |    0.7490 |   0.8328 |
      | plane              | 4731 |   0.8274 |    0.8273 |   0.8773 |
      | roundabout         | 256 |   0.7769 |    0.7768 |   0.8543 |
      | ship               | 18533 |   0.5714 |    0.5709 |   0.7902 |
      | small-vehicle      | 11357 |   0.4838 |    0.4762 |   0.7022 |
      | soccer-ball-field  | 260 |   0.7926 |    0.7844 |   0.8623 |
      | storage-tank       | 5031 |   0.6075 |    0.6068 |   0.7944 |
      | swimming-pool      | 693 |   0.6326 |    0.6326 |   0.7066 |
      | tennis-court       | 1529 |   0.8848 |    0.8789 |   0.9171 |
      | global             | 57766 |   0.6321 |    0.6292 |   0.7996 |
    GTs with IoU≥thresh but no same-class hit (wrong-class / misaligned): 181
    GTs with no detection above IoU thresh (missed / poor loc): 13574
    GTs with 0% best IoU vs any detection (no spatial overlap): 11284 (19.53% of GTs)
    histogram best IoU (any class) [0,0.25)/[0.25,0.5)/[0.5,0.75)/[0.75,1]: 12966/608/8054/36138
    histogram best IoU (correct class) [0,0.25)/[0.25,0.5)/[0.5,0.75)/[0.75,1]: 13168/587/8018/35993
  Class-agnostic duplicate rate (post score thresh; IoU≥0.50 vs a higher-score box): micro=0.05% (22/42135 boxes), macro mean over images with detections=0.16% (3042 images)
  mAP: 0.7220  ↓0.0168 (72.20%)
  Per-Class AP:
    baseball-diamond: 0.8088  ↑0.0078 (80.88%)
    basketball-court: 0.9080  ↑0.0011 (90.80%)
    bridge: 0.6692  ↑0.0566 (66.92%)
    ground-track-field: 0.8108  ↓0.0786 (81.08%)
    harbor: 0.6283  ↓0.0829 (62.83%)
    helicopter: 0.4545  ↓0.1743 (45.45%)
    large-vehicle: 0.8060  ↑0.0005 (80.60%)
    plane: 0.9071  ↓0.0004 (90.71%)
    roundabout: 0.8072  ↑0.0053 (80.72%)
    ship: 0.6348  ↑0.0004 (63.48%)
    small-vehicle: 0.4387  ↑0.0833 (43.87%)
    soccer-ball-field: 0.8049  ↓0.0012 (80.49%)
    storage-tank: 0.6311  ↓0.0029 (63.11%)
    swimming-pool: 0.6122  ↓0.0671 (61.22%)
    tennis-court: 0.9091  ↑0.0001 (90.91%)
  Ground Truth Classes: 15 classes
  Predicted Classes: 15 classes
  Timing: 2h 56m this epoch (avg 2h 55m) | ETA ~1d 11h 8m for 12 epoch(s) left, mAP every 4 epoch(s).

Epoch 25/36
--------------------------------------------------
Epoch 25/36 complete: 6846/6846 batches, loss: 0.3860
  Effective LR: ref=5.000e-04 (0=5.000e-04)
  ROI hints: pos=179.5, bg=823.7, ignore=0.0, sampled_fg=82.5, sampled_bg=408.3, matched_gt=19.3, match_rate=100.00%
Validation complete: 1561 batches
Validation Metrics:
--------------------------------------------------
  Eval thresholds (mAP / matching): score≥0.7000, IoU≥0.50
  Avg Detections per Image (score≥0.7000): 12.43  ↑0.05
  Avg Detections per Image (score≥0.5): 14.24  ↑0.02
  Max detection score: 1.000
  Mean detection score: 0.758
  Time per Step: 0.2411  ↑0.0007
  Accuracy / GT cover: (skipped — computed on mAP epochs)
  Ground Truth objects: 57768
  mAP: (skipped)
  Ground Truth Classes: 15 classes
  Predicted Classes: 15 classes
  Timing: 2h 38m this epoch (avg 2h 55m) | ETA ~1d 8h 5m for 11 epoch(s) left, mAP every 4 epoch(s).

Epoch 26/36
--------------------------------------------------
Epoch 26/36 complete: 6846/6846 batches, loss: 0.3813
  Effective LR: ref=5.000e-04 (0=5.000e-04)
  ROI hints: pos=179.7, bg=820.9, ignore=0.0, sampled_fg=82.7, sampled_bg=407.3, matched_gt=19.3, match_rate=100.00%
Validation complete: 1561 batches
Validation Metrics:
--------------------------------------------------
  Eval thresholds (mAP / matching): score≥0.7000, IoU≥0.50
  Avg Detections per Image (score≥0.7000): 12.48  ↑0.05
  Avg Detections per Image (score≥0.5): 14.25  ↑0.01
  Max detection score: 1.000
  Mean detection score: 0.775
  Time per Step: 0.2404  ↑0.0007
  Accuracy / GT cover: (skipped — computed on mAP epochs)
  Ground Truth objects: 57768
  mAP: (skipped)
  Ground Truth Classes: 15 classes
  Predicted Classes: 15 classes
  Timing: 2h 37m this epoch (avg 2h 54m) | ETA ~1d 5h 3m for 10 epoch(s) left, mAP every 4 epoch(s).

Epoch 27/36
--------------------------------------------------
Epoch 27/36 complete: 6846/6846 batches, loss: 0.3768
  Effective LR: ref=5.000e-04 (0=5.000e-04)
  ROI hints: pos=179.8, bg=818.3, ignore=0.0, sampled_fg=83.0, sampled_bg=406.3, matched_gt=19.3, match_rate=100.00%
Validation complete: 1561 batches
Validation Metrics:
--------------------------------------------------
  Eval thresholds (mAP / matching): score≥0.7000, IoU≥0.50
  Avg Detections per Image (score≥0.7000): 12.53  ↑0.04
  Avg Detections per Image (score≥0.5): 14.27  ↑0.01
  Max detection score: 1.000
  Mean detection score: 0.770
  Time per Step: 0.2398  ↑0.0007
  Accuracy / GT cover: (skipped — computed on mAP epochs)
  Ground Truth objects: 57768
  mAP: (skipped)
  Ground Truth Classes: 15 classes
  Predicted Classes: 15 classes
  Timing: 2h 37m this epoch (avg 2h 53m) | ETA ~1d 2h 3m for 9 epoch(s) left, mAP every 4 epoch(s).

Epoch 28/36
--------------------------------------------------
Epoch 28/36 complete: 6846/6846 batches, loss: 0.3725
  Effective LR: ref=5.000e-04 (0=5.000e-04)
  ROI hints: pos=179.9, bg=815.8, ignore=0.0, sampled_fg=83.2, sampled_bg=405.4, matched_gt=19.3, match_rate=100.00%

Computing mAP (periodic evaluation: every 4 epoch(s))...
Validation complete: 1561 batches

Computing mAP (this may take a while)...
  Eval filters: score≥0.7000, IoU≥0.50
  Images: 3,121
  Total detections (post score filter): 43,323 (13.9 per image)
  Total ground truths: 57,768 (18.5 per image)
mAP: exact rotated IoU on CPU (backend='shapely'; GPU sampling IoU disabled)
  Computing AP for baseball-diamond: 376 dets, 364 GTs (136,864 IoU calculations)
  Computing AP for bridge: 624 dets, 666 GTs (415,584 IoU calculations)
  WARNING: harbor has 15,111,768 IoU calculations (3,516 dets × 4,298 GTs). This will be slow!
  Computing AP for harbor: 3,516 dets, 4,298 GTs (15,111,768 IoU calculations)
    Using chunked batch IoU computation (CPU exact (shapely)) for harbor (15,111,768 calculations)
    Processing 3,516 detections in chunks of 1,163
  WARNING: large-vehicle has 79,206,344 IoU calculations (8,428 dets × 9,398 GTs). This will be slow!
  Computing AP for large-vehicle: 8,428 dets, 9,398 GTs (79,206,344 IoU calculations)
    Using chunked batch IoU computation (CPU exact (shapely)) for large-vehicle (79,206,344 calculations)
    Processing 8,428 detections in chunks of 532
  WARNING: plane has 21,426,699 IoU calculations (4,529 dets × 4,731 GTs). This will be slow!
  Computing AP for plane: 4,529 dets, 4,731 GTs (21,426,699 IoU calculations)
    Using chunked batch IoU computation (CPU exact (shapely)) for plane (21,426,699 calculations)
    Processing 4,529 detections in chunks of 1,056
  WARNING: ship has 239,255,406 IoU calculations (12,909 dets × 18,534 GTs). This will be slow!
  Computing AP for ship: 12,909 dets, 18,534 GTs (239,255,406 IoU calculations)
    Using chunked batch IoU computation (CPU exact (shapely)) for ship (239,255,406 calculations)
    Processing 12,909 detections in chunks of 269
  WARNING: small-vehicle has 72,003,380 IoU calculations (6,340 dets × 11,357 GTs). This will be slow!
  Computing AP for small-vehicle: 6,340 dets, 11,357 GTs (72,003,380 IoU calculations)
    Using chunked batch IoU computation (CPU exact (shapely)) for small-vehicle (72,003,380 calculations)
    Processing 6,340 detections in chunks of 440
  WARNING: storage-tank has 17,024,904 IoU calculations (3,384 dets × 5,031 GTs). This will be slow!
  Computing AP for storage-tank: 3,384 dets, 5,031 GTs (17,024,904 IoU calculations)
    Using chunked batch IoU computation (CPU exact (shapely)) for storage-tank (17,024,904 calculations)
    Processing 3,384 detections in chunks of 993
  Computing AP for swimming-pool: 587 dets, 693 GTs (406,791 IoU calculations)
  Computing AP for tennis-court: 1,488 dets, 1,529 GTs (2,275,152 IoU calculations)
  mAP computation completed in 12m 19s. mAP: 0.7950
Validation Metrics:
--------------------------------------------------
  Eval thresholds (mAP / matching): score≥0.7000, IoU≥0.50
  Avg Detections per Image (score≥0.7000): 12.57  ↑0.05
  Avg Detections per Image (score≥0.5): 14.28  ↑0.02
  Max detection score: 1.000
  Mean detection score: 0.777
  Time per Step: 0.2391  ↑0.0006
  Accuracy: 0.9591 (95.91%)
  Correct Predictions: 41552/43323 (matched detections)
  Ground Truth objects: 57768
  GT covered pre-eval-threshold: 44937/57768
  GT covered post-eval-threshold: 41563/57768
  GT lost by eval-threshold filtering: 3374
  GT cover rate pre-eval-threshold: 77.79%
  GT cover rate post-eval-threshold: 71.95%
  GT IoU vs raw dets (eval IoU threshold=0.50; per-GT max IoU over all dets / over same-class dets):
    mean best IoU (any class): 0.6586, median: 0.8252
    mean best IoU (correct class): 0.6568, median: 0.8249
    per-class mean best IoU (raw detections):
      | class              | gts | mean_any | mean_same | med_same |
      |--------------------|-----:|----------:|-----------:|----------:|
      | baseball-diamond   | 364 |   0.8352 |    0.8352 |   0.8524 |
      | basketball-court   | 278 |   0.9014 |    0.9014 |   0.9153 |
      | bridge             | 664 |   0.7201 |    0.7187 |   0.7753 |
      | ground-track-field | 216 |   0.8484 |    0.8406 |   0.8870 |
      | harbor             | 4298 |   0.7273 |    0.7239 |   0.8123 |
      | helicopter         | 157 |   0.7878 |    0.7851 |   0.8273 |
      | large-vehicle      | 9398 |   0.7724 |    0.7704 |   0.8515 |
      | plane              | 4731 |   0.8565 |    0.8565 |   0.8941 |
      | roundabout         | 248 |   0.8179 |    0.8144 |   0.8645 |
      | ship               | 18534 |   0.5876 |    0.5873 |   0.8142 |
      | small-vehicle      | 11357 |   0.5172 |    0.5126 |   0.7427 |
      | soccer-ball-field  | 260 |   0.8420 |    0.8373 |   0.8929 |
      | storage-tank       | 5027 |   0.6394 |    0.6394 |   0.8323 |
      | swimming-pool      | 693 |   0.6623 |    0.6623 |   0.7308 |
      | tennis-court       | 1529 |   0.9176 |    0.9127 |   0.9397 |
      | global             | 57754 |   0.6586 |    0.6568 |   0.8249 |
    GTs with IoU≥thresh but no same-class hit (wrong-class / misaligned): 105
    GTs with no detection above IoU thresh (missed / poor loc): 12710
    GTs with 0% best IoU vs any detection (no spatial overlap): 10600 (18.35% of GTs)
    histogram best IoU (any class) [0,0.25)/[0.25,0.5)/[0.5,0.75)/[0.75,1]: 12299/411/5754/39290
    histogram best IoU (correct class) [0,0.25)/[0.25,0.5)/[0.5,0.75)/[0.75,1]: 12414/401/5754/39185
  Class-agnostic duplicate rate (post score thresh; IoU≥0.50 vs a higher-score box): micro=0.05% (21/43323 boxes), macro mean over images with detections=0.17% (3072 images)
  mAP: 0.7950  ↑0.0729 (79.50%)
  Per-Class AP:
    baseball-diamond: 0.9057  ↑0.0969 (90.57%)
    basketball-court: 0.9091  ↑0.0011 (90.91%)
    bridge: 0.7163  ↑0.0472 (71.63%)
    ground-track-field: 0.9009  ↑0.0901 (90.09%)
    harbor: 0.7235  ↑0.0952 (72.35%)
    helicopter: 0.8169  ↑0.3623 (81.69%)
    large-vehicle: 0.8164  ↑0.0104 (81.64%)
    plane: 0.9086  ↑0.0015 (90.86%)
    roundabout: 0.9025  ↑0.0954 (90.25%)
    ship: 0.6359  ↑0.0011 (63.59%)
    small-vehicle: 0.5305  ↑0.0918 (53.05%)
    soccer-ball-field: 0.9009  ↑0.0959 (90.09%)
    storage-tank: 0.6360  ↑0.0048 (63.60%)
    swimming-pool: 0.7125  ↑0.1003 (71.25%)
    tennis-court: 0.9091  →0.0000 (90.91%)
  Ground Truth Classes: 15 classes
  Predicted Classes: 15 classes
  Timing: 2h 48m this epoch (avg 2h 53m) | ETA ~23h 8m for 8 epoch(s) left, mAP every 4 epoch(s).

Epoch 29/36
--------------------------------------------------
Epoch 29/36 complete: 6846/6846 batches, loss: 0.3684
  Effective LR: ref=5.000e-04 (0=5.000e-04)
  ROI hints: pos=180.0, bg=813.3, ignore=0.0, sampled_fg=83.4, sampled_bg=404.5, matched_gt=19.3, match_rate=100.00%
Validation complete: 1561 batches
Validation Metrics:
--------------------------------------------------
  Eval thresholds (mAP / matching): score≥0.7000, IoU≥0.50
  Avg Detections per Image (score≥0.7000): 12.61  ↑0.03
  Avg Detections per Image (score≥0.5): 14.29  ↑0.00
  Max detection score: 1.000
  Mean detection score: 0.791
  Time per Step: 0.2384  ↑0.0007
  Accuracy / GT cover: (skipped — computed on mAP epochs)
  Ground Truth objects: 57768
  mAP: (skipped)
  Ground Truth Classes: 15 classes
  Predicted Classes: 15 classes
  Timing: 2h 35m this epoch (avg 2h 52m) | ETA ~20h 10m for 7 epoch(s) left, mAP every 4 epoch(s).

Epoch 30/36
--------------------------------------------------
Epoch 30/36 complete: 6846/6846 batches, loss: 0.3645
  Effective LR: ref=5.000e-04 (0=5.000e-04)
  ROI hints: pos=180.1, bg=811.1, ignore=0.0, sampled_fg=83.6, sampled_bg=403.6, matched_gt=19.3, match_rate=100.00%
Validation complete: 1561 batches
Validation Metrics:
--------------------------------------------------
  Eval thresholds (mAP / matching): score≥0.7000, IoU≥0.50
  Avg Detections per Image (score≥0.7000): 12.65  ↑0.04
  Avg Detections per Image (score≥0.5): 14.30  ↑0.01
  Max detection score: 1.000
  Mean detection score: 0.789
  Time per Step: 0.2378  ↑0.0006
  Accuracy / GT cover: (skipped — computed on mAP epochs)
  Ground Truth objects: 57768
  mAP: (skipped)
  Ground Truth Classes: 15 classes
  Predicted Classes: 15 classes
  Timing: 2h 35m this epoch (avg 2h 52m) | ETA ~17h 14m for 6 epoch(s) left, mAP every 4 epoch(s).

Epoch 31/36
--------------------------------------------------
Epoch 31/36 complete: 6846/6846 batches, loss: 0.3608
  Effective LR: ref=5.000e-04 (0=5.000e-04)
  ROI hints: pos=180.1, bg=809.0, ignore=0.0, sampled_fg=83.7, sampled_bg=402.8, matched_gt=19.3, match_rate=100.00%
Validation complete: 1561 batches
Validation Metrics:
--------------------------------------------------
  Eval thresholds (mAP / matching): score≥0.7000, IoU≥0.50
  Avg Detections per Image (score≥0.7000): 12.68  ↑0.04
  Avg Detections per Image (score≥0.5): 14.31  ↑0.01
  Max detection score: 1.000
  Mean detection score: 0.785
  Time per Step: 0.2373  ↑0.0005
  Accuracy / GT cover: (skipped — computed on mAP epochs)
  Ground Truth objects: 57768
  mAP: (skipped)
  Ground Truth Classes: 15 classes
  Predicted Classes: 15 classes
  Timing: 2h 35m this epoch (avg 2h 51m) | ETA ~14h 18m for 5 epoch(s) left, mAP every 4 epoch(s).

Epoch 32/36
--------------------------------------------------
Epoch 32/36 complete: 6846/6846 batches, loss: 0.3572
  Effective LR: ref=5.000e-04 (0=5.000e-04)
  ROI hints: pos=180.2, bg=807.0, ignore=0.0, sampled_fg=83.9, sampled_bg=402.0, matched_gt=19.3, match_rate=100.00%

Computing mAP (periodic evaluation: every 4 epoch(s))...
Validation complete: 1561 batches

Computing mAP (this may take a while)...
  Eval filters: score≥0.7000, IoU≥0.50
  Images: 3,121
  Total detections (post score filter): 43,277 (13.9 per image)
  Total ground truths: 57,768 (18.5 per image)
mAP: exact rotated IoU on CPU (backend='shapely'; GPU sampling IoU disabled)
  Computing AP for baseball-diamond: 377 dets, 364 GTs (137,228 IoU calculations)
  Computing AP for bridge: 607 dets, 666 GTs (404,262 IoU calculations)
  WARNING: harbor has 15,184,834 IoU calculations (3,533 dets × 4,298 GTs). This will be slow!
  Computing AP for harbor: 3,533 dets, 4,298 GTs (15,184,834 IoU calculations)
    Using chunked batch IoU computation (CPU exact (shapely)) for harbor (15,184,834 calculations)
    Processing 3,533 detections in chunks of 1,163
  WARNING: large-vehicle has 77,787,246 IoU calculations (8,277 dets × 9,398 GTs). This will be slow!
  Computing AP for large-vehicle: 8,277 dets, 9,398 GTs (77,787,246 IoU calculations)
    Using chunked batch IoU computation (CPU exact (shapely)) for large-vehicle (77,787,246 calculations)
    Processing 8,277 detections in chunks of 532
  WARNING: plane has 21,559,167 IoU calculations (4,557 dets × 4,731 GTs). This will be slow!
  Computing AP for plane: 4,557 dets, 4,731 GTs (21,559,167 IoU calculations)
    Using chunked batch IoU computation (CPU exact (shapely)) for plane (21,559,167 calculations)
    Processing 4,557 detections in chunks of 1,056
  WARNING: ship has 237,605,880 IoU calculations (12,820 dets × 18,534 GTs). This will be slow!
  Computing AP for ship: 12,820 dets, 18,534 GTs (237,605,880 IoU calculations)
    Using chunked batch IoU computation (CPU exact (shapely)) for ship (237,605,880 calculations)
    Processing 12,820 detections in chunks of 269
  WARNING: small-vehicle has 72,082,879 IoU calculations (6,347 dets × 11,357 GTs). This will be slow!
  Computing AP for small-vehicle: 6,347 dets, 11,357 GTs (72,082,879 IoU calculations)
    Using chunked batch IoU computation (CPU exact (shapely)) for small-vehicle (72,082,879 calculations)
    Processing 6,347 detections in chunks of 440
  WARNING: storage-tank has 17,356,950 IoU calculations (3,450 dets × 5,031 GTs). This will be slow!
  Computing AP for storage-tank: 3,450 dets, 5,031 GTs (17,356,950 IoU calculations)
    Using chunked batch IoU computation (CPU exact (shapely)) for storage-tank (17,356,950 calculations)
    Processing 3,450 detections in chunks of 993
  Computing AP for swimming-pool: 653 dets, 693 GTs (452,529 IoU calculations)
  Computing AP for tennis-court: 1,498 dets, 1,529 GTs (2,290,442 IoU calculations)
  mAP computation completed in 12m 32s. mAP: 0.8022
Validation Metrics:
--------------------------------------------------
  Eval thresholds (mAP / matching): score≥0.7000, IoU≥0.50
  Avg Detections per Image (score≥0.7000): 12.72  ↑0.04
  Avg Detections per Image (score≥0.5): 14.32  ↑0.01
  Max detection score: 1.000
  Mean detection score: 0.792
  Time per Step: 0.2368  ↑0.0005
  Accuracy: 0.9655 (96.55%)
  Correct Predictions: 41785/43277 (matched detections)
  Ground Truth objects: 57768
  GT covered pre-eval-threshold: 44990/57768
  GT covered post-eval-threshold: 41795/57768
  GT lost by eval-threshold filtering: 3195
  GT cover rate pre-eval-threshold: 77.88%
  GT cover rate post-eval-threshold: 72.35%
  GT IoU vs raw dets (eval IoU threshold=0.50; per-GT max IoU over all dets / over same-class dets):
    mean best IoU (any class): 0.6602, median: 0.8273
    mean best IoU (correct class): 0.6586, median: 0.8270
    per-class mean best IoU (raw detections):
      | class              | gts | mean_any | mean_same | med_same |
      |--------------------|-----:|----------:|-----------:|----------:|
      | baseball-diamond   | 364 |   0.8470 |    0.8470 |   0.8628 |
      | basketball-court   | 278 |   0.9080 |    0.9079 |   0.9218 |
      | bridge             | 664 |   0.7300 |    0.7280 |   0.7850 |
      | ground-track-field | 216 |   0.8515 |    0.8456 |   0.8890 |
      | harbor             | 4298 |   0.7361 |    0.7330 |   0.8172 |
      | helicopter         | 157 |   0.7968 |    0.7959 |   0.8289 |
      | large-vehicle      | 9398 |   0.7703 |    0.7671 |   0.8494 |
      | plane              | 4731 |   0.8588 |    0.8587 |   0.8969 |
      | roundabout         | 252 |   0.8215 |    0.8179 |   0.8804 |
      | ship               | 18534 |   0.5885 |    0.5883 |   0.8163 |
      | small-vehicle      | 11357 |   0.5174 |    0.5143 |   0.7438 |
      | soccer-ball-field  | 260 |   0.8428 |    0.8412 |   0.9087 |
      | storage-tank       | 5029 |   0.6437 |    0.6437 |   0.8399 |
      | swimming-pool      | 693 |   0.6701 |    0.6701 |   0.7389 |
      | tennis-court       | 1529 |   0.9181 |    0.9142 |   0.9400 |
      | global             | 57760 |   0.6602 |    0.6586 |   0.8270 |
    GTs with IoU≥thresh but no same-class hit (wrong-class / misaligned): 94
    GTs with no detection above IoU thresh (missed / poor loc): 12674
    GTs with 0% best IoU vs any detection (no spatial overlap): 10493 (18.17% of GTs)
    histogram best IoU (any class) [0,0.25)/[0.25,0.5)/[0.5,0.75)/[0.75,1]: 12284/390/5546/39540
    histogram best IoU (correct class) [0,0.25)/[0.25,0.5)/[0.5,0.75)/[0.75,1]: 12383/385/5534/39458
  Class-agnostic duplicate rate (post score thresh; IoU≥0.50 vs a higher-score box): micro=0.07% (30/43277 boxes), macro mean over images with detections=0.24% (3073 images)
  mAP: 0.8022  ↑0.0072 (80.22%)
  Per-Class AP:
    baseball-diamond: 0.9062  ↑0.0005 (90.62%)
    basketball-court: 0.9091  →0.0000 (90.91%)
    bridge: 0.8033  ↑0.0869 (80.33%)
    ground-track-field: 0.9028  ↑0.0019 (90.28%)
    harbor: 0.7248  ↑0.0013 (72.48%)
    helicopter: 0.9078  ↑0.0910 (90.78%)
    large-vehicle: 0.8170  ↑0.0006 (81.70%)
    plane: 0.9085  ↓0.0000 (90.85%)
    roundabout: 0.8177  ↓0.0848 (81.77%)
    ship: 0.6361  ↑0.0002 (63.61%)
    small-vehicle: 0.5343  ↑0.0037 (53.43%)
    soccer-ball-field: 0.9017  ↑0.0008 (90.17%)
    storage-tank: 0.6362  ↑0.0002 (63.62%)
    swimming-pool: 0.7180  ↑0.0054 (71.80%)
    tennis-court: 0.9091  →0.0000 (90.91%)
  Ground Truth Classes: 15 classes
  Predicted Classes: 15 classes
  Timing: 2h 47m this epoch (avg 2h 51m) | ETA ~11h 26m for 4 epoch(s) left, mAP every 4 epoch(s).

Epoch 33/36
--------------------------------------------------
Epoch 33/36 complete: 6846/6846 batches, loss: 0.3537
  Effective LR: ref=5.000e-04 (0=5.000e-04)
  ROI hints: pos=180.2, bg=805.0, ignore=0.0, sampled_fg=84.1, sampled_bg=401.3, matched_gt=19.3, match_rate=100.00%
Validation complete: 1561 batches
Validation Metrics:
--------------------------------------------------
  Eval thresholds (mAP / matching): score≥0.7000, IoU≥0.50
  Avg Detections per Image (score≥0.7000): 12.75  ↑0.03
  Avg Detections per Image (score≥0.5): 14.32  ↑0.00
  Max detection score: 1.000
  Mean detection score: 0.808
  Time per Step: 0.2362  ↑0.0006
  Accuracy / GT cover: (skipped — computed on mAP epochs)
  Ground Truth objects: 57768
  mAP: (skipped)
  Ground Truth Classes: 15 classes
  Predicted Classes: 15 classes
  Timing: 2h 34m this epoch (avg 2h 51m) | ETA ~8h 33m for 3 epoch(s) left, mAP every 4 epoch(s).

Epoch 34/36
--------------------------------------------------
Epoch 34/36 complete: 6846/6846 batches, loss: 0.3503
  Effective LR: ref=5.000e-05 (0=5.000e-05)
  ROI hints: pos=180.3, bg=803.2, ignore=0.0, sampled_fg=84.2, sampled_bg=400.6, matched_gt=19.3, match_rate=100.00%
Validation complete: 1561 batches
Validation Metrics:
--------------------------------------------------
  Eval thresholds (mAP / matching): score≥0.7000, IoU≥0.50
  Avg Detections per Image (score≥0.7000): 12.78  ↑0.03
  Avg Detections per Image (score≥0.5): 14.33  ↑0.01
  Max detection score: 1.000
  Mean detection score: 0.804
  Time per Step: 0.2357  ↑0.0005
  Accuracy / GT cover: (skipped — computed on mAP epochs)
  Ground Truth objects: 57768
  mAP: (skipped)
  Ground Truth Classes: 15 classes
  Predicted Classes: 15 classes
  Timing: 2h 34m this epoch (avg 2h 50m) | ETA ~5h 41m for 2 epoch(s) left, mAP every 4 epoch(s).

Epoch 35/36
--------------------------------------------------
Epoch 35/36 complete: 6846/6846 batches, loss: 0.3471
  Effective LR: ref=5.000e-05 (0=5.000e-05)
  ROI hints: pos=180.3, bg=801.5, ignore=0.0, sampled_fg=84.3, sampled_bg=399.9, matched_gt=19.3, match_rate=100.00%
Validation complete: 1561 batches
Validation Metrics:
--------------------------------------------------
  Eval thresholds (mAP / matching): score≥0.7000, IoU≥0.50
  Avg Detections per Image (score≥0.7000): 12.82  ↑0.03
  Avg Detections per Image (score≥0.5): 14.34  ↑0.01
  Max detection score: 1.000
  Mean detection score: 0.807
  Time per Step: 0.2352  ↑0.0005
  Accuracy / GT cover: (skipped — computed on mAP epochs)
  Ground Truth objects: 57768
  mAP: (skipped)
  Ground Truth Classes: 15 classes
  Predicted Classes: 15 classes
  Timing: 2h 34m this epoch (avg 2h 50m) | ETA ~2h 50m for 1 epoch(s) left, mAP every 4 epoch(s).

Epoch 36/36
--------------------------------------------------
Epoch 36/36 complete: 6846/6846 batches, loss: 0.3440
  Effective LR: ref=5.000e-05 (0=5.000e-05)
  ROI hints: pos=180.4, bg=799.8, ignore=0.0, sampled_fg=84.5, sampled_bg=399.3, matched_gt=19.3, match_rate=100.00%

Computing mAP (periodic evaluation: every 4 epoch(s))...
Validation complete: 1561 batches

Computing mAP (this may take a while)...
  Eval filters: score≥0.7000, IoU≥0.50
  Images: 3,121
  Total detections (post score filter): 43,140 (13.8 per image)
  Total ground truths: 57,768 (18.5 per image)
mAP: exact rotated IoU on CPU (backend='shapely'; GPU sampling IoU disabled)
  Computing AP for baseball-diamond: 373 dets, 364 GTs (135,772 IoU calculations)
  Computing AP for bridge: 632 dets, 666 GTs (420,912 IoU calculations)
  WARNING: harbor has 15,352,456 IoU calculations (3,572 dets × 4,298 GTs). This will be slow!
  Computing AP for harbor: 3,572 dets, 4,298 GTs (15,352,456 IoU calculations)
    Using chunked batch IoU computation (CPU exact (shapely)) for harbor (15,352,456 calculations)
    Processing 3,572 detections in chunks of 1,163
  WARNING: large-vehicle has 78,905,608 IoU calculations (8,396 dets × 9,398 GTs). This will be slow!
  Computing AP for large-vehicle: 8,396 dets, 9,398 GTs (78,905,608 IoU calculations)
    Using chunked batch IoU computation (CPU exact (shapely)) for large-vehicle (78,905,608 calculations)
    Processing 8,396 detections in chunks of 532
  WARNING: plane has 21,388,851 IoU calculations (4,521 dets × 4,731 GTs). This will be slow!
  Computing AP for plane: 4,521 dets, 4,731 GTs (21,388,851 IoU calculations)
    Using chunked batch IoU computation (CPU exact (shapely)) for plane (21,388,851 calculations)
    Processing 4,521 detections in chunks of 1,056
  WARNING: ship has 237,161,064 IoU calculations (12,796 dets × 18,534 GTs). This will be slow!
  Computing AP for ship: 12,796 dets, 18,534 GTs (237,161,064 IoU calculations)
    Using chunked batch IoU computation (CPU exact (shapely)) for ship (237,161,064 calculations)
    Processing 12,796 detections in chunks of 269
  WARNING: small-vehicle has 70,617,826 IoU calculations (6,218 dets × 11,357 GTs). This will be slow!
  Computing AP for small-vehicle: 6,218 dets, 11,357 GTs (70,617,826 IoU calculations)
    Using chunked batch IoU computation (CPU exact (shapely)) for small-vehicle (70,617,826 calculations)
    Processing 6,218 detections in chunks of 440
  WARNING: storage-tank has 17,110,431 IoU calculations (3,401 dets × 5,031 GTs). This will be slow!
  Computing AP for storage-tank: 3,401 dets, 5,031 GTs (17,110,431 IoU calculations)
    Using chunked batch IoU computation (CPU exact (shapely)) for storage-tank (17,110,431 calculations)
    Processing 3,401 detections in chunks of 993
  Computing AP for swimming-pool: 591 dets, 693 GTs (409,563 IoU calculations)
  Computing AP for tennis-court: 1,492 dets, 1,529 GTs (2,281,268 IoU calculations)
  mAP computation completed in 12m 26s. mAP: 0.8025
Validation Metrics:
--------------------------------------------------
  Eval thresholds (mAP / matching): score≥0.7000, IoU≥0.50
  Avg Detections per Image (score≥0.7000): 12.84  ↑0.03
  Avg Detections per Image (score≥0.5): 14.35  ↑0.01
  Max detection score: 1.000
  Mean detection score: 0.806
  Time per Step: 0.2347  ↑0.0004
  Accuracy: 0.9694 (96.94%)
  Correct Predictions: 41821/43140 (matched detections)
  Ground Truth objects: 57768
  GT covered pre-eval-threshold: 44984/57768
  GT covered post-eval-threshold: 41832/57768
  GT lost by eval-threshold filtering: 3152
  GT cover rate pre-eval-threshold: 77.87%
  GT cover rate post-eval-threshold: 72.41%
  GT IoU vs raw dets (eval IoU threshold=0.50; per-GT max IoU over all dets / over same-class dets):
    mean best IoU (any class): 0.6618, median: 0.8307
    mean best IoU (correct class): 0.6603, median: 0.8304
    per-class mean best IoU (raw detections):
      | class              | gts | mean_any | mean_same | med_same |
      |--------------------|-----:|----------:|-----------:|----------:|
      | baseball-diamond   | 364 |   0.8526 |    0.8526 |   0.8723 |
      | basketball-court   | 278 |   0.9072 |    0.9072 |   0.9193 |
      | bridge             | 664 |   0.7392 |    0.7374 |   0.7930 |
      | ground-track-field | 216 |   0.8546 |    0.8533 |   0.8856 |
      | harbor             | 4298 |   0.7394 |    0.7367 |   0.8227 |
      | helicopter         | 157 |   0.7978 |    0.7974 |   0.8319 |
      | large-vehicle      | 9398 |   0.7760 |    0.7739 |   0.8526 |
      | plane              | 4731 |   0.8596 |    0.8596 |   0.8979 |
      | roundabout         | 246 |   0.8418 |    0.8382 |   0.8824 |
      | ship               | 18534 |   0.5904 |    0.5900 |   0.8195 |
      | small-vehicle      | 11357 |   0.5164 |    0.5130 |   0.7441 |
      | soccer-ball-field  | 260 |   0.8483 |    0.8426 |   0.9018 |
      | storage-tank       | 5027 |   0.6393 |    0.6393 |   0.8392 |
      | swimming-pool      | 693 |   0.6717 |    0.6717 |   0.7460 |
      | tennis-court       | 1529 |   0.9184 |    0.9147 |   0.9417 |
      | global             | 57752 |   0.6618 |    0.6603 |   0.8304 |
    GTs with IoU≥thresh but no same-class hit (wrong-class / misaligned): 87
    GTs with no detection above IoU thresh (missed / poor loc): 12679
    GTs with 0% best IoU vs any detection (no spatial overlap): 10526 (18.23% of GTs)
    histogram best IoU (any class) [0,0.25)/[0.25,0.5)/[0.5,0.75)/[0.75,1]: 12338/341/5318/39755
    histogram best IoU (correct class) [0,0.25)/[0.25,0.5)/[0.5,0.75)/[0.75,1]: 12429/337/5325/39661
  Class-agnostic duplicate rate (post score thresh; IoU≥0.50 vs a higher-score box): micro=0.06% (28/43140 boxes), macro mean over images with detections=0.24% (3075 images)
  mAP: 0.8025  ↑0.0004 (80.25%)
  Per-Class AP:
    baseball-diamond: 0.9071  ↑0.0009 (90.71%)
    basketball-court: 0.9091  →0.0000 (90.91%)
    bridge: 0.8026  ↓0.0007 (80.26%)
    ground-track-field: 0.9031  ↑0.0003 (90.31%)
    harbor: 0.8136  ↑0.0889 (81.36%)
    helicopter: 0.8182  ↓0.0897 (81.82%)
    large-vehicle: 0.8171  ↑0.0001 (81.71%)
    plane: 0.9086  ↑0.0000 (90.86%)
    roundabout: 0.8178  ↑0.0000 (81.78%)
    ship: 0.6362  ↑0.0001 (63.62%)
    small-vehicle: 0.5357  ↑0.0014 (53.57%)
    soccer-ball-field: 0.9031  ↑0.0014 (90.31%)
    storage-tank: 0.6362  ↑0.0000 (63.62%)
    swimming-pool: 0.7206  ↑0.0026 (72.06%)
    tennis-court: 0.9091  →0.0000 (90.91%)
  Ground Truth Classes: 15 classes
  Predicted Classes: 15 classes
  Timing: 2h 47m this epoch (avg 2h 50m) | Training loop finished (no final mAP).

================================================================================
Training timing summary
================================================================================
  Started:   2026-09-11T10:23:58+00:00
  Finished:  2026-09-15T16:27:56+00:00
  Total wall: 4d 6h 3m (367437.9 s)
  Epochs:    36 completed (mean 2h 50m, min 2h 34m, max 3h 30m)
================================================================================

================================================================================
Training completed successfully!
================================================================================
Experiment directory: /home/jeffaudi/oriented-det/runs/oriented_rcnn/20260911-102320
  Checkpoints saved to: /home/jeffaudi/oriented-det/runs/oriented_rcnn/20260911-102320/checkpoints
  TensorBoard logs saved to: /home/jeffaudi/oriented-det/runs/oriented_rcnn/20260911-102320
  Config saved to: /home/jeffaudi/oriented-det/runs/oriented_rcnn/20260911-102320/config.json

View TensorBoard with:
  tensorboard --logdir /home/jeffaudi/oriented-det/runs/oriented_rcnn
  tensorboard --logdir /home/jeffaudi/oriented-det/runs/oriented_rcnn/20260911-102320
