Loading configuration from: configs/rotated_retinanet/dota_le90_3x.json
Training log file: /path/to/oriented-det/runs/rotated_retinanet/20260920-054001/train.log
================================================================================
ROTATED_RETINANET Training
================================================================================
Source git: v0.3.0-dirty (dirty working tree)
Source branch: main
Source commit date: 2026-09-19T04:41:02+00:00
Package: oriented-det 0.3.0
PyTorch Version: 2.3.0+cu121
CUDA Available: True
MPS (Apple Silicon) Available: False
CUDA Device: NVIDIA GeForce RTX 3090 Ti
Mixed Precision (AMP): False

Checking dataset directories...
Train tiles (2 root(s)):
  /path/to/data/DOTA-v1.0-tiled/train
    Images exist: True
    Labels exist: True
  /path/to/data/DOTA-v1.0-tiled/val
    Images exist: True
    Labels exist: True

Val tiles (1 root(s)):
  /path/to/data/DOTA-v1.0-tiled/val
    Images exist: True
    Labels exist: True


Loading datasets...
DOTA filter_empty_gt (MMRotate-style):
  train: filter_empty_gt dropped 19464 / 33155 tiles (13691 kept)
  val: filter_empty_gt dropped 4548 / 7669 tiles (3121 kept)

Found 15 classes:
  0: baseball-diamond
  1: basketball-court
  2: bridge
  3: ground-track-field
  4: harbor
  5: helicopter
  6: large-vehicle
  7: plane
  8: roundabout
  9: ship
  10: small-vehicle
  11: soccer-ball-field
  12: storage-tank
  13: swimming-pool
  14: tennis-court

Number of classes (foreground): 15
Class mapping: {'baseball-diamond': 1, 'basketball-court': 2, 'bridge': 3, 'ground-track-field': 4, 'harbor': 5, 'helicopter': 6, 'large-vehicle': 7, 'plane': 8, 'roundabout': 9, 'ship': 10, 'small-vehicle': 11, 'soccer-ball-field': 12, 'storage-tank': 13, 'swimming-pool': 14, 'tennis-court': 15}

Analyzing class distribution in training set...

================================================================================
Class Distribution Analysis - Training Set
================================================================================
Total objects: 264,176
Total classes: 15

Class Name           Count        Percentage  
--------------------------------------------------------------------------------
ship                     82,131       31.09%
small-vehicle            63,156       23.91%
large-vehicle            45,972       17.40%
plane                    20,023        7.58%
harbor                   17,028        6.45%
storage-tank             14,971        5.67%
tennis-court              6,149        2.33%
swimming-pool             4,273        1.62%
bridge                    4,122        1.56%
helicopter                1,286        0.49%
basketball-court          1,269        0.48%
baseball-diamond          1,120        0.42%
roundabout                1,017        0.38%
soccer-ball-field           874        0.33%
ground-track-field          785        0.30%
--------------------------------------------------------------------------------

Imbalance Ratio (max/min): 104.63x
Most frequent class: ship (82,131 instances)
Least frequent class: ground-track-field (785 instances)

Class weighting disabled (loss_type=focal)

Loss configuration: focal
  Focal Loss Alpha: 0.25
  Focal Loss Gamma: 2.0


Training configuration created:
  Model type: rotated_retinanet
  Experiment timestamp: 20260920-054001
  Number of classes: 15
  Batch size: 2
  Learning rate: 0.0025
  Epochs: 36

Creating collate functions...
  - Training: no Albumentations augmentation (flips: horizontal, vertical, diagonal; rotate off)
  - Validation: no augmentation

Creating data loaders...
Training samples: 13691
Validation samples: 3121
Batches per epoch: 6846

Creating model...
Using device: cuda

Complete ROTATED_RETINANET model created:
  Backbone: resnet50
  Number of classes: 15 (foreground)
  Pretrained backbone: True
  Trainable backbone layers: 3 (last 3 stages) (frozen_stages=1)
  RPN anchor reference angles (fixed horizontal priors, not configurable): ['0.0°']
  Anchor scales: [8]
  Anchor ratios: [0.5, 1.0, 2.0]
  FPN strides: [8, 16, 32, 64, 128]
  FPN levels: 5 (P3, P4, P5, P6, P7)
  ROI Loss Type: focal

  Total parameters: 36,587,892
  Trainable parameters: 36,365,492

Configuration saved to: /path/to/oriented-det/runs/rotated_retinanet/20260920-054001/config.json

Learning rate warmup enabled: 500 optimizer steps
  Warmup: 0 → 0.0025 over 500 steps
  After warmup: MultiStepLR at epochs [24, 33], gamma=0.1

Experiment directory: /path/to/oriented-det/runs/rotated_retinanet/20260920-054001
TensorBoard logging enabled. Logs saved to: /path/to/oriented-det/runs/rotated_retinanet/20260920-054001
View logs with: tensorboard --logdir /path/to/oriented-det/runs/rotated_retinanet
View this experiment with: tensorboard --logdir /path/to/oriented-det/runs/rotated_retinanet/20260920-054001

Training configuration:
  Epochs: 36
  Learning rate: 0.002500
  Batch size per GPU: 2
  Gradient accumulation: 1
  Best checkpoint metric: mAP (higher_is_better=True)
  Effective batch size: 2
  Mixed precision: False
  Eval (mAP / val matching): score_threshold=0.3, iou_threshold=0.5 (evaluation.train_val_score_threshold; production does not override)
  Eval IoU backend (mAP / GT cover): GPU sampling (approx)
  Eval IoU backend (final mAP): GPU sampling (approx)

Starting training from scratch (no checkpoint loaded)

Starting epoch: 0

Profiling disabled

================================================================================
Starting training...
================================================================================
TensorBoard: tensorboard --logdir /path/to/oriented-det/runs/rotated_retinanet
================================================================================

Training started at: 2026-09-20T05:42:43+00:00

Epoch 1/36
--------------------------------------------------
/home/jeffaudi/.pyenv/versions/oriented-det/lib/python3.12/site-packages/torch/nn/modules/conv.py:456: UserWarning: Plan failed with a cudnnException: CUDNN_BACKEND_EXECUTION_PLAN_DESCRIPTOR: cudnnFinalize Descriptor Failed cudnn_status: CUDNN_STATUS_NOT_SUPPORTED (Triggered internally at ../aten/src/ATen/native/cudnn/Conv_v8.cpp:919.)
  return F.conv2d(input, weight, bias, self.stride,
Epoch 1/36 complete: 6846/6846 batches, loss: 1.5523
  Effective LR: ref=2.500e-03 (0=2.500e-03)
  RetinaNet assign: pos=280.2, neg=391838.2, ignore=684.9
Validation complete: 1561 batches
Validation Metrics:
--------------------------------------------------
  Eval thresholds (mAP / matching): score≥0.3000, IoU≥0.50
  Avg Detections per Image (score≥0.3000): 2.50
  Avg Detections per Image (score≥0.5): 1.49
  Max detection score: 0.984
  Mean detection score: 0.125
  Time per Step: 0.2054
  Accuracy / GT cover: (skipped — computed on mAP epochs)
  Ground Truth objects: 57768
  mAP: (skipped)
  Ground Truth Classes: 15 classes
  Predicted Classes: 15 classes
  Timing: 35m 42s this epoch (avg 35m 42s) | ETA ~20h 49m for 35 epoch(s) left, mAP every 4 epoch(s).

Epoch 2/36
--------------------------------------------------
Epoch 2/36 complete: 6846/6846 batches, loss: 1.2509
  Effective LR: ref=2.500e-03 (0=2.500e-03)
  RetinaNet assign: pos=280.2, neg=391838.2, ignore=684.9
Validation complete: 1561 batches
Validation Metrics:
--------------------------------------------------
  Eval thresholds (mAP / matching): score≥0.3000, IoU≥0.50
  Avg Detections per Image (score≥0.3000): 7.35  ↑4.85
  Avg Detections per Image (score≥0.5): 3.51  ↑2.02
  Max detection score: 0.996
  Mean detection score: 0.147
  Time per Step: 0.3231  ↓0.1177
  Accuracy / GT cover: (skipped — computed on mAP epochs)
  Ground Truth objects: 57768
  mAP: (skipped)
  Ground Truth Classes: 15 classes
  Predicted Classes: 15 classes
  Timing: 41m 49s this epoch (avg 38m 45s) | ETA ~21h 57m for 34 epoch(s) left, mAP every 4 epoch(s).

Epoch 3/36
--------------------------------------------------
Epoch 3/36 complete: 6846/6846 batches, loss: 1.1006
  Effective LR: ref=2.500e-03 (0=2.500e-03)
  RetinaNet assign: pos=280.2, neg=391838.2, ignore=684.9
Validation complete: 1561 batches
Validation Metrics:
--------------------------------------------------
  Eval thresholds (mAP / matching): score≥0.3000, IoU≥0.50
  Avg Detections per Image (score≥0.3000): 8.44  ↑1.09
  Avg Detections per Image (score≥0.5): 4.27  ↑0.75
  Max detection score: 0.995
  Mean detection score: 0.147
  Time per Step: 0.3478  ↓0.0247
  Accuracy / GT cover: (skipped — computed on mAP epochs)
  Ground Truth objects: 57768
  mAP: (skipped)
  Ground Truth Classes: 15 classes
  Predicted Classes: 15 classes
  Timing: 40m 42s this epoch (avg 39m 24s) | ETA ~21h 40m for 33 epoch(s) left, mAP every 4 epoch(s).

Epoch 4/36
--------------------------------------------------
Epoch 4/36 complete: 6846/6846 batches, loss: 1.0061
  Effective LR: ref=2.500e-03 (0=2.500e-03)
  RetinaNet assign: pos=280.2, neg=391838.2, ignore=684.9

Computing mAP (periodic evaluation: every 4 epoch(s))...
Validation complete: 1561 batches

Computing mAP (this may take a while)...
  Eval filters: score≥0.3000, IoU≥0.50
  Images: 3,121
  Total detections (post score filter): 37,123 (11.9 per image)
  Total ground truths: 57,768 (18.5 per image)
  Computing AP for baseball-diamond: 604 dets, 364 GTs (219,856 IoU calculations)
  Computing AP for bridge: 197 dets, 666 GTs (131,202 IoU calculations)
  Computing AP for ground-track-field: 511 dets, 216 GTs (110,376 IoU calculations)
  WARNING: harbor has 14,914,060 IoU calculations (3,470 dets × 4,298 GTs). This will be slow!
  Computing AP for harbor: 3,470 dets, 4,298 GTs (14,914,060 IoU calculations)
    Using chunked batch IoU computation (GPU-accelerated) for harbor (14,914,060 calculations)
    Processing 3,470 detections in chunks of 1,163
  WARNING: large-vehicle has 49,508,664 IoU calculations (5,268 dets × 9,398 GTs). This will be slow!
  Computing AP for large-vehicle: 5,268 dets, 9,398 GTs (49,508,664 IoU calculations)
    Using chunked batch IoU computation (GPU-accelerated) for large-vehicle (49,508,664 calculations)
    Processing 5,268 detections in chunks of 532
  WARNING: plane has 21,847,758 IoU calculations (4,618 dets × 4,731 GTs). This will be slow!
  Computing AP for plane: 4,618 dets, 4,731 GTs (21,847,758 IoU calculations)
    Using chunked batch IoU computation (GPU-accelerated) for plane (21,847,758 calculations)
    Processing 4,618 detections in chunks of 1,056
  WARNING: ship has 224,465,274 IoU calculations (12,111 dets × 18,534 GTs). This will be slow!
  Computing AP for ship: 12,111 dets, 18,534 GTs (224,465,274 IoU calculations)
    Using chunked batch IoU computation (GPU-accelerated) for ship (224,465,274 calculations)
    Processing 12,111 detections in chunks of 269
  WARNING: small-vehicle has 50,902,074 IoU calculations (4,482 dets × 11,357 GTs). This will be slow!
  Computing AP for small-vehicle: 4,482 dets, 11,357 GTs (50,902,074 IoU calculations)
    Using chunked batch IoU computation (GPU-accelerated) for small-vehicle (50,902,074 calculations)
    Processing 4,482 detections in chunks of 440
  Computing AP for soccer-ball-field: 725 dets, 260 GTs (188,500 IoU calculations)
  WARNING: storage-tank has 10,912,239 IoU calculations (2,169 dets × 5,031 GTs). This will be slow!
  Computing AP for storage-tank: 2,169 dets, 5,031 GTs (10,912,239 IoU calculations)
    Using chunked batch IoU computation (GPU-accelerated) for storage-tank (10,912,239 calculations)
    Processing 2,169 detections in chunks of 993
  Computing AP for swimming-pool: 618 dets, 693 GTs (428,274 IoU calculations)
  Computing AP for tennis-court: 1,530 dets, 1,529 GTs (2,339,370 IoU calculations)
  mAP computation completed in 5m 45s. mAP: 0.5276
Validation Metrics:
--------------------------------------------------
  Eval thresholds (mAP / matching): score≥0.3000, IoU≥0.50
  Avg Detections per Image (score≥0.3000): 9.30  ↑0.86
  Avg Detections per Image (score≥0.5): 4.72  ↑0.46
  Max detection score: 0.994
  Mean detection score: 0.193
  Time per Step: 0.3502  ↓0.0024
  Accuracy: 0.8164 (81.64%)
  Correct Predictions: 30308/37123 (matched detections)
  Ground Truth objects: 57768
  GT covered pre-eval-threshold: 45043/57768
  GT covered post-eval-threshold: 30352/57768
  GT lost by eval-threshold filtering: 14691
  GT cover rate pre-eval-threshold: 77.97%
  GT cover rate post-eval-threshold: 52.54%
  GT IoU vs raw dets (eval IoU threshold=0.50; per-GT max IoU over all dets / over same-class dets):
    mean best IoU (any class): 0.6430, median: 0.7266
    mean best IoU (correct class): 0.6242, median: 0.7204
    per-class mean best IoU (raw detections):
      | class              | gts | mean_any | mean_same | med_same |
      |--------------------|-----:|----------:|-----------:|----------:|
      | baseball-diamond   | 364 |   0.6814 |    0.6745 |   0.7266 |
      | basketball-court   | 278 |   0.7360 |    0.7186 |   0.8134 |
      | bridge             | 666 |   0.4788 |    0.4448 |   0.5195 |
      | ground-track-field | 216 |   0.7344 |    0.6576 |   0.7314 |
      | harbor             | 4298 |   0.5605 |    0.5526 |   0.5770 |
      | helicopter         | 157 |   0.6461 |    0.4284 |   0.6228 |
      | large-vehicle      | 9398 |   0.6483 |    0.6269 |   0.7009 |
      | plane              | 4731 |   0.7534 |    0.7447 |   0.8062 |
      | roundabout         | 256 |   0.6814 |    0.6529 |   0.7426 |
      | ship               | 18534 |   0.6781 |    0.6684 |   0.7392 |
      | small-vehicle      | 11357 |   0.5777 |    0.5421 |   0.6917 |
      | soccer-ball-field  | 260 |   0.6717 |    0.6160 |   0.7033 |
      | storage-tank       | 5031 |   0.5809 |    0.5657 |   0.6918 |
      | swimming-pool      | 693 |   0.5708 |    0.5375 |   0.6232 |
      | tennis-court       | 1529 |   0.8173 |    0.8050 |   0.8518 |
      | global             | 57768 |   0.6430 |    0.6242 |   0.7204 |
    GTs with IoU≥thresh but no same-class hit (wrong-class / misaligned): 1275
    GTs with no detection above IoU thresh (missed / poor loc): 11406
    GTs with 0% best IoU vs any detection (no spatial overlap): 2508 (4.34% of GTs)
    histogram best IoU (any class) [0,0.25)/[0.25,0.5)/[0.5,0.75)/[0.75,1]: 5735/5671/21249/25113
    histogram best IoU (correct class) [0,0.25)/[0.25,0.5)/[0.5,0.75)/[0.75,1]: 7350/5331/20718/24369
  Class-agnostic duplicate rate (post score thresh; IoU≥0.50 vs a higher-score box): micro=2.28% (847/37123 boxes), macro mean over images with detections=4.16% (2772 images)
  mAP: 0.5276 (52.76%)
  Per-Class AP:
    baseball-diamond: 0.7384 (73.84%)
    basketball-court: 0.6986 (69.86%)
    bridge: 0.1615 (16.15%)
    ground-track-field: 0.4734 (47.34%)
    harbor: 0.4600 (46.00%)
    helicopter: 0.3396 (33.96%)
    large-vehicle: 0.3789 (37.89%)
    plane: 0.8142 (81.42%)
    roundabout: 0.5516 (55.16%)
    ship: 0.6167 (61.67%)
    small-vehicle: 0.3354 (33.54%)
    soccer-ball-field: 0.5383 (53.83%)
    storage-tank: 0.4499 (44.99%)
    swimming-pool: 0.4544 (45.44%)
    tennis-court: 0.9038 (90.38%)
  Ground Truth Classes: 15 classes
  Predicted Classes: 15 classes
  Timing: 46m 57s this epoch (avg 41m 17s) | ETA ~22h 1m for 32 epoch(s) left, mAP every 4 epoch(s).

Epoch 5/36
--------------------------------------------------
Epoch 5/36 complete: 6846/6846 batches, loss: 0.9359
  Effective LR: ref=2.500e-03 (0=2.500e-03)
  RetinaNet assign: pos=280.2, neg=391838.2, ignore=684.9
Validation complete: 1561 batches
Validation Metrics:
--------------------------------------------------
  Eval thresholds (mAP / matching): score≥0.3000, IoU≥0.50
  Avg Detections per Image (score≥0.3000): 10.47  ↑1.17
  Avg Detections per Image (score≥0.5): 5.38  ↑0.65
  Max detection score: 0.992
  Mean detection score: 0.171
  Time per Step: 0.3528  ↓0.0026
  Accuracy / GT cover: (skipped — computed on mAP epochs)
  Ground Truth objects: 57768
  mAP: (skipped)
  Ground Truth Classes: 15 classes
  Predicted Classes: 15 classes
  Timing: 39m 51s this epoch (avg 41m 0s) | ETA ~21h 11m for 31 epoch(s) left, mAP every 4 epoch(s).

Epoch 6/36
--------------------------------------------------
Epoch 6/36 complete: 6846/6846 batches, loss: 0.8841
  Effective LR: ref=2.500e-03 (0=2.500e-03)
  RetinaNet assign: pos=280.2, neg=391838.2, ignore=684.9
Validation complete: 1561 batches
Validation Metrics:
--------------------------------------------------
  Eval thresholds (mAP / matching): score≥0.3000, IoU≥0.50
  Avg Detections per Image (score≥0.3000): 11.44  ↑0.96
  Avg Detections per Image (score≥0.5): 6.19  ↑0.82
  Max detection score: 0.997
  Mean detection score: 0.208
  Time per Step: 0.3451  ↑0.0078
  Accuracy / GT cover: (skipped — computed on mAP epochs)
  Ground Truth objects: 57768
  mAP: (skipped)
  Ground Truth Classes: 15 classes
  Predicted Classes: 15 classes
  Timing: 38m 19s this epoch (avg 40m 33s) | ETA ~20h 16m for 30 epoch(s) left, mAP every 4 epoch(s).

Epoch 7/36
--------------------------------------------------
Epoch 7/36 complete: 6846/6846 batches, loss: 0.8438
  Effective LR: ref=2.500e-03 (0=2.500e-03)
  RetinaNet assign: pos=280.2, neg=391838.2, ignore=684.9
Validation complete: 1561 batches
Validation Metrics:
--------------------------------------------------
  Eval thresholds (mAP / matching): score≥0.3000, IoU≥0.50
  Avg Detections per Image (score≥0.3000): 11.82  ↑0.39
  Avg Detections per Image (score≥0.5): 6.38  ↑0.18
  Max detection score: 0.998
  Mean detection score: 0.165
  Time per Step: 0.3309  ↑0.0142
  Accuracy / GT cover: (skipped — computed on mAP epochs)
  Ground Truth objects: 57768
  mAP: (skipped)
  Ground Truth Classes: 15 classes
  Predicted Classes: 15 classes
  Timing: 36m 49s this epoch (avg 40m 1s) | ETA ~19h 20m for 29 epoch(s) left, mAP every 4 epoch(s).

Epoch 8/36
--------------------------------------------------
Epoch 8/36 complete: 6846/6846 batches, loss: 0.8091
  Effective LR: ref=2.500e-03 (0=2.500e-03)
  RetinaNet assign: pos=280.2, neg=391838.2, ignore=684.9

Computing mAP (periodic evaluation: every 4 epoch(s))...
Validation complete: 1561 batches

Computing mAP (this may take a while)...
  Eval filters: score≥0.3000, IoU≥0.50
  Images: 3,121
  Total detections (post score filter): 49,314 (15.8 per image)
  Total ground truths: 57,768 (18.5 per image)
  WARNING: harbor has 13,796,580 IoU calculations (3,210 dets × 4,298 GTs). This will be slow!
  Computing AP for harbor: 3,210 dets, 4,298 GTs (13,796,580 IoU calculations)
    Using chunked batch IoU computation (GPU-accelerated) for harbor (13,796,580 calculations)
    Processing 3,210 detections in chunks of 1,163
  WARNING: large-vehicle has 82,852,768 IoU calculations (8,816 dets × 9,398 GTs). This will be slow!
  Computing AP for large-vehicle: 8,816 dets, 9,398 GTs (82,852,768 IoU calculations)
    Using chunked batch IoU computation (GPU-accelerated) for large-vehicle (82,852,768 calculations)
    Processing 8,816 detections in chunks of 532
  WARNING: plane has 22,529,022 IoU calculations (4,762 dets × 4,731 GTs). This will be slow!
  Computing AP for plane: 4,762 dets, 4,731 GTs (22,529,022 IoU calculations)
    Using chunked batch IoU computation (GPU-accelerated) for plane (22,529,022 calculations)
    Processing 4,762 detections in chunks of 1,056
  WARNING: ship has 320,508,462 IoU calculations (17,293 dets × 18,534 GTs). This will be slow!
  Computing AP for ship: 17,293 dets, 18,534 GTs (320,508,462 IoU calculations)
    Using chunked batch IoU computation (GPU-accelerated) for ship (320,508,462 calculations)
    Processing 17,293 detections in chunks of 269
  WARNING: small-vehicle has 122,553,387 IoU calculations (10,791 dets × 11,357 GTs). This will be slow!
  Computing AP for small-vehicle: 10,791 dets, 11,357 GTs (122,553,387 IoU calculations)
    Using chunked batch IoU computation (GPU-accelerated) for small-vehicle (122,553,387 calculations)
    Processing 10,791 detections in chunks of 440
  Computing AP for storage-tank: 1,735 dets, 5,031 GTs (8,728,785 IoU calculations)
  Computing AP for swimming-pool: 496 dets, 693 GTs (343,728 IoU calculations)
  Computing AP for tennis-court: 1,345 dets, 1,529 GTs (2,056,505 IoU calculations)
  mAP computation completed in 8m 30s. mAP: 0.5019
Validation Metrics:
--------------------------------------------------
  Eval thresholds (mAP / matching): score≥0.3000, IoU≥0.50
  Avg Detections per Image (score≥0.3000): 12.32  ↑0.50
  Avg Detections per Image (score≥0.5): 6.79  ↑0.41
  Max detection score: 0.983
  Mean detection score: 0.177
  Time per Step: 0.3226  ↑0.0083
  Accuracy: 0.8171 (81.71%)
  Correct Predictions: 40296/49314 (matched detections)
  Ground Truth objects: 57768
  GT covered pre-eval-threshold: 48714/57768
  GT covered post-eval-threshold: 40321/57768
  GT lost by eval-threshold filtering: 8393
  GT cover rate pre-eval-threshold: 84.33%
  GT cover rate post-eval-threshold: 69.80%
  GT IoU vs raw dets (eval IoU threshold=0.50; per-GT max IoU over all dets / over same-class dets):
    mean best IoU (any class): 0.6872, median: 0.7417
    mean best IoU (correct class): 0.6712, median: 0.7369
    per-class mean best IoU (raw detections):
      | class              | gts | mean_any | mean_same | med_same |
      |--------------------|-----:|----------:|-----------:|----------:|
      | baseball-diamond   | 364 |   0.7072 |    0.6855 |   0.7662 |
      | basketball-court   | 278 |   0.7923 |    0.7778 |   0.8346 |
      | bridge             | 666 |   0.4974 |    0.4751 |   0.5570 |
      | ground-track-field | 216 |   0.7500 |    0.7438 |   0.8012 |
      | harbor             | 4298 |   0.6060 |    0.5852 |   0.6198 |
      | helicopter         | 157 |   0.6944 |    0.4099 |   0.5748 |
      | large-vehicle      | 9398 |   0.7057 |    0.6859 |   0.7298 |
      | plane              | 4731 |   0.7823 |    0.7759 |   0.8263 |
      | roundabout         | 256 |   0.6096 |    0.4965 |   0.6836 |
      | ship               | 18534 |   0.7051 |    0.7027 |   0.7477 |
      | small-vehicle      | 11357 |   0.6636 |    0.6596 |   0.7170 |
      | soccer-ball-field  | 260 |   0.7067 |    0.6310 |   0.7877 |
      | storage-tank       | 5031 |   0.6091 |    0.5384 |   0.6530 |
      | swimming-pool      | 693 |   0.5956 |    0.5603 |   0.6350 |
      | tennis-court       | 1529 |   0.8215 |    0.8069 |   0.8669 |
      | global             | 57768 |   0.6872 |    0.6712 |   0.7369 |
    GTs with IoU≥thresh but no same-class hit (wrong-class / misaligned): 1068
    GTs with no detection above IoU thresh (missed / poor loc): 7842
    GTs with 0% best IoU vs any detection (no spatial overlap): 682 (1.18% of GTs)
    histogram best IoU (any class) [0,0.25)/[0.25,0.5)/[0.5,0.75)/[0.75,1]: 2763/5079/22668/27258
    histogram best IoU (correct class) [0,0.25)/[0.25,0.5)/[0.5,0.75)/[0.75,1]: 4065/4845/22453/26405
  Class-agnostic duplicate rate (post score thresh; IoU≥0.50 vs a higher-score box): micro=0.86% (425/49314 boxes), macro mean over images with detections=1.53% (2490 images)
  mAP: 0.5019  ↓0.0257 (50.19%)
  Per-Class AP:
    baseball-diamond: 0.4446  ↓0.2939 (44.46%)
    basketball-court: 0.7174  ↑0.0189 (71.74%)
    bridge: 0.0909  ↓0.0706 (9.09%)
    ground-track-field: 0.5958  ↑0.1224 (59.58%)
    harbor: 0.4880  ↑0.0281 (48.80%)
    helicopter: 0.0909  ↓0.2487 (9.09%)
    large-vehicle: 0.6570  ↑0.2780 (65.70%)
    plane: 0.8977  ↑0.0835 (89.77%)
    roundabout: 0.0000  ↓0.5516 (0.00%)
    ship: 0.7913  ↑0.1746 (79.13%)
    small-vehicle: 0.5771  ↑0.2417 (57.71%)
    soccer-ball-field: 0.5212  ↓0.0171 (52.12%)
    storage-tank: 0.3595  ↓0.0903 (35.95%)
    swimming-pool: 0.4792  ↑0.0248 (47.92%)
    tennis-court: 0.8182  ↓0.0856 (81.82%)
  Ground Truth Classes: 15 classes
  Predicted Classes: 15 classes
  Timing: 47m 44s this epoch (avg 40m 59s) | ETA ~19h 7m for 28 epoch(s) left, mAP every 4 epoch(s).

Epoch 9/36
--------------------------------------------------
Epoch 9/36 complete: 6846/6846 batches, loss: 0.7816
  Effective LR: ref=2.500e-03 (0=2.500e-03)
  RetinaNet assign: pos=280.2, neg=391838.2, ignore=684.9
Validation complete: 1561 batches
Validation Metrics:
--------------------------------------------------
  Eval thresholds (mAP / matching): score≥0.3000, IoU≥0.50
  Avg Detections per Image (score≥0.3000): 12.90  ↑0.58
  Avg Detections per Image (score≥0.5): 7.20  ↑0.41
  Max detection score: 0.999
  Mean detection score: 0.198
  Time per Step: 0.3206  ↑0.0020
  Accuracy / GT cover: (skipped — computed on mAP epochs)
  Ground Truth objects: 57768
  mAP: (skipped)
  Ground Truth Classes: 15 classes
  Predicted Classes: 15 classes
  Timing: 38m 16s this epoch (avg 40m 41s) | ETA ~18h 18m for 27 epoch(s) left, mAP every 4 epoch(s).

Epoch 10/36
--------------------------------------------------
Epoch 10/36 complete: 6846/6846 batches, loss: 0.7567
  Effective LR: ref=2.500e-03 (0=2.500e-03)
  RetinaNet assign: pos=280.2, neg=391838.2, ignore=684.9
Validation complete: 1561 batches
Validation Metrics:
--------------------------------------------------
  Eval thresholds (mAP / matching): score≥0.3000, IoU≥0.50
  Avg Detections per Image (score≥0.3000): 13.32  ↑0.43
  Avg Detections per Image (score≥0.5): 7.38  ↑0.17
  Max detection score: 0.998
  Mean detection score: 0.182
  Time per Step: 0.3206  ↑0.0000
  Accuracy / GT cover: (skipped — computed on mAP epochs)
  Ground Truth objects: 57768
  mAP: (skipped)
  Ground Truth Classes: 15 classes
  Predicted Classes: 15 classes
  Timing: 38m 41s this epoch (avg 40m 29s) | ETA ~17h 32m for 26 epoch(s) left, mAP every 4 epoch(s).

Epoch 11/36
--------------------------------------------------
Epoch 11/36 complete: 6846/6846 batches, loss: 0.7344
  Effective LR: ref=2.500e-03 (0=2.500e-03)
  RetinaNet assign: pos=280.2, neg=391838.2, ignore=684.9
Validation complete: 1561 batches
Validation Metrics:
--------------------------------------------------
  Eval thresholds (mAP / matching): score≥0.3000, IoU≥0.50
  Avg Detections per Image (score≥0.3000): 13.31  ↓0.01
  Avg Detections per Image (score≥0.5): 7.32  ↓0.06
  Max detection score: 0.998
  Mean detection score: 0.211
  Time per Step: 0.3134  ↑0.0072
  Accuracy / GT cover: (skipped — computed on mAP epochs)
  Ground Truth objects: 57768
  mAP: (skipped)
  Ground Truth Classes: 15 classes
  Predicted Classes: 15 classes
  Timing: 36m 41s this epoch (avg 40m 8s) | ETA ~16h 43m for 25 epoch(s) left, mAP every 4 epoch(s).

Epoch 12/36
--------------------------------------------------
Epoch 12/36 complete: 6846/6846 batches, loss: 0.7146
  Effective LR: ref=2.500e-03 (0=2.500e-03)
  RetinaNet assign: pos=280.2, neg=391838.2, ignore=684.9

Computing mAP (periodic evaluation: every 4 epoch(s))...
Validation complete: 1561 batches

Computing mAP (this may take a while)...
  Eval filters: score≥0.3000, IoU≥0.50
  Images: 3,121
  Total detections (post score filter): 51,049 (16.4 per image)
  Total ground truths: 57,768 (18.5 per image)
  Warning: Large number of detections may slow down mAP computation
  Consider increasing evaluation.train_val_score_threshold (current: 0.3) for faster mAP matching
  Computing AP for baseball-diamond: 330 dets, 364 GTs (120,120 IoU calculations)
  Computing AP for bridge: 299 dets, 666 GTs (199,134 IoU calculations)
  WARNING: harbor has 10,495,716 IoU calculations (2,442 dets × 4,298 GTs). This will be slow!
  Computing AP for harbor: 2,442 dets, 4,298 GTs (10,495,716 IoU calculations)
    Using chunked batch IoU computation (GPU-accelerated) for harbor (10,495,716 calculations)
    Processing 2,442 detections in chunks of 1,163
  WARNING: large-vehicle has 90,493,342 IoU calculations (9,629 dets × 9,398 GTs). This will be slow!
  Computing AP for large-vehicle: 9,629 dets, 9,398 GTs (90,493,342 IoU calculations)
    Using chunked batch IoU computation (GPU-accelerated) for large-vehicle (90,493,342 calculations)
    Processing 9,629 detections in chunks of 532
  WARNING: plane has 20,669,739 IoU calculations (4,369 dets × 4,731 GTs). This will be slow!
  Computing AP for plane: 4,369 dets, 4,731 GTs (20,669,739 IoU calculations)
    Using chunked batch IoU computation (GPU-accelerated) for plane (20,669,739 calculations)
    Processing 4,369 detections in chunks of 1,056
  WARNING: ship has 331,628,862 IoU calculations (17,893 dets × 18,534 GTs). This will be slow!
  Computing AP for ship: 17,893 dets, 18,534 GTs (331,628,862 IoU calculations)
    Using chunked batch IoU computation (GPU-accelerated) for ship (331,628,862 calculations)
    Processing 17,893 detections in chunks of 269
  WARNING: small-vehicle has 114,228,706 IoU calculations (10,058 dets × 11,357 GTs). This will be slow!
  Computing AP for small-vehicle: 10,058 dets, 11,357 GTs (114,228,706 IoU calculations)
    Using chunked batch IoU computation (GPU-accelerated) for small-vehicle (114,228,706 calculations)
    Processing 10,058 detections in chunks of 440
  WARNING: storage-tank has 14,122,017 IoU calculations (2,807 dets × 5,031 GTs). This will be slow!
  Computing AP for storage-tank: 2,807 dets, 5,031 GTs (14,122,017 IoU calculations)
    Using chunked batch IoU computation (GPU-accelerated) for storage-tank (14,122,017 calculations)
    Processing 2,807 detections in chunks of 993
  Computing AP for swimming-pool: 606 dets, 693 GTs (419,958 IoU calculations)
  Computing AP for tennis-court: 1,417 dets, 1,529 GTs (2,166,593 IoU calculations)
  mAP computation completed in 8m 45s. mAP: 0.6640
Validation Metrics:
--------------------------------------------------
  Eval thresholds (mAP / matching): score≥0.3000, IoU≥0.50
  Avg Detections per Image (score≥0.3000): 13.57  ↑0.25
  Avg Detections per Image (score≥0.5): 7.51  ↑0.19
  Max detection score: 0.991
  Mean detection score: 0.200
  Time per Step: 0.3069  ↑0.0066
  Accuracy: 0.8371 (83.71%)
  Correct Predictions: 42733/51049 (matched detections)
  Ground Truth objects: 57768
  GT covered pre-eval-threshold: 50316/57768
  GT covered post-eval-threshold: 42763/57768
  GT lost by eval-threshold filtering: 7553
  GT cover rate pre-eval-threshold: 87.10%
  GT cover rate post-eval-threshold: 74.03%
  GT IoU vs raw dets (eval IoU threshold=0.50; per-GT max IoU over all dets / over same-class dets):
    mean best IoU (any class): 0.7018, median: 0.7528
    mean best IoU (correct class): 0.6928, median: 0.7507
    per-class mean best IoU (raw detections):
      | class              | gts | mean_any | mean_same | med_same |
      |--------------------|-----:|----------:|-----------:|----------:|
      | baseball-diamond   | 364 |   0.7441 |    0.7422 |   0.7760 |
      | basketball-court   | 278 |   0.8380 |    0.8368 |   0.8687 |
      | bridge             | 666 |   0.5607 |    0.5394 |   0.5821 |
      | ground-track-field | 216 |   0.7811 |    0.7778 |   0.8148 |
      | harbor             | 4298 |   0.6314 |    0.6123 |   0.6526 |
      | helicopter         | 157 |   0.7153 |    0.6699 |   0.7055 |
      | large-vehicle      | 9398 |   0.7190 |    0.7007 |   0.7442 |
      | plane              | 4731 |   0.7927 |    0.7854 |   0.8321 |
      | roundabout         | 256 |   0.7365 |    0.7247 |   0.8078 |
      | ship               | 18534 |   0.7199 |    0.7165 |   0.7576 |
      | small-vehicle      | 11357 |   0.6726 |    0.6666 |   0.7254 |
      | soccer-ball-field  | 260 |   0.7222 |    0.6742 |   0.8116 |
      | storage-tank       | 5031 |   0.6147 |    0.6063 |   0.7291 |
      | swimming-pool      | 693 |   0.6041 |    0.5956 |   0.6533 |
      | tennis-court       | 1529 |   0.8446 |    0.8360 |   0.8774 |
      | global             | 57768 |   0.7018 |    0.6928 |   0.7507 |
    GTs with IoU≥thresh but no same-class hit (wrong-class / misaligned): 649
    GTs with no detection above IoU thresh (missed / poor loc): 6644
    GTs with 0% best IoU vs any detection (no spatial overlap): 698 (1.21% of GTs)
    histogram best IoU (any class) [0,0.25)/[0.25,0.5)/[0.5,0.75)/[0.75,1]: 2451/4193/21693/29431
    histogram best IoU (correct class) [0,0.25)/[0.25,0.5)/[0.5,0.75)/[0.75,1]: 3141/4152/21468/29007
  Class-agnostic duplicate rate (post score thresh; IoU≥0.50 vs a higher-score box): micro=0.57% (293/51049 boxes), macro mean over images with detections=1.26% (2800 images)
  mAP: 0.6640  ↑0.1621 (66.40%)
  Per-Class AP:
    baseball-diamond: 0.7997  ↑0.3551 (79.97%)
    basketball-court: 0.8053  ↑0.0879 (80.53%)
    bridge: 0.2354  ↑0.1445 (23.54%)
    ground-track-field: 0.7879  ↑0.1921 (78.79%)
    harbor: 0.4345  ↓0.0536 (43.45%)
    helicopter: 0.6851  ↑0.5942 (68.51%)
    large-vehicle: 0.6642  ↑0.0072 (66.42%)
    plane: 0.8174  ↓0.0803 (81.74%)
    roundabout: 0.7050  ↑0.7050 (70.50%)
    ship: 0.7938  ↑0.0026 (79.38%)
    small-vehicle: 0.5898  ↑0.0127 (58.98%)
    soccer-ball-field: 0.6215  ↑0.1003 (62.15%)
    storage-tank: 0.5370  ↑0.1774 (53.70%)
    swimming-pool: 0.5750  ↑0.0958 (57.50%)
    tennis-court: 0.9090  ↑0.0908 (90.90%)
  Ground Truth Classes: 15 classes
  Predicted Classes: 15 classes
  Timing: 47m 41s this epoch (avg 40m 46s) | ETA ~16h 18m for 24 epoch(s) left, mAP every 4 epoch(s).

Epoch 13/36
--------------------------------------------------
Epoch 13/36 complete: 6846/6846 batches, loss: 0.6969
  Effective LR: ref=2.500e-03 (0=2.500e-03)
  RetinaNet assign: pos=280.2, neg=391838.2, ignore=684.9
Validation complete: 1561 batches
Validation Metrics:
--------------------------------------------------
  Eval thresholds (mAP / matching): score≥0.3000, IoU≥0.50
  Avg Detections per Image (score≥0.3000): 13.74  ↑0.17
  Avg Detections per Image (score≥0.5): 7.71  ↑0.20
  Max detection score: 0.999
  Mean detection score: 0.287
  Time per Step: 0.3012  ↑0.0056
  Accuracy / GT cover: (skipped — computed on mAP epochs)
  Ground Truth objects: 57768
  mAP: (skipped)
  Ground Truth Classes: 15 classes
  Predicted Classes: 15 classes
  Timing: 36m 47s this epoch (avg 40m 28s) | ETA ~15h 30m for 23 epoch(s) left, mAP every 4 epoch(s).

Epoch 14/36
--------------------------------------------------
Epoch 14/36 complete: 6846/6846 batches, loss: 0.6820
  Effective LR: ref=2.500e-03 (0=2.500e-03)
  RetinaNet assign: pos=280.2, neg=391838.2, ignore=684.9
Validation complete: 1561 batches
Validation Metrics:
--------------------------------------------------
  Eval thresholds (mAP / matching): score≥0.3000, IoU≥0.50
  Avg Detections per Image (score≥0.3000): 13.81  ↑0.07
  Avg Detections per Image (score≥0.5): 7.80  ↑0.09
  Max detection score: 0.999
  Mean detection score: 0.231
  Time per Step: 0.2992  ↑0.0021
  Accuracy / GT cover: (skipped — computed on mAP epochs)
  Ground Truth objects: 57768
  mAP: (skipped)
  Ground Truth Classes: 15 classes
  Predicted Classes: 15 classes
  Timing: 38m 2s this epoch (avg 40m 17s) | ETA ~14h 46m for 22 epoch(s) left, mAP every 4 epoch(s).

Epoch 15/36
--------------------------------------------------
Epoch 15/36 complete: 6846/6846 batches, loss: 0.6676
  Effective LR: ref=2.500e-03 (0=2.500e-03)
  RetinaNet assign: pos=280.2, neg=391838.2, ignore=684.9
Validation complete: 1561 batches
Validation Metrics:
--------------------------------------------------
  Eval thresholds (mAP / matching): score≥0.3000, IoU≥0.50
  Avg Detections per Image (score≥0.3000): 14.00  ↑0.19
  Avg Detections per Image (score≥0.5): 8.00  ↑0.20
  Max detection score: 1.000
  Mean detection score: 0.221
  Time per Step: 0.2962  ↑0.0030
  Accuracy / GT cover: (skipped — computed on mAP epochs)
  Ground Truth objects: 57768
  mAP: (skipped)
  Ground Truth Classes: 15 classes
  Predicted Classes: 15 classes
  Timing: 36m 59s this epoch (avg 40m 4s) | ETA ~14h 1m for 21 epoch(s) left, mAP every 4 epoch(s).

Epoch 16/36
--------------------------------------------------
Epoch 16/36 complete: 6846/6846 batches, loss: 0.6542
  Effective LR: ref=2.500e-03 (0=2.500e-03)
  RetinaNet assign: pos=280.2, neg=391838.2, ignore=684.9

Computing mAP (periodic evaluation: every 4 epoch(s))...
Validation complete: 1561 batches

Computing mAP (this may take a while)...
  Eval filters: score≥0.3000, IoU≥0.50
  Images: 3,121
  Total detections (post score filter): 52,300 (16.8 per image)
  Total ground truths: 57,768 (18.5 per image)
  Warning: Large number of detections may slow down mAP computation
  Consider increasing evaluation.train_val_score_threshold (current: 0.3) for faster mAP matching
  Computing AP for baseball-diamond: 356 dets, 364 GTs (129,584 IoU calculations)
  WARNING: harbor has 10,040,128 IoU calculations (2,336 dets × 4,298 GTs). This will be slow!
  Computing AP for harbor: 2,336 dets, 4,298 GTs (10,040,128 IoU calculations)
    Using chunked batch IoU computation (GPU-accelerated) for harbor (10,040,128 calculations)
    Processing 2,336 detections in chunks of 1,163
  WARNING: large-vehicle has 71,800,720 IoU calculations (7,640 dets × 9,398 GTs). This will be slow!
  Computing AP for large-vehicle: 7,640 dets, 9,398 GTs (71,800,720 IoU calculations)
    Using chunked batch IoU computation (GPU-accelerated) for large-vehicle (71,800,720 calculations)
    Processing 7,640 detections in chunks of 532
  WARNING: plane has 21,554,436 IoU calculations (4,556 dets × 4,731 GTs). This will be slow!
  Computing AP for plane: 4,556 dets, 4,731 GTs (21,554,436 IoU calculations)
    Using chunked batch IoU computation (GPU-accelerated) for plane (21,554,436 calculations)
    Processing 4,556 detections in chunks of 1,056
  WARNING: ship has 257,363,124 IoU calculations (13,886 dets × 18,534 GTs). This will be slow!
  Computing AP for ship: 13,886 dets, 18,534 GTs (257,363,124 IoU calculations)
    Using chunked batch IoU computation (GPU-accelerated) for ship (257,363,124 calculations)
    Processing 13,886 detections in chunks of 269
  WARNING: small-vehicle has 111,911,878 IoU calculations (9,854 dets × 11,357 GTs). This will be slow!
  Computing AP for small-vehicle: 9,854 dets, 11,357 GTs (111,911,878 IoU calculations)
    Using chunked batch IoU computation (GPU-accelerated) for small-vehicle (111,911,878 calculations)
    Processing 9,854 detections in chunks of 440
  WARNING: storage-tank has 50,063,481 IoU calculations (9,951 dets × 5,031 GTs). This will be slow!
  Computing AP for storage-tank: 9,951 dets, 5,031 GTs (50,063,481 IoU calculations)
    Using chunked batch IoU computation (GPU-accelerated) for storage-tank (50,063,481 calculations)
    Processing 9,951 detections in chunks of 993
  Computing AP for swimming-pool: 751 dets, 693 GTs (520,443 IoU calculations)
  Computing AP for tennis-court: 1,466 dets, 1,529 GTs (2,241,514 IoU calculations)
  mAP computation completed in 7m 51s. mAP: 0.6828
Validation Metrics:
--------------------------------------------------
  Eval thresholds (mAP / matching): score≥0.3000, IoU≥0.50
  Avg Detections per Image (score≥0.3000): 14.17  ↑0.17
  Avg Detections per Image (score≥0.5): 8.01  ↑0.01
  Max detection score: 0.997
  Mean detection score: 0.173
  Time per Step: 0.2920  ↑0.0042
  Accuracy: 0.7682 (76.82%)
  Correct Predictions: 40177/52300 (matched detections)
  Ground Truth objects: 57768
  GT covered pre-eval-threshold: 50274/57768
  GT covered post-eval-threshold: 40205/57768
  GT lost by eval-threshold filtering: 10070
  GT cover rate pre-eval-threshold: 87.03%
  GT cover rate post-eval-threshold: 69.60%
  GT IoU vs raw dets (eval IoU threshold=0.50; per-GT max IoU over all dets / over same-class dets):
    mean best IoU (any class): 0.7101, median: 0.7632
    mean best IoU (correct class): 0.7010, median: 0.7593
    per-class mean best IoU (raw detections):
      | class              | gts | mean_any | mean_same | med_same |
      |--------------------|-----:|----------:|-----------:|----------:|
      | baseball-diamond   | 364 |   0.7783 |    0.7768 |   0.8047 |
      | basketball-court   | 278 |   0.8424 |    0.8408 |   0.8541 |
      | bridge             | 666 |   0.4938 |    0.4882 |   0.5290 |
      | ground-track-field | 216 |   0.7870 |    0.7845 |   0.8203 |
      | harbor             | 4298 |   0.6340 |    0.6285 |   0.6627 |
      | helicopter         | 157 |   0.7007 |    0.6638 |   0.7250 |
      | large-vehicle      | 9398 |   0.7119 |    0.6975 |   0.7489 |
      | plane              | 4731 |   0.7987 |    0.7965 |   0.8433 |
      | roundabout         | 256 |   0.7808 |    0.7622 |   0.8313 |
      | ship               | 18534 |   0.7351 |    0.7228 |   0.7695 |
      | small-vehicle      | 11357 |   0.6871 |    0.6816 |   0.7342 |
      | soccer-ball-field  | 260 |   0.7478 |    0.7170 |   0.8331 |
      | storage-tank       | 5031 |   0.6252 |    0.6217 |   0.7091 |
      | swimming-pool      | 693 |   0.6233 |    0.6098 |   0.6598 |
      | tennis-court       | 1529 |   0.8511 |    0.8415 |   0.8723 |
      | global             | 57768 |   0.7101 |    0.7010 |   0.7593 |
    GTs with IoU≥thresh but no same-class hit (wrong-class / misaligned): 547
    GTs with no detection above IoU thresh (missed / poor loc): 6832
    GTs with 0% best IoU vs any detection (no spatial overlap): 559 (0.97% of GTs)
    histogram best IoU (any class) [0,0.25)/[0.25,0.5)/[0.5,0.75)/[0.75,1]: 2067/4765/19422/31514
    histogram best IoU (correct class) [0,0.25)/[0.25,0.5)/[0.5,0.75)/[0.75,1]: 2689/4690/19700/30689
  Class-agnostic duplicate rate (post score thresh; IoU≥0.50 vs a higher-score box): micro=0.82% (430/52300 boxes), macro mean over images with detections=1.24% (2736 images)
  mAP: 0.6828  ↑0.0187 (68.28%)
  Per-Class AP:
    baseball-diamond: 0.8112  ↑0.0115 (81.12%)
    basketball-court: 0.8999  ↑0.0946 (89.99%)
    bridge: 0.1665  ↓0.0689 (16.65%)
    ground-track-field: 0.8807  ↑0.0928 (88.07%)
    harbor: 0.4326  ↓0.0019 (43.26%)
    helicopter: 0.7549  ↑0.0699 (75.49%)
    large-vehicle: 0.6022  ↓0.0620 (60.22%)
    plane: 0.8176  ↑0.0002 (81.76%)
    roundabout: 0.7852  ↑0.0801 (78.52%)
    ship: 0.7104  ↓0.0834 (71.04%)
    small-vehicle: 0.5938  ↑0.0040 (59.38%)
    soccer-ball-field: 0.7099  ↑0.0884 (70.99%)
    storage-tank: 0.5884  ↑0.0514 (58.84%)
    swimming-pool: 0.5795  ↑0.0045 (57.95%)
    tennis-court: 0.9090  ↑0.0000 (90.90%)
  Ground Truth Classes: 15 classes
  Predicted Classes: 15 classes
  Timing: 46m 16s this epoch (avg 40m 27s) | ETA ~13h 29m for 20 epoch(s) left, mAP every 4 epoch(s).

Epoch 17/36
--------------------------------------------------
Epoch 17/36 complete: 6846/6846 batches, loss: 0.6425
  Effective LR: ref=2.500e-03 (0=2.500e-03)
  RetinaNet assign: pos=280.2, neg=391838.2, ignore=684.9
Validation complete: 1561 batches
Validation Metrics:
--------------------------------------------------
  Eval thresholds (mAP / matching): score≥0.3000, IoU≥0.50
  Avg Detections per Image (score≥0.3000): 14.38  ↑0.21
  Avg Detections per Image (score≥0.5): 8.26  ↑0.25
  Max detection score: 0.998
  Mean detection score: 0.276
  Time per Step: 0.2876  ↑0.0043
  Accuracy / GT cover: (skipped — computed on mAP epochs)
  Ground Truth objects: 57768
  mAP: (skipped)
  Ground Truth Classes: 15 classes
  Predicted Classes: 15 classes
  Timing: 36m 2s this epoch (avg 40m 12s) | ETA ~12h 43m for 19 epoch(s) left, mAP every 4 epoch(s).

Epoch 18/36
--------------------------------------------------
Epoch 18/36 complete: 6846/6846 batches, loss: 0.6313
  Effective LR: ref=2.500e-03 (0=2.500e-03)
  RetinaNet assign: pos=280.2, neg=391838.2, ignore=684.9
Validation complete: 1561 batches
Validation Metrics:
--------------------------------------------------
  Eval thresholds (mAP / matching): score≥0.3000, IoU≥0.50
  Avg Detections per Image (score≥0.3000): 14.52  ↑0.14
  Avg Detections per Image (score≥0.5): 8.42  ↑0.16
  Max detection score: 0.998
  Mean detection score: 0.242
  Time per Step: 0.2837  ↑0.0039
  Accuracy / GT cover: (skipped — computed on mAP epochs)
  Ground Truth objects: 57768
  mAP: (skipped)
  Ground Truth Classes: 15 classes
  Predicted Classes: 15 classes
  Timing: 35m 58s this epoch (avg 39m 58s) | ETA ~11h 59m for 18 epoch(s) left, mAP every 4 epoch(s).

Epoch 19/36
--------------------------------------------------
Epoch 19/36 complete: 6846/6846 batches, loss: 0.6208
  Effective LR: ref=2.500e-03 (0=2.500e-03)
  RetinaNet assign: pos=280.2, neg=391838.2, ignore=684.9
Validation complete: 1561 batches
Validation Metrics:
--------------------------------------------------
  Eval thresholds (mAP / matching): score≥0.3000, IoU≥0.50
  Avg Detections per Image (score≥0.3000): 14.68  ↑0.16
  Avg Detections per Image (score≥0.5): 8.57  ↑0.15
  Max detection score: 0.999
  Mean detection score: 0.238
  Time per Step: 0.2816  ↑0.0021
  Accuracy / GT cover: (skipped — computed on mAP epochs)
  Ground Truth objects: 57768
  mAP: (skipped)
  Ground Truth Classes: 15 classes
  Predicted Classes: 15 classes
  Timing: 36m 41s this epoch (avg 39m 47s) | ETA ~11h 16m for 17 epoch(s) left, mAP every 4 epoch(s).

Epoch 20/36
--------------------------------------------------
Epoch 20/36 complete: 6846/6846 batches, loss: 0.6115
  Effective LR: ref=2.500e-03 (0=2.500e-03)
  RetinaNet assign: pos=280.2, neg=391838.2, ignore=684.9

Computing mAP (periodic evaluation: every 4 epoch(s))...
Validation complete: 1561 batches

Computing mAP (this may take a while)...
  Eval filters: score≥0.3000, IoU≥0.50
  Images: 3,121
  Total detections (post score filter): 56,771 (18.2 per image)
  Total ground truths: 57,768 (18.5 per image)
  Warning: Large number of detections may slow down mAP computation
  Consider increasing evaluation.train_val_score_threshold (current: 0.3) for faster mAP matching
  Computing AP for baseball-diamond: 428 dets, 364 GTs (155,792 IoU calculations)
  Computing AP for bridge: 625 dets, 666 GTs (416,250 IoU calculations)
  WARNING: harbor has 14,166,208 IoU calculations (3,296 dets × 4,298 GTs). This will be slow!
  Computing AP for harbor: 3,296 dets, 4,298 GTs (14,166,208 IoU calculations)
    Using chunked batch IoU computation (GPU-accelerated) for harbor (14,166,208 calculations)
    Processing 3,296 detections in chunks of 1,163
  WARNING: large-vehicle has 86,517,988 IoU calculations (9,206 dets × 9,398 GTs). This will be slow!
  Computing AP for large-vehicle: 9,206 dets, 9,398 GTs (86,517,988 IoU calculations)
    Using chunked batch IoU computation (GPU-accelerated) for large-vehicle (86,517,988 calculations)
    Processing 9,206 detections in chunks of 532
  WARNING: plane has 22,018,074 IoU calculations (4,654 dets × 4,731 GTs). This will be slow!
  Computing AP for plane: 4,654 dets, 4,731 GTs (22,018,074 IoU calculations)
    Using chunked batch IoU computation (GPU-accelerated) for plane (22,018,074 calculations)
    Processing 4,654 detections in chunks of 1,056
  WARNING: ship has 341,118,270 IoU calculations (18,405 dets × 18,534 GTs). This will be slow!
  Computing AP for ship: 18,405 dets, 18,534 GTs (341,118,270 IoU calculations)
    Using chunked batch IoU computation (GPU-accelerated) for ship (341,118,270 calculations)
    Processing 18,405 detections in chunks of 269
  WARNING: small-vehicle has 144,926,677 IoU calculations (12,761 dets × 11,357 GTs). This will be slow!
  Computing AP for small-vehicle: 12,761 dets, 11,357 GTs (144,926,677 IoU calculations)
    Using chunked batch IoU computation (GPU-accelerated) for small-vehicle (144,926,677 calculations)
    Processing 12,761 detections in chunks of 440
  WARNING: storage-tank has 19,630,962 IoU calculations (3,902 dets × 5,031 GTs). This will be slow!
  Computing AP for storage-tank: 3,902 dets, 5,031 GTs (19,630,962 IoU calculations)
    Using chunked batch IoU computation (GPU-accelerated) for storage-tank (19,630,962 calculations)
    Processing 3,902 detections in chunks of 993
  Computing AP for swimming-pool: 703 dets, 693 GTs (487,179 IoU calculations)
  Computing AP for tennis-court: 1,512 dets, 1,529 GTs (2,311,848 IoU calculations)
  mAP computation completed in 9m 14s. mAP: 0.7570
Validation Metrics:
--------------------------------------------------
  Eval thresholds (mAP / matching): score≥0.3000, IoU≥0.50
  Avg Detections per Image (score≥0.3000): 14.85  ↑0.18
  Avg Detections per Image (score≥0.5): 8.77  ↑0.20
  Max detection score: 1.000
  Mean detection score: 0.220
  Time per Step: 0.2777  ↑0.0039
  Accuracy: 0.8216 (82.16%)
  Correct Predictions: 46642/56771 (matched detections)
  Ground Truth objects: 57768
  GT covered pre-eval-threshold: 51852/57768
  GT covered post-eval-threshold: 46672/57768
  GT lost by eval-threshold filtering: 5180
  GT cover rate pre-eval-threshold: 89.76%
  GT cover rate post-eval-threshold: 80.79%
  GT IoU vs raw dets (eval IoU threshold=0.50; per-GT max IoU over all dets / over same-class dets):
    mean best IoU (any class): 0.7270, median: 0.7742
    mean best IoU (correct class): 0.7213, median: 0.7730
    per-class mean best IoU (raw detections):
      | class              | gts | mean_any | mean_same | med_same |
      |--------------------|-----:|----------:|-----------:|----------:|
      | baseball-diamond   | 364 |   0.7827 |    0.7825 |   0.8045 |
      | basketball-court   | 278 |   0.8411 |    0.8401 |   0.8744 |
      | bridge             | 666 |   0.6059 |    0.5948 |   0.6552 |
      | ground-track-field | 216 |   0.7970 |    0.7953 |   0.8313 |
      | harbor             | 4298 |   0.6650 |    0.6572 |   0.7021 |
      | helicopter         | 157 |   0.7428 |    0.7008 |   0.7542 |
      | large-vehicle      | 9398 |   0.7445 |    0.7287 |   0.7719 |
      | plane              | 4731 |   0.8112 |    0.8104 |   0.8483 |
      | roundabout         | 256 |   0.7700 |    0.7544 |   0.8383 |
      | ship               | 18534 |   0.7432 |    0.7411 |   0.7763 |
      | small-vehicle      | 11357 |   0.6941 |    0.6899 |   0.7424 |
      | soccer-ball-field  | 260 |   0.7377 |    0.7281 |   0.8390 |
      | storage-tank       | 5031 |   0.6542 |    0.6503 |   0.7563 |
      | swimming-pool      | 693 |   0.6241 |    0.6111 |   0.6693 |
      | tennis-court       | 1529 |   0.8652 |    0.8596 |   0.8859 |
      | global             | 57768 |   0.7270 |    0.7213 |   0.7730 |
    GTs with IoU≥thresh but no same-class hit (wrong-class / misaligned): 393
    GTs with no detection above IoU thresh (missed / poor loc): 5459
    GTs with 0% best IoU vs any detection (no spatial overlap): 523 (0.91% of GTs)
    histogram best IoU (any class) [0,0.25)/[0.25,0.5)/[0.5,0.75)/[0.75,1]: 1755/3704/18661/33648
    histogram best IoU (correct class) [0,0.25)/[0.25,0.5)/[0.5,0.75)/[0.75,1]: 2225/3627/18545/33371
  Class-agnostic duplicate rate (post score thresh; IoU≥0.50 vs a higher-score box): micro=0.71% (402/56771 boxes), macro mean over images with detections=1.25% (3002 images)
  mAP: 0.7570  ↑0.0742 (75.70%)
  Per-Class AP:
    baseball-diamond: 0.8960  ↑0.0848 (89.60%)
    basketball-court: 0.9026  ↑0.0027 (90.26%)
    bridge: 0.4794  ↑0.3129 (47.94%)
    ground-track-field: 0.8902  ↑0.0094 (89.02%)
    harbor: 0.6057  ↑0.1731 (60.57%)
    helicopter: 0.7845  ↑0.0295 (78.45%)
    large-vehicle: 0.7688  ↑0.1666 (76.88%)
    plane: 0.9072  ↑0.0897 (90.72%)
    roundabout: 0.7929  ↑0.0077 (79.29%)
    ship: 0.8010  ↑0.0905 (80.10%)
    small-vehicle: 0.6814  ↑0.0876 (68.14%)
    soccer-ball-field: 0.7153  ↑0.0054 (71.53%)
    storage-tank: 0.6217  ↑0.0333 (62.17%)
    swimming-pool: 0.5994  ↑0.0199 (59.94%)
    tennis-court: 0.9091  ↑0.0001 (90.91%)
  Ground Truth Classes: 15 classes
  Predicted Classes: 15 classes
  Timing: 47m 7s this epoch (avg 40m 9s) | ETA ~10h 42m for 16 epoch(s) left, mAP every 4 epoch(s).

Epoch 21/36
--------------------------------------------------
Epoch 21/36 complete: 6846/6846 batches, loss: 0.6022
  Effective LR: ref=2.500e-03 (0=2.500e-03)
  RetinaNet assign: pos=280.2, neg=391838.2, ignore=684.9
Validation complete: 1561 batches
Validation Metrics:
--------------------------------------------------
  Eval thresholds (mAP / matching): score≥0.3000, IoU≥0.50
  Avg Detections per Image (score≥0.3000): 14.91  ↑0.06
  Avg Detections per Image (score≥0.5): 8.75  ↓0.02
  Max detection score: 0.999
  Mean detection score: 0.209
  Time per Step: 0.2749  ↑0.0028
  Accuracy / GT cover: (skipped — computed on mAP epochs)
  Ground Truth objects: 57768
  mAP: (skipped)
  Ground Truth Classes: 15 classes
  Predicted Classes: 15 classes
  Timing: 36m 6s this epoch (avg 39m 58s) | ETA ~9h 59m for 15 epoch(s) left, mAP every 4 epoch(s).

Epoch 22/36
--------------------------------------------------
Epoch 22/36 complete: 6846/6846 batches, loss: 0.5934
  Effective LR: ref=2.500e-03 (0=2.500e-03)
  RetinaNet assign: pos=280.2, neg=391838.2, ignore=684.9
Validation complete: 1561 batches
Validation Metrics:
--------------------------------------------------
  Eval thresholds (mAP / matching): score≥0.3000, IoU≥0.50
  Avg Detections per Image (score≥0.3000): 15.06  ↑0.15
  Avg Detections per Image (score≥0.5): 8.94  ↑0.19
  Max detection score: 0.999
  Mean detection score: 0.280
  Time per Step: 0.2713  ↑0.0037
  Accuracy / GT cover: (skipped — computed on mAP epochs)
  Ground Truth objects: 57768
  mAP: (skipped)
  Ground Truth Classes: 15 classes
  Predicted Classes: 15 classes
  Timing: 35m 21s this epoch (avg 39m 45s) | ETA ~9h 16m for 14 epoch(s) left, mAP every 4 epoch(s).

Epoch 23/36
--------------------------------------------------
Epoch 23/36 complete: 6846/6846 batches, loss: 0.5853
  Effective LR: ref=2.500e-03 (0=2.500e-03)
  RetinaNet assign: pos=280.2, neg=391838.2, ignore=684.9
Validation complete: 1561 batches
Validation Metrics:
--------------------------------------------------
  Eval thresholds (mAP / matching): score≥0.3000, IoU≥0.50
  Avg Detections per Image (score≥0.3000): 15.12  ↑0.06
  Avg Detections per Image (score≥0.5): 9.03  ↑0.09
  Max detection score: 0.999
  Mean detection score: 0.284
  Time per Step: 0.2679  ↑0.0034
  Accuracy / GT cover: (skipped — computed on mAP epochs)
  Ground Truth objects: 57768
  mAP: (skipped)
  Ground Truth Classes: 15 classes
  Predicted Classes: 15 classes
  Timing: 35m 21s this epoch (avg 39m 34s) | ETA ~8h 34m for 13 epoch(s) left, mAP every 4 epoch(s).

Epoch 24/36
--------------------------------------------------
Epoch 24/36 complete: 6846/6846 batches, loss: 0.5777
  Effective LR: ref=2.500e-03 (0=2.500e-03)
  RetinaNet assign: pos=280.2, neg=391838.2, ignore=684.9

Computing mAP (periodic evaluation: every 4 epoch(s))...
Validation complete: 1561 batches

Computing mAP (this may take a while)...
  Eval filters: score≥0.3000, IoU≥0.50
  Images: 3,121
  Total detections (post score filter): 53,391 (17.1 per image)
  Total ground truths: 57,768 (18.5 per image)
  Warning: Large number of detections may slow down mAP computation
  Consider increasing evaluation.train_val_score_threshold (current: 0.3) for faster mAP matching
  Computing AP for baseball-diamond: 378 dets, 364 GTs (137,592 IoU calculations)
  Computing AP for bridge: 502 dets, 666 GTs (334,332 IoU calculations)
  WARNING: harbor has 13,684,832 IoU calculations (3,184 dets × 4,298 GTs). This will be slow!
  Computing AP for harbor: 3,184 dets, 4,298 GTs (13,684,832 IoU calculations)
    Using chunked batch IoU computation (GPU-accelerated) for harbor (13,684,832 calculations)
    Processing 3,184 detections in chunks of 1,163
  WARNING: large-vehicle has 71,283,830 IoU calculations (7,585 dets × 9,398 GTs). This will be slow!
  Computing AP for large-vehicle: 7,585 dets, 9,398 GTs (71,283,830 IoU calculations)
    Using chunked batch IoU computation (GPU-accelerated) for large-vehicle (71,283,830 calculations)
    Processing 7,585 detections in chunks of 532
  WARNING: plane has 21,199,611 IoU calculations (4,481 dets × 4,731 GTs). This will be slow!
  Computing AP for plane: 4,481 dets, 4,731 GTs (21,199,611 IoU calculations)
    Using chunked batch IoU computation (GPU-accelerated) for plane (21,199,611 calculations)
    Processing 4,481 detections in chunks of 1,056
  WARNING: ship has 347,215,956 IoU calculations (18,734 dets × 18,534 GTs). This will be slow!
  Computing AP for ship: 18,734 dets, 18,534 GTs (347,215,956 IoU calculations)
    Using chunked batch IoU computation (GPU-accelerated) for ship (347,215,956 calculations)
    Processing 18,734 detections in chunks of 269
  WARNING: small-vehicle has 127,868,463 IoU calculations (11,259 dets × 11,357 GTs). This will be slow!
  Computing AP for small-vehicle: 11,259 dets, 11,357 GTs (127,868,463 IoU calculations)
    Using chunked batch IoU computation (GPU-accelerated) for small-vehicle (127,868,463 calculations)
    Processing 11,259 detections in chunks of 440
  WARNING: storage-tank has 18,826,002 IoU calculations (3,742 dets × 5,031 GTs). This will be slow!
  Computing AP for storage-tank: 3,742 dets, 5,031 GTs (18,826,002 IoU calculations)
    Using chunked batch IoU computation (GPU-accelerated) for storage-tank (18,826,002 calculations)
    Processing 3,742 detections in chunks of 993
  Computing AP for swimming-pool: 662 dets, 693 GTs (458,766 IoU calculations)
  Computing AP for tennis-court: 1,591 dets, 1,529 GTs (2,432,639 IoU calculations)
  mAP computation completed in 8m 50s. mAP: 0.7631
Validation Metrics:
--------------------------------------------------
  Eval thresholds (mAP / matching): score≥0.3000, IoU≥0.50
  Avg Detections per Image (score≥0.3000): 15.20  ↑0.08
  Avg Detections per Image (score≥0.5): 9.15  ↑0.12
  Max detection score: 0.998
  Mean detection score: 0.256
  Time per Step: 0.2652  ↑0.0027
  Accuracy: 0.8553 (85.53%)
  Correct Predictions: 45665/53391 (matched detections)
  Ground Truth objects: 57768
  GT covered pre-eval-threshold: 51953/57768
  GT covered post-eval-threshold: 45693/57768
  GT lost by eval-threshold filtering: 6260
  GT cover rate pre-eval-threshold: 89.93%
  GT cover rate post-eval-threshold: 79.10%
  GT IoU vs raw dets (eval IoU threshold=0.50; per-GT max IoU over all dets / over same-class dets):
    mean best IoU (any class): 0.7301, median: 0.7779
    mean best IoU (correct class): 0.7238, median: 0.7767
    per-class mean best IoU (raw detections):
      | class              | gts | mean_any | mean_same | med_same |
      |--------------------|-----:|----------:|-----------:|----------:|
      | baseball-diamond   | 364 |   0.7914 |    0.7912 |   0.8221 |
      | basketball-court   | 278 |   0.8648 |    0.8642 |   0.8791 |
      | bridge             | 666 |   0.6135 |    0.6083 |   0.6560 |
      | ground-track-field | 216 |   0.8086 |    0.8071 |   0.8468 |
      | harbor             | 4298 |   0.6633 |    0.6582 |   0.6993 |
      | helicopter         | 157 |   0.7603 |    0.7188 |   0.7649 |
      | large-vehicle      | 9398 |   0.7494 |    0.7227 |   0.7784 |
      | plane              | 4731 |   0.8123 |    0.8114 |   0.8550 |
      | roundabout         | 256 |   0.7737 |    0.7518 |   0.8325 |
      | ship               | 18534 |   0.7469 |    0.7460 |   0.7798 |
      | small-vehicle      | 11357 |   0.6971 |    0.6948 |   0.7473 |
      | soccer-ball-field  | 260 |   0.7624 |    0.7515 |   0.8507 |
      | storage-tank       | 5031 |   0.6492 |    0.6478 |   0.7228 |
      | swimming-pool      | 693 |   0.6423 |    0.6322 |   0.6784 |
      | tennis-court       | 1529 |   0.8750 |    0.8696 |   0.8862 |
      | global             | 57768 |   0.7301 |    0.7238 |   0.7767 |
    GTs with IoU≥thresh but no same-class hit (wrong-class / misaligned): 418
    GTs with no detection above IoU thresh (missed / poor loc): 5356
    GTs with 0% best IoU vs any detection (no spatial overlap): 555 (0.96% of GTs)
    histogram best IoU (any class) [0,0.25)/[0.25,0.5)/[0.5,0.75)/[0.75,1]: 1630/3726/18188/34224
    histogram best IoU (correct class) [0,0.25)/[0.25,0.5)/[0.5,0.75)/[0.75,1]: 2124/3650/18091/33903
  Class-agnostic duplicate rate (post score thresh; IoU≥0.50 vs a higher-score box): micro=0.63% (339/53391 boxes), macro mean over images with detections=1.14% (2964 images)
  mAP: 0.7631  ↑0.0061 (76.31%)
  Per-Class AP:
    baseball-diamond: 0.9003  ↑0.0043 (90.03%)
    basketball-court: 0.9055  ↑0.0029 (90.55%)
    bridge: 0.5039  ↑0.0245 (50.39%)
    ground-track-field: 0.8986  ↑0.0085 (89.86%)
    harbor: 0.6112  ↑0.0055 (61.12%)
    helicopter: 0.8119  ↑0.0274 (81.19%)
    large-vehicle: 0.6968  ↓0.0719 (69.68%)
    plane: 0.9062  ↓0.0011 (90.62%)
    roundabout: 0.7231  ↓0.0698 (72.31%)
    ship: 0.8011  ↑0.0001 (80.11%)
    small-vehicle: 0.6785  ↓0.0028 (67.85%)
    soccer-ball-field: 0.7941  ↑0.0787 (79.41%)
    storage-tank: 0.6244  ↑0.0026 (62.44%)
    swimming-pool: 0.6819  ↑0.0825 (68.19%)
    tennis-court: 0.9091  →0.0000 (90.91%)
  Ground Truth Classes: 15 classes
  Predicted Classes: 15 classes
  Timing: 46m 39s this epoch (avg 39m 51s) | ETA ~7h 58m for 12 epoch(s) left, mAP every 4 epoch(s).

Epoch 25/36
--------------------------------------------------
Epoch 25/36 complete: 6846/6846 batches, loss: 0.5677
  Effective LR: ref=2.500e-04 (0=2.500e-04)
  RetinaNet assign: pos=280.2, neg=391838.2, ignore=684.9
Validation complete: 1561 batches
Validation Metrics:
--------------------------------------------------
  Eval thresholds (mAP / matching): score≥0.3000, IoU≥0.50
  Avg Detections per Image (score≥0.3000): 15.28  ↑0.08
  Avg Detections per Image (score≥0.5): 9.26  ↑0.11
  Max detection score: 0.999
  Mean detection score: 0.296
  Time per Step: 0.2614  ↑0.0037
  Accuracy / GT cover: (skipped — computed on mAP epochs)
  Ground Truth objects: 57768
  mAP: (skipped)
  Ground Truth Classes: 15 classes
  Predicted Classes: 15 classes
  Timing: 34m 45s this epoch (avg 39m 39s) | ETA ~7h 16m for 11 epoch(s) left, mAP every 4 epoch(s).

Epoch 26/36
--------------------------------------------------
Epoch 26/36 complete: 6846/6846 batches, loss: 0.5579
  Effective LR: ref=2.500e-04 (0=2.500e-04)
  RetinaNet assign: pos=280.2, neg=391838.2, ignore=684.9
Validation complete: 1561 batches
Validation Metrics:
--------------------------------------------------
  Eval thresholds (mAP / matching): score≥0.3000, IoU≥0.50
  Avg Detections per Image (score≥0.3000): 15.34  ↑0.06
  Avg Detections per Image (score≥0.5): 9.37  ↑0.10
  Max detection score: 1.000
  Mean detection score: 0.304
  Time per Step: 0.2576  ↑0.0038
  Accuracy / GT cover: (skipped — computed on mAP epochs)
  Ground Truth objects: 57768
  mAP: (skipped)
  Ground Truth Classes: 15 classes
  Predicted Classes: 15 classes
  Timing: 34m 33s this epoch (avg 39m 27s) | ETA ~6h 34m for 10 epoch(s) left, mAP every 4 epoch(s).

Epoch 27/36
--------------------------------------------------
Epoch 27/36 complete: 6846/6846 batches, loss: 0.5485
  Effective LR: ref=2.500e-04 (0=2.500e-04)
  RetinaNet assign: pos=280.2, neg=391838.2, ignore=684.9
Validation complete: 1561 batches
Validation Metrics:
--------------------------------------------------
  Eval thresholds (mAP / matching): score≥0.3000, IoU≥0.50
  Avg Detections per Image (score≥0.3000): 15.41  ↑0.07
  Avg Detections per Image (score≥0.5): 9.48  ↑0.11
  Max detection score: 1.000
  Mean detection score: 0.317
  Time per Step: 0.2542  ↑0.0035
  Accuracy / GT cover: (skipped — computed on mAP epochs)
  Ground Truth objects: 57768
  mAP: (skipped)
  Ground Truth Classes: 15 classes
  Predicted Classes: 15 classes
  Timing: 34m 36s this epoch (avg 39m 16s) | ETA ~5h 53m for 9 epoch(s) left, mAP every 4 epoch(s).

Epoch 28/36
--------------------------------------------------
Epoch 28/36 complete: 6846/6846 batches, loss: 0.5396
  Effective LR: ref=2.500e-04 (0=2.500e-04)
  RetinaNet assign: pos=280.2, neg=391838.2, ignore=684.9

Computing mAP (periodic evaluation: every 4 epoch(s))...
Validation complete: 1561 batches

Computing mAP (this may take a while)...
  Eval filters: score≥0.3000, IoU≥0.50
  Images: 3,121
  Total detections (post score filter): 54,619 (17.5 per image)
  Total ground truths: 57,768 (18.5 per image)
  Warning: Large number of detections may slow down mAP computation
  Consider increasing evaluation.train_val_score_threshold (current: 0.3) for faster mAP matching
  Computing AP for baseball-diamond: 375 dets, 364 GTs (136,500 IoU calculations)
  Computing AP for bridge: 539 dets, 666 GTs (358,974 IoU calculations)
  WARNING: harbor has 14,664,776 IoU calculations (3,412 dets × 4,298 GTs). This will be slow!
  Computing AP for harbor: 3,412 dets, 4,298 GTs (14,664,776 IoU calculations)
    Using chunked batch IoU computation (GPU-accelerated) for harbor (14,664,776 calculations)
    Processing 3,412 detections in chunks of 1,163
  WARNING: large-vehicle has 84,271,866 IoU calculations (8,967 dets × 9,398 GTs). This will be slow!
  Computing AP for large-vehicle: 8,967 dets, 9,398 GTs (84,271,866 IoU calculations)
    Using chunked batch IoU computation (GPU-accelerated) for large-vehicle (84,271,866 calculations)
    Processing 8,967 detections in chunks of 532
  WARNING: plane has 21,630,132 IoU calculations (4,572 dets × 4,731 GTs). This will be slow!
  Computing AP for plane: 4,572 dets, 4,731 GTs (21,630,132 IoU calculations)
    Using chunked batch IoU computation (GPU-accelerated) for plane (21,630,132 calculations)
    Processing 4,572 detections in chunks of 1,056
  WARNING: ship has 346,270,722 IoU calculations (18,683 dets × 18,534 GTs). This will be slow!
  Computing AP for ship: 18,683 dets, 18,534 GTs (346,270,722 IoU calculations)
    Using chunked batch IoU computation (GPU-accelerated) for ship (346,270,722 calculations)
    Processing 18,683 detections in chunks of 269
  WARNING: small-vehicle has 119,259,857 IoU calculations (10,501 dets × 11,357 GTs). This will be slow!
  Computing AP for small-vehicle: 10,501 dets, 11,357 GTs (119,259,857 IoU calculations)
    Using chunked batch IoU computation (GPU-accelerated) for small-vehicle (119,259,857 calculations)
    Processing 10,501 detections in chunks of 440
  WARNING: storage-tank has 20,521,449 IoU calculations (4,079 dets × 5,031 GTs). This will be slow!
  Computing AP for storage-tank: 4,079 dets, 5,031 GTs (20,521,449 IoU calculations)
    Using chunked batch IoU computation (GPU-accelerated) for storage-tank (20,521,449 calculations)
    Processing 4,079 detections in chunks of 993
  Computing AP for swimming-pool: 706 dets, 693 GTs (489,258 IoU calculations)
  Computing AP for tennis-court: 1,521 dets, 1,529 GTs (2,325,609 IoU calculations)
  mAP computation completed in 8m 55s. mAP: 0.7968
Validation Metrics:
--------------------------------------------------
  Eval thresholds (mAP / matching): score≥0.3000, IoU≥0.50
  Avg Detections per Image (score≥0.3000): 15.48  ↑0.07
  Avg Detections per Image (score≥0.5): 9.60  ↑0.12
  Max detection score: 1.000
  Mean detection score: 0.292
  Time per Step: 0.2510  ↑0.0032
  Accuracy: 0.8744 (87.44%)
  Correct Predictions: 47758/54619 (matched detections)
  Ground Truth objects: 57768
  GT covered pre-eval-threshold: 53071/57768
  GT covered post-eval-threshold: 47780/57768
  GT lost by eval-threshold filtering: 5291
  GT cover rate pre-eval-threshold: 91.87%
  GT cover rate post-eval-threshold: 82.71%
  GT IoU vs raw dets (eval IoU threshold=0.50; per-GT max IoU over all dets / over same-class dets):
    mean best IoU (any class): 0.7550, median: 0.8007
    mean best IoU (correct class): 0.7507, median: 0.8001
    per-class mean best IoU (raw detections):
      | class              | gts | mean_any | mean_same | med_same |
      |--------------------|-----:|----------:|-----------:|----------:|
      | baseball-diamond   | 364 |   0.8269 |    0.8264 |   0.8507 |
      | basketball-court   | 278 |   0.8859 |    0.8829 |   0.8992 |
      | bridge             | 666 |   0.6586 |    0.6548 |   0.7072 |
      | ground-track-field | 216 |   0.8367 |    0.8355 |   0.8744 |
      | harbor             | 4298 |   0.7104 |    0.7073 |   0.7493 |
      | helicopter         | 157 |   0.7741 |    0.7527 |   0.7988 |
      | large-vehicle      | 9398 |   0.7802 |    0.7666 |   0.8074 |
      | plane              | 4731 |   0.8318 |    0.8312 |   0.8703 |
      | roundabout         | 255 |   0.8075 |    0.7900 |   0.8713 |
      | ship               | 18534 |   0.7693 |    0.7684 |   0.8019 |
      | small-vehicle      | 11357 |   0.7084 |    0.7029 |   0.7584 |
      | soccer-ball-field  | 260 |   0.7783 |    0.7677 |   0.8792 |
      | storage-tank       | 5031 |   0.6875 |    0.6863 |   0.7873 |
      | swimming-pool      | 693 |   0.6601 |    0.6571 |   0.7066 |
      | tennis-court       | 1529 |   0.9022 |    0.8996 |   0.9135 |
      | global             | 57767 |   0.7550 |    0.7507 |   0.8001 |
    GTs with IoU≥thresh but no same-class hit (wrong-class / misaligned): 289
    GTs with no detection above IoU thresh (missed / poor loc): 4392
    GTs with 0% best IoU vs any detection (no spatial overlap): 510 (0.88% of GTs)
    histogram best IoU (any class) [0,0.25)/[0.25,0.5)/[0.5,0.75)/[0.75,1]: 1575/2817/14667/38708
    histogram best IoU (correct class) [0,0.25)/[0.25,0.5)/[0.5,0.75)/[0.75,1]: 1915/2766/14597/38489
  Class-agnostic duplicate rate (post score thresh; IoU≥0.50 vs a higher-score box): micro=0.45% (246/54619 boxes), macro mean over images with detections=0.94% (3000 images)
  mAP: 0.7968  ↑0.0337 (79.68%)
  Per-Class AP:
    baseball-diamond: 0.9080  ↑0.0077 (90.80%)
    basketball-court: 0.9091  ↑0.0036 (90.91%)
    bridge: 0.5182  ↑0.0143 (51.82%)
    ground-track-field: 0.9073  ↑0.0086 (90.73%)
    harbor: 0.6179  ↑0.0067 (61.79%)
    helicopter: 0.8902  ↑0.0783 (89.02%)
    large-vehicle: 0.7900  ↑0.0931 (79.00%)
    plane: 0.9077  ↑0.0015 (90.77%)
    roundabout: 0.8144  ↑0.0913 (81.44%)
    ship: 0.8864  ↑0.0853 (88.64%)
    small-vehicle: 0.6906  ↑0.0121 (69.06%)
    soccer-ball-field: 0.7998  ↑0.0057 (79.98%)
    storage-tank: 0.7084  ↑0.0840 (70.84%)
    swimming-pool: 0.6944  ↑0.0125 (69.44%)
    tennis-court: 0.9091  →0.0000 (90.91%)
  Ground Truth Classes: 15 classes
  Predicted Classes: 15 classes
  Timing: 45m 44s this epoch (avg 39m 30s) | ETA ~5h 16m for 8 epoch(s) left, mAP every 4 epoch(s).

Epoch 29/36
--------------------------------------------------
Epoch 29/36 complete: 6846/6846 batches, loss: 0.5312
  Effective LR: ref=2.500e-04 (0=2.500e-04)
  RetinaNet assign: pos=280.2, neg=391838.2, ignore=684.9
Validation complete: 1561 batches
Validation Metrics:
--------------------------------------------------
  Eval thresholds (mAP / matching): score≥0.3000, IoU≥0.50
  Avg Detections per Image (score≥0.3000): 15.54  ↑0.06
  Avg Detections per Image (score≥0.5): 9.69  ↑0.10
  Max detection score: 1.000
  Mean detection score: 0.320
  Time per Step: 0.2479  ↑0.0031
  Accuracy / GT cover: (skipped — computed on mAP epochs)
  Ground Truth objects: 57768
  mAP: (skipped)
  Ground Truth Classes: 15 classes
  Predicted Classes: 15 classes
  Timing: 34m 27s this epoch (avg 39m 20s) | ETA ~4h 35m for 7 epoch(s) left, mAP every 4 epoch(s).

Epoch 30/36
--------------------------------------------------
Epoch 30/36 complete: 6846/6846 batches, loss: 0.5232
  Effective LR: ref=2.500e-04 (0=2.500e-04)
  RetinaNet assign: pos=280.2, neg=391838.2, ignore=684.9
Validation complete: 1561 batches
Validation Metrics:
--------------------------------------------------
  Eval thresholds (mAP / matching): score≥0.3000, IoU≥0.50
  Avg Detections per Image (score≥0.3000): 15.60  ↑0.06
  Avg Detections per Image (score≥0.5): 9.79  ↑0.10
  Max detection score: 1.000
  Mean detection score: 0.329
  Time per Step: 0.2448  ↑0.0030
  Accuracy / GT cover: (skipped — computed on mAP epochs)
  Ground Truth objects: 57768
  mAP: (skipped)
  Ground Truth Classes: 15 classes
  Predicted Classes: 15 classes
  Timing: 34m 22s this epoch (avg 39m 10s) | ETA ~3h 54m for 6 epoch(s) left, mAP every 4 epoch(s).

Epoch 31/36
--------------------------------------------------
Epoch 31/36 complete: 6846/6846 batches, loss: 0.5156
  Effective LR: ref=2.500e-04 (0=2.500e-04)
  RetinaNet assign: pos=280.2, neg=391838.2, ignore=684.9
Validation complete: 1561 batches
Validation Metrics:
--------------------------------------------------
  Eval thresholds (mAP / matching): score≥0.3000, IoU≥0.50
  Avg Detections per Image (score≥0.3000): 15.66  ↑0.05
  Avg Detections per Image (score≥0.5): 9.87  ↑0.08
  Max detection score: 1.000
  Mean detection score: 0.309
  Time per Step: 0.2420  ↑0.0028
  Accuracy / GT cover: (skipped — computed on mAP epochs)
  Ground Truth objects: 57768
  mAP: (skipped)
  Ground Truth Classes: 15 classes
  Predicted Classes: 15 classes
  Timing: 34m 25s this epoch (avg 39m 1s) | ETA ~3h 15m for 5 epoch(s) left, mAP every 4 epoch(s).

Epoch 32/36
--------------------------------------------------
Epoch 32/36 complete: 6846/6846 batches, loss: 0.5084
  Effective LR: ref=2.500e-04 (0=2.500e-04)
  RetinaNet assign: pos=280.2, neg=391838.2, ignore=684.9

Computing mAP (periodic evaluation: every 4 epoch(s))...
Validation complete: 1561 batches

Computing mAP (this may take a while)...
  Eval filters: score≥0.3000, IoU≥0.50
  Images: 3,121
  Total detections (post score filter): 53,444 (17.1 per image)
  Total ground truths: 57,768 (18.5 per image)
  Warning: Large number of detections may slow down mAP computation
  Consider increasing evaluation.train_val_score_threshold (current: 0.3) for faster mAP matching
  Computing AP for baseball-diamond: 373 dets, 364 GTs (135,772 IoU calculations)
  Computing AP for bridge: 567 dets, 666 GTs (377,622 IoU calculations)
  WARNING: harbor has 15,068,788 IoU calculations (3,506 dets × 4,298 GTs). This will be slow!
  Computing AP for harbor: 3,506 dets, 4,298 GTs (15,068,788 IoU calculations)
    Using chunked batch IoU computation (GPU-accelerated) for harbor (15,068,788 calculations)
    Processing 3,506 detections in chunks of 1,163
  WARNING: large-vehicle has 85,324,442 IoU calculations (9,079 dets × 9,398 GTs). This will be slow!
  Computing AP for large-vehicle: 9,079 dets, 9,398 GTs (85,324,442 IoU calculations)
    Using chunked batch IoU computation (GPU-accelerated) for large-vehicle (85,324,442 calculations)
    Processing 9,079 detections in chunks of 532
  WARNING: plane has 21,653,787 IoU calculations (4,577 dets × 4,731 GTs). This will be slow!
  Computing AP for plane: 4,577 dets, 4,731 GTs (21,653,787 IoU calculations)
    Using chunked batch IoU computation (GPU-accelerated) for plane (21,653,787 calculations)
    Processing 4,577 detections in chunks of 1,056
  WARNING: ship has 337,448,538 IoU calculations (18,207 dets × 18,534 GTs). This will be slow!
  Computing AP for ship: 18,207 dets, 18,534 GTs (337,448,538 IoU calculations)
    Using chunked batch IoU computation (GPU-accelerated) for ship (337,448,538 calculations)
    Processing 18,207 detections in chunks of 269
  WARNING: small-vehicle has 108,765,989 IoU calculations (9,577 dets × 11,357 GTs). This will be slow!
  Computing AP for small-vehicle: 9,577 dets, 11,357 GTs (108,765,989 IoU calculations)
    Using chunked batch IoU computation (GPU-accelerated) for small-vehicle (108,765,989 calculations)
    Processing 9,577 detections in chunks of 440
  WARNING: storage-tank has 20,561,697 IoU calculations (4,087 dets × 5,031 GTs). This will be slow!
  Computing AP for storage-tank: 4,087 dets, 5,031 GTs (20,561,697 IoU calculations)
    Using chunked batch IoU computation (GPU-accelerated) for storage-tank (20,561,697 calculations)
    Processing 4,087 detections in chunks of 993
  Computing AP for swimming-pool: 706 dets, 693 GTs (489,258 IoU calculations)
  Computing AP for tennis-court: 1,528 dets, 1,529 GTs (2,336,312 IoU calculations)
  mAP computation completed in 8m 41s. mAP: 0.7977
Validation Metrics:
--------------------------------------------------
  Eval thresholds (mAP / matching): score≥0.3000, IoU≥0.50
  Avg Detections per Image (score≥0.3000): 15.70  ↑0.05
  Avg Detections per Image (score≥0.5): 9.95  ↑0.08
  Max detection score: 1.000
  Mean detection score: 0.325
  Time per Step: 0.2394  ↑0.0026
  Accuracy: 0.8868 (88.68%)
  Correct Predictions: 47394/53444 (matched detections)
  Ground Truth objects: 57768
  GT covered pre-eval-threshold: 53045/57768
  GT covered post-eval-threshold: 47421/57768
  GT lost by eval-threshold filtering: 5624
  GT cover rate pre-eval-threshold: 91.82%
  GT cover rate post-eval-threshold: 82.09%
  GT IoU vs raw dets (eval IoU threshold=0.50; per-GT max IoU over all dets / over same-class dets):
    mean best IoU (any class): 0.7564, median: 0.8028
    mean best IoU (correct class): 0.7526, median: 0.8022
    per-class mean best IoU (raw detections):
      | class              | gts | mean_any | mean_same | med_same |
      |--------------------|-----:|----------:|-----------:|----------:|
      | baseball-diamond   | 364 |   0.8349 |    0.8346 |   0.8583 |
      | basketball-court   | 278 |   0.8933 |    0.8901 |   0.9065 |
      | bridge             | 666 |   0.6554 |    0.6529 |   0.7022 |
      | ground-track-field | 216 |   0.8390 |    0.8386 |   0.8726 |
      | harbor             | 4298 |   0.7149 |    0.7123 |   0.7536 |
      | helicopter         | 157 |   0.7722 |    0.7562 |   0.7981 |
      | large-vehicle      | 9398 |   0.7832 |    0.7756 |   0.8119 |
      | plane              | 4731 |   0.8337 |    0.8335 |   0.8733 |
      | roundabout         | 255 |   0.8192 |    0.8045 |   0.8755 |
      | ship               | 18534 |   0.7711 |    0.7699 |   0.8036 |
      | small-vehicle      | 11357 |   0.7056 |    0.6969 |   0.7609 |
      | soccer-ball-field  | 260 |   0.7822 |    0.7706 |   0.8859 |
      | storage-tank       | 5031 |   0.6886 |    0.6878 |   0.7852 |
      | swimming-pool      | 693 |   0.6645 |    0.6643 |   0.7097 |
      | tennis-court       | 1529 |   0.9066 |    0.9039 |   0.9177 |
      | global             | 57767 |   0.7564 |    0.7526 |   0.8022 |
    GTs with IoU≥thresh but no same-class hit (wrong-class / misaligned): 263
    GTs with no detection above IoU thresh (missed / poor loc): 4451
    GTs with 0% best IoU vs any detection (no spatial overlap): 580 (1.00% of GTs)
    histogram best IoU (any class) [0,0.25)/[0.25,0.5)/[0.5,0.75)/[0.75,1]: 1708/2743/14097/39219
    histogram best IoU (correct class) [0,0.25)/[0.25,0.5)/[0.5,0.75)/[0.75,1]: 1993/2721/14053/39000
  Class-agnostic duplicate rate (post score thresh; IoU≥0.50 vs a higher-score box): micro=0.42% (222/53444 boxes), macro mean over images with detections=0.98% (3003 images)
  mAP: 0.7977  ↑0.0009 (79.77%)
  Per-Class AP:
    baseball-diamond: 0.9086  ↑0.0006 (90.86%)
    basketball-court: 0.9091  →0.0000 (90.91%)
    bridge: 0.5918  ↑0.0736 (59.18%)
    ground-track-field: 0.9078  ↑0.0005 (90.78%)
    harbor: 0.7009  ↑0.0830 (70.09%)
    helicopter: 0.8926  ↑0.0024 (89.26%)
    large-vehicle: 0.7877  ↓0.0022 (78.77%)
    plane: 0.9074  ↓0.0003 (90.74%)
    roundabout: 0.8136  ↓0.0008 (81.36%)
    ship: 0.8049  ↓0.0815 (80.49%)
    small-vehicle: 0.6180  ↓0.0727 (61.80%)
    soccer-ball-field: 0.8027  ↑0.0029 (80.27%)
    storage-tank: 0.7088  ↑0.0004 (70.88%)
    swimming-pool: 0.7025  ↑0.0081 (70.25%)
    tennis-court: 0.9091  →0.0000 (90.91%)
  Ground Truth Classes: 15 classes
  Predicted Classes: 15 classes
  Timing: 45m 17s this epoch (avg 39m 12s) | ETA ~2h 36m for 4 epoch(s) left, mAP every 4 epoch(s).

Epoch 33/36
--------------------------------------------------
Epoch 33/36 complete: 6846/6846 batches, loss: 0.5015
  Effective LR: ref=2.500e-04 (0=2.500e-04)
  RetinaNet assign: pos=280.2, neg=391838.2, ignore=684.9
Validation complete: 1561 batches
Validation Metrics:
--------------------------------------------------
  Eval thresholds (mAP / matching): score≥0.3000, IoU≥0.50
  Avg Detections per Image (score≥0.3000): 15.75  ↑0.05
  Avg Detections per Image (score≥0.5): 10.03  ↑0.08
  Max detection score: 1.000
  Mean detection score: 0.329
  Time per Step: 0.2369  ↑0.0025
  Accuracy / GT cover: (skipped — computed on mAP epochs)
  Ground Truth objects: 57768
  mAP: (skipped)
  Ground Truth Classes: 15 classes
  Predicted Classes: 15 classes
  Timing: 34m 23s this epoch (avg 39m 4s) | ETA ~1h 57m for 3 epoch(s) left, mAP every 4 epoch(s).

Epoch 34/36
--------------------------------------------------
Epoch 34/36 complete: 6846/6846 batches, loss: 0.4948
  Effective LR: ref=2.500e-05 (0=2.500e-05)
  RetinaNet assign: pos=280.2, neg=391838.2, ignore=684.9
Validation complete: 1561 batches
Validation Metrics:
--------------------------------------------------
  Eval thresholds (mAP / matching): score≥0.3000, IoU≥0.50
  Avg Detections per Image (score≥0.3000): 15.80  ↑0.04
  Avg Detections per Image (score≥0.5): 10.11  ↑0.07
  Max detection score: 1.000
  Mean detection score: 0.325
  Time per Step: 0.2345  ↑0.0024
  Accuracy / GT cover: (skipped — computed on mAP epochs)
  Ground Truth objects: 57768
  mAP: (skipped)
  Ground Truth Classes: 15 classes
  Predicted Classes: 15 classes
  Timing: 34m 29s this epoch (avg 38m 56s) | ETA ~1h 17m for 2 epoch(s) left, mAP every 4 epoch(s).

Epoch 35/36
--------------------------------------------------
Epoch 35/36 complete: 6846/6846 batches, loss: 0.4886
  Effective LR: ref=2.500e-05 (0=2.500e-05)
  RetinaNet assign: pos=280.2, neg=391838.2, ignore=684.9
Validation complete: 1561 batches
Validation Metrics:
--------------------------------------------------
  Eval thresholds (mAP / matching): score≥0.3000, IoU≥0.50
  Avg Detections per Image (score≥0.3000): 15.84  ↑0.04
  Avg Detections per Image (score≥0.5): 10.18  ↑0.07
  Max detection score: 1.000
  Mean detection score: 0.321
  Time per Step: 0.2323  ↑0.0022
  Accuracy / GT cover: (skipped — computed on mAP epochs)
  Ground Truth objects: 57768
  mAP: (skipped)
  Ground Truth Classes: 15 classes
  Predicted Classes: 15 classes
  Timing: 34m 27s this epoch (avg 38m 48s) | ETA ~38m 48s for 1 epoch(s) left, mAP every 4 epoch(s).

Epoch 36/36
--------------------------------------------------
Epoch 36/36 complete: 6846/6846 batches, loss: 0.4826
  Effective LR: ref=2.500e-05 (0=2.500e-05)
  RetinaNet assign: pos=280.2, neg=391838.2, ignore=684.9

Computing mAP (periodic evaluation: every 4 epoch(s))...
Validation complete: 1561 batches

Computing mAP (this may take a while)...
  Eval filters: score≥0.3000, IoU≥0.50
  Images: 3,121
  Total detections (post score filter): 53,993 (17.3 per image)
  Total ground truths: 57,768 (18.5 per image)
  Warning: Large number of detections may slow down mAP computation
  Consider increasing evaluation.train_val_score_threshold (current: 0.3) for faster mAP matching
  Computing AP for baseball-diamond: 379 dets, 364 GTs (137,956 IoU calculations)
  Computing AP for bridge: 549 dets, 666 GTs (365,634 IoU calculations)
  WARNING: harbor has 14,776,524 IoU calculations (3,438 dets × 4,298 GTs). This will be slow!
  Computing AP for harbor: 3,438 dets, 4,298 GTs (14,776,524 IoU calculations)
    Using chunked batch IoU computation (GPU-accelerated) for harbor (14,776,524 calculations)
    Processing 3,438 detections in chunks of 1,163
  WARNING: large-vehicle has 85,155,278 IoU calculations (9,061 dets × 9,398 GTs). This will be slow!
  Computing AP for large-vehicle: 9,061 dets, 9,398 GTs (85,155,278 IoU calculations)
    Using chunked batch IoU computation (GPU-accelerated) for large-vehicle (85,155,278 calculations)
    Processing 9,061 detections in chunks of 532
  WARNING: plane has 21,653,787 IoU calculations (4,577 dets × 4,731 GTs). This will be slow!
  Computing AP for plane: 4,577 dets, 4,731 GTs (21,653,787 IoU calculations)
    Using chunked batch IoU computation (GPU-accelerated) for plane (21,653,787 calculations)
    Processing 4,577 detections in chunks of 1,056
  WARNING: ship has 337,930,422 IoU calculations (18,233 dets × 18,534 GTs). This will be slow!
  Computing AP for ship: 18,233 dets, 18,534 GTs (337,930,422 IoU calculations)
    Using chunked batch IoU computation (GPU-accelerated) for ship (337,930,422 calculations)
    Processing 18,233 detections in chunks of 269
  WARNING: small-vehicle has 113,592,714 IoU calculations (10,002 dets × 11,357 GTs). This will be slow!
  Computing AP for small-vehicle: 10,002 dets, 11,357 GTs (113,592,714 IoU calculations)
    Using chunked batch IoU computation (GPU-accelerated) for small-vehicle (113,592,714 calculations)
    Processing 10,002 detections in chunks of 440
  WARNING: storage-tank has 21,577,959 IoU calculations (4,289 dets × 5,031 GTs). This will be slow!
  Computing AP for storage-tank: 4,289 dets, 5,031 GTs (21,577,959 IoU calculations)
    Using chunked batch IoU computation (GPU-accelerated) for storage-tank (21,577,959 calculations)
    Processing 4,289 detections in chunks of 993
  Computing AP for swimming-pool: 702 dets, 693 GTs (486,486 IoU calculations)
  Computing AP for tennis-court: 1,543 dets, 1,529 GTs (2,359,247 IoU calculations)
  mAP computation completed in 8m 46s. mAP: 0.8038
Validation Metrics:
--------------------------------------------------
  Eval thresholds (mAP / matching): score≥0.3000, IoU≥0.50
  Avg Detections per Image (score≥0.3000): 15.88  ↑0.04
  Avg Detections per Image (score≥0.5): 10.24  ↑0.07
  Max detection score: 1.000
  Mean detection score: 0.324
  Time per Step: 0.2302  ↑0.0021
  Accuracy: 0.8839 (88.39%)
  Correct Predictions: 47722/53993 (matched detections)
  Ground Truth objects: 57768
  GT covered pre-eval-threshold: 53135/57768
  GT covered post-eval-threshold: 47747/57768
  GT lost by eval-threshold filtering: 5388
  GT cover rate pre-eval-threshold: 91.98%
  GT cover rate post-eval-threshold: 82.65%
  GT IoU vs raw dets (eval IoU threshold=0.50; per-GT max IoU over all dets / over same-class dets):
    mean best IoU (any class): 0.7590, median: 0.8052
    mean best IoU (correct class): 0.7552, median: 0.8046
    per-class mean best IoU (raw detections):
      | class              | gts | mean_any | mean_same | med_same |
      |--------------------|-----:|----------:|-----------:|----------:|
      | baseball-diamond   | 364 |   0.8374 |    0.8370 |   0.8609 |
      | basketball-court   | 278 |   0.8951 |    0.8918 |   0.9086 |
      | bridge             | 666 |   0.6629 |    0.6600 |   0.7074 |
      | ground-track-field | 216 |   0.8442 |    0.8433 |   0.8800 |
      | harbor             | 4298 |   0.7173 |    0.7146 |   0.7593 |
      | helicopter         | 157 |   0.7767 |    0.7581 |   0.8104 |
      | large-vehicle      | 9398 |   0.7845 |    0.7758 |   0.8138 |
      | plane              | 4731 |   0.8348 |    0.8347 |   0.8747 |
      | roundabout         | 255 |   0.8231 |    0.8089 |   0.8804 |
      | ship               | 18534 |   0.7726 |    0.7715 |   0.8058 |
      | small-vehicle      | 11357 |   0.7114 |    0.7042 |   0.7639 |
      | soccer-ball-field  | 260 |   0.7847 |    0.7740 |   0.8929 |
      | storage-tank       | 5031 |   0.6911 |    0.6900 |   0.7887 |
      | swimming-pool      | 693 |   0.6702 |    0.6701 |   0.7109 |
      | tennis-court       | 1529 |   0.9075 |    0.9049 |   0.9186 |
      | global             | 57767 |   0.7590 |    0.7552 |   0.8046 |
    GTs with IoU≥thresh but no same-class hit (wrong-class / misaligned): 251
    GTs with no detection above IoU thresh (missed / poor loc): 4369
    GTs with 0% best IoU vs any detection (no spatial overlap): 527 (0.91% of GTs)
    histogram best IoU (any class) [0,0.25)/[0.25,0.5)/[0.5,0.75)/[0.75,1]: 1600/2769/13778/39620
    histogram best IoU (correct class) [0,0.25)/[0.25,0.5)/[0.5,0.75)/[0.75,1]: 1877/2743/13764/39383
  Class-agnostic duplicate rate (post score thresh; IoU≥0.50 vs a higher-score box): micro=0.40% (214/53993 boxes), macro mean over images with detections=0.95% (3001 images)
  mAP: 0.8038  ↑0.0062 (80.38%)
  Per-Class AP:
    baseball-diamond: 0.9086  ↑0.0000 (90.86%)
    basketball-court: 0.9091  →0.0000 (90.91%)
    bridge: 0.5982  ↑0.0064 (59.82%)
    ground-track-field: 0.9086  ↑0.0009 (90.86%)
    harbor: 0.7016  ↑0.0007 (70.16%)
    helicopter: 0.8968  ↑0.0042 (89.68%)
    large-vehicle: 0.7898  ↑0.0020 (78.98%)
    plane: 0.9077  ↑0.0003 (90.77%)
    roundabout: 0.8136  →0.0000 (81.36%)
    ship: 0.8047  ↓0.0002 (80.47%)
    small-vehicle: 0.6957  ↑0.0777 (69.57%)
    soccer-ball-field: 0.8030  ↑0.0003 (80.30%)
    storage-tank: 0.7082  ↓0.0006 (70.82%)
    swimming-pool: 0.7030  ↑0.0005 (70.30%)
    tennis-court: 0.9091  →0.0000 (90.91%)
  Ground Truth Classes: 15 classes
  Predicted Classes: 15 classes
  Timing: 45m 22s this epoch (avg 38m 59s) | Training loop finished (no final mAP).

================================================================================
Training timing summary
================================================================================
  Started:   2026-09-20T05:42:43+00:00
  Finished:  2026-09-21T05:06:14+00:00
  Total wall: 23h 23m (84211.2 s)
  Epochs:    36 completed (mean 38m 59s, min 34m 22s, max 47m 44s)
================================================================================

================================================================================
Training completed successfully!
================================================================================
Experiment directory: /path/to/oriented-det/runs/rotated_retinanet/20260920-054001
  Checkpoints saved to: /path/to/oriented-det/runs/rotated_retinanet/20260920-054001/checkpoints
  TensorBoard logs saved to: /path/to/oriented-det/runs/rotated_retinanet/20260920-054001
  Config saved to: /path/to/oriented-det/runs/rotated_retinanet/20260920-054001/config.json

View TensorBoard with:
  tensorboard --logdir /path/to/oriented-det/runs/rotated_retinanet
  tensorboard --logdir /path/to/oriented-det/runs/rotated_retinanet/20260920-054001
